[Licensing::Module] Trying to connect to existing licensing client channel...
Built from '6000.3/staging' branch; Version is '6000.3.22f1 (1c726e1fb402) revision 1864302'; Using compiler version '194234433'; Build Type 'Release'
[Licensing::IpcConnector] Channel LicenseClient-chenerxiao doesn't exist
OS: 'Windows 11  (10.0.26100) CoreCountrySpecific' Language: 'zh' Physical Memory: 32189 MB
BatchMode: 1, IsHumanControllingUs: 0, StartBugReporterOnCrash: 0, Is64bit: 1
System  architecture: x64
Process architecture: x64
Date: 2026-09-01T02:56:30Z
[Licensing::Module] Successfully launched the LicensingClient (PId: 44116)
[Licensing::IpcConnector] Successfully connected to: "LicenseClient-chenerxiao" at "2026-09-01T02:56:30.885173Z"
[Licensing::Client] Code 10 while verifying Licensing Client signature (process Id: 44116, path: "F:/Unity/Editors/6000.3.22f1/Editor/Data/Resources/Licensing/Client/Unity.Licensing.Client.exe")
[Licensing::Module] LicensingClient has failed validation; ignoring

COMMAND LINE ARGUMENTS:
F:\Unity\Editors\6000.3.22f1\Editor\Unity.exe
-batchmode
-nographics
-quit
-projectPath
C:\Users\chenerxiao\Desktop\新文化大赛\JiangnanProject
-executeMethod
JiangnanBuild.BuildWebGL
-logFile
C:\Users\chenerxiao\Desktop\新文化大赛\JiangnanProject\QA\build-webgl-external-media-final.log
Successfully changed project path to: C:\Users\chenerxiao\Desktop\新文化大赛\JiangnanProject
C:/Users/chenerxiao/Desktop/新文化大赛/JiangnanProject
[UnityMemory] Configuration Parameters - Can be set up in boot.config
    "memorysetup-temp-allocator-size-nav-mesh-worker=65536"
    "memorysetup-temp-allocator-size-audio-worker=65536"
    "memorysetup-temp-allocator-size-gfx=262144"
    "memorysetup-allocator-temp-initial-block-size-main=262144"
    "memorysetup-allocator-temp-initial-block-size-worker=262144"
    "memorysetup-temp-allocator-size-background-worker=32768"
    "memorysetup-temp-allocator-size-job-worker=262144"
    "memorysetup-temp-allocator-size-preload-manager=33554432"
    "memorysetup-temp-allocator-size-gi-baking-worker=262144"
    "memorysetup-temp-allocator-size-gi-baking-worker=262144"
    "memorysetup-temp-allocator-size-gi-baking-worker=262144"
    "memorysetup-temp-allocator-size-gi-baking-worker=262144"
    "memorysetup-temp-allocator-size-gi-baking-worker=262144"
    "memorysetup-bucket-allocator-granularity=16"
    "memorysetup-bucket-allocator-bucket-count=8"
    "memorysetup-bucket-allocator-block-size=33554432"
    "memorysetup-bucket-allocator-block-count=8"
    "memorysetup-main-allocator-block-size=16777216"
    "memorysetup-thread-allocator-block-size=16777216"
    "memorysetup-gfx-main-allocator-block-size=16777216"
    "memorysetup-gfx-thread-allocator-block-size=16777216"
    "memorysetup-cache-allocator-block-size=4194304"
    "memorysetup-typetree-allocator-block-size=2097152"
    "memorysetup-profiler-bucket-allocator-granularity=16"
    "memorysetup-profiler-bucket-allocator-bucket-count=8"
    "memorysetup-profiler-bucket-allocator-block-size=33554432"
    "memorysetup-profiler-bucket-allocator-block-count=8"
    "memorysetup-profiler-allocator-block-size=16777216"
    "memorysetup-profiler-editor-allocator-block-size=1048576"
    "memorysetup-temp-allocator-size-main=16777216"
    "memorysetup-job-temp-allocator-block-size=2097152"
    "memorysetup-job-temp-allocator-block-size-background=1048576"
    "memorysetup-job-temp-allocator-reduction-small-platforms=262144"
    "memorysetup-temp-allocator-size-cloud-worker=32768"
Player connection [44028]  Target information:

Player connection [44028]  * "[IP] 26.6.80.240 [Port] 55504 [Flags] 2 [Guid] 3542816097 [EditorId] 3542816097 [Version] 1048832 [Id] WindowsEditor(7,LAPTOP-0KNAHACI) [Debug] 1 [PackageName] WindowsEditor [ProjectName] Editor" 

Player connection [44028]  * "[IP] 192.168.59.1 [Port] 55504 [Flags] 2 [Guid] 3542816097 [EditorId] 3542816097 [Version] 1048832 [Id] WindowsEditor(7,LAPTOP-0KNAHACI) [Debug] 1 [PackageName] WindowsEditor [ProjectName] Editor" 

Player connection [44028]  * "[IP] 192.168.133.1 [Port] 55504 [Flags] 2 [Guid] 3542816097 [EditorId] 3542816097 [Version] 1048832 [Id] WindowsEditor(7,LAPTOP-0KNAHACI) [Debug] 1 [PackageName] WindowsEditor [ProjectName] Editor" 

Player connection [44028]  * "[IP] 10.0.192.223 [Port] 55504 [Flags] 2 [Guid] 3542816097 [EditorId] 3542816097 [Version] 1048832 [Id] WindowsEditor(7,LAPTOP-0KNAHACI) [Debug] 1 [PackageName] WindowsEditor [ProjectName] Editor" 

Player connection [44028] Host joined multi-casting on [225.0.0.222:54997]...
Player connection [44028] Host joined alternative multi-casting on [225.0.0.222:34997]...
Input System module state changed to: Initialized.
[Physics::Module] Initialized fallback backend.
[Physics::Module] Id: 0xdecafbad
[Licensing::Client] Handshaking with LicensingClient:
  Version:                 1.18.1+9fbee8e
  Session Id:              ff16f39591da439ab6f5b1e9440427e8
  Correlation Id:          0a9f97932a9522c581d00536b78d843e
  External correlation Id: 1483681631268173003
  Machine Id:              sc7fAOkRYI8rgsseMU1LTXiJNeg=
[Licensing::Module] Successfully connected to LicensingClient on channel: "LicenseClient-chenerxiao" (connect: 0.57s, validation: 0.94s, handshake: 0.17s)
[Licensing::IpcConnector] Successfully connected to: "LicenseClient-chenerxiao-notifications" at "2026-09-01T02:56:32.0017317Z"
[Licensing::Module] Connected to LicensingClient (PId: 44116, launch time: 0.01, total connection time: 1.68s)
[Licensing::Module] Error: Access token is unavailable; failed to update
[Licensing::Client] Successfully resolved entitlement details
[Licensing::Module] License group:
  Id: 2476034751777-UnityPersXXXX
  Product: Unity Personal
  Type: Assigned
  Expiration: Unlimited
[Licensing::Client] Successfully updated license, isAsync: True, time: 0.02
[Package Manager] Connected to IPC stream "Upm-37452" after 0.5 seconds.
[Licensing::Module] Licensing is not yet initialized.
[Licensing::Client] Successfully resolved entitlement details
[Licensing::Module] Licensing Background thread has ended after 1.82s
[Licensing::Module] Licensing is initialized (took 0.02s).
[Licensing::Client] Successfully resolved entitlement details
Library Redirect Path: Library/
[Physics::Module] Selected backend.
[Physics::Module] Name: PhysX
[Physics::Module] Id: 0xf2b8ea05
[Physics::Module] SDK Version: 4.1.2
[Physics::Module] Integration Version: 1.0.0
[Physics::Module] Threading Mode: Multi-Threaded
Refreshing native plugins compatible for Editor in 0.84 ms, found 0 plugins.
Preloading 0 native plugins for Editor in 0.00 ms.
Initialize engine version: 6000.3.22f1 (1c726e1fb402)
[Subsystems] Discovering subsystems at path F:/Unity/Editors/6000.3.22f1/Editor/Data/Resources/UnitySubsystems
[Subsystems] Discovering subsystems at path C:/Users/chenerxiao/Desktop/新文化大赛/JiangnanProject/Assets
Forcing GfxDevice: Null
GfxDevice: creating device client; kGfxThreadingModeNonThreaded
NullGfxDevice:
    Version:  NULL 1.0 [1.0]
    Renderer: Null Device
    Vendor:   Unity Technologies
Initialize mono
Mono path[0] = 'F:/Unity/Editors/6000.3.22f1/Editor/Data/Managed'
Mono path[1] = 'F:/Unity/Editors/6000.3.22f1/Editor/Data/MonoBleedingEdge/lib/mono/unityjit-win32'
Mono config path = 'F:/Unity/Editors/6000.3.22f1/Editor/Data/MonoBleedingEdge/etc'
Using monoOptions --debugger-agent=transport=dt_socket,embedding=1,server=y,suspend=n,address=127.0.0.1:56452
Using cacheserver namespaces - metadata:defaultmetadata, artifacts:defaultartifacts
Using cacheserver namespaces - metadata:defaultmetadata, artifacts:defaultartifacts
ImportWorker Server TCP listen port: 0
AcceleratorClientConnectionCallback - disconnected - :0
Begin MonoManager ReloadAssembly
Registering precompiled unity dll's ...
Register platform support module: F:/Unity/Editors/6000.3.22f1/Editor/Data/PlaybackEngines/WebGLSupport/UnityEditor.WebGL.Extensions.dll
Register platform support module: F:/Unity/Editors/6000.3.22f1/Editor/Data/PlaybackEngines/WindowsStandaloneSupport/UnityEditor.WindowsStandalone.Extensions.dll
[Licensing::Client] Successfully resolved entitlement details
Register platform support module: F:/Unity/Editors/6000.3.22f1/Editor/Data/PlaybackEngines/AndroidPlayer/UnityEditor.Android.Extensions.dll
Registered in 0.019081 seconds.
- Loaded All Assemblies, in  0.479 seconds
Native extension for Android target not found
Native extension for WindowsStandalone target not found
Native extension for WebGL target not found
Package Manager log level set to [2]
ScheduleIndexationOnStartup MainProcess:False IndexOnStartup:False
Mono: successfully reloaded assembly
- Finished resetting the current domain, in  0.295 seconds
Domain Reload Profiling: 763ms
	BeginReloadAssembly (184ms)
		ExecutionOrderSort (0ms)
		DisableScriptedObjects (0ms)
		BackupInstance (0ms)
		ReleaseScriptingObjects (0ms)
		CreateAndSetChildDomain (10ms)
	RebuildCommonClasses (30ms)
	RebuildNativeTypeToScriptingClass (9ms)
	initialDomainReloadingComplete (68ms)
	LoadAllAssembliesAndSetupDomain (177ms)
		LoadAssemblies (166ms)
		RebuildTransferFunctionScriptingTraits (0ms)
		AnalyzeDomain (171ms)
			TypeCache.Refresh (169ms)
				TypeCache.ScanAssembly (155ms)
			BuildScriptInfoCaches (0ms)
			ResolveRequiredComponents (0ms)
	FinalizeReload (295ms)
		ReleaseScriptCaches (0ms)
		RebuildScriptCaches (0ms)
		SetupLoadedEditorAssemblies (265ms)
			LogAssemblyErrors (0ms)
			InitializePlatformSupportModulesInManaged (53ms)
			SetLoadedEditorAssemblies (4ms)
			BeforeProcessingInitializeOnLoad (55ms)
			ProcessInitializeOnLoadAttributes (92ms)
			ProcessInitializeOnLoadMethodAttributes (60ms)
			AfterProcessingInitializeOnLoad (0ms)
			EditorAssembliesLoaded (0ms)
		ExecutionOrderSort2 (0ms)
		AwakeInstancesAfterBackupRestoration (0ms)
[Licensing::Client] Successfully resolved entitlement details
Application.AssetDatabase Initial Refresh Start
[Package Manager] Restoring resolved packages state from cache
[Licensing::Client] Successfully resolved entitlement details
[Package Manager] Registered 47 packages:
  Packages from [https://packages.unity.com]:
    com.unity.collab-proxy@2.12.4 (location: C:\Users\chenerxiao\Desktop\新文化大赛\JiangnanProject\Library\PackageCache\com.unity.collab-proxy@0b1559bcd34e)
    com.unity.timeline@1.7.7 (location: C:\Users\chenerxiao\Desktop\新文化大赛\JiangnanProject\Library\PackageCache\com.unity.timeline@5dd5778a3906)
    com.unity.visualscripting@1.9.4 (location: C:\Users\chenerxiao\Desktop\新文化大赛\JiangnanProject\Library\PackageCache\com.unity.visualscripting@0920df93f957)
    com.unity.ide.visualstudio@2.0.26 (location: C:\Users\chenerxiao\Desktop\新文化大赛\JiangnanProject\Library\PackageCache\com.unity.ide.visualstudio@a99d56dec63f)
    com.unity.ide.rider@3.0.40 (location: C:\Users\chenerxiao\Desktop\新文化大赛\JiangnanProject\Library\PackageCache\com.unity.ide.rider@e4950c6d131b)
    com.unity.editorcoroutines@1.1.0 (location: C:\Users\chenerxiao\Desktop\新文化大赛\JiangnanProject\Library\PackageCache\com.unity.editorcoroutines@87a15ed012c2)
    com.unity.performance.profile-analyzer@1.4.0 (location: C:\Users\chenerxiao\Desktop\新文化大赛\JiangnanProject\Library\PackageCache\com.unity.performance.profile-analyzer@2bb26871883c)
    com.unity.testtools.codecoverage@1.3.0 (location: C:\Users\chenerxiao\Desktop\新文化大赛\JiangnanProject\Library\PackageCache\com.unity.testtools.codecoverage@19a841221620)
    com.unity.settings-manager@2.1.1 (location: C:\Users\chenerxiao\Desktop\新文化大赛\JiangnanProject\Library\PackageCache\com.unity.settings-manager@0b8638c5ce86)
  Built-in packages:
    com.unity.feature.development@1.0.2 (location: C:\Users\chenerxiao\Desktop\新文化大赛\JiangnanProject\Library\PackageCache\com.unity.feature.development@767aadbc6eb7)
    com.unity.textmeshpro@5.0.0 (location: C:\Users\chenerxiao\Desktop\新文化大赛\JiangnanProject\Library\PackageCache\com.unity.textmeshpro@53f43edfd2e0)
    com.unity.ugui@2.0.0 (location: C:\Users\chenerxiao\Desktop\新文化大赛\JiangnanProject\Library\PackageCache\com.unity.ugui@20629863fcab)
    com.unity.modules.ai@1.0.0 (location: C:\Users\chenerxiao\Desktop\新文化大赛\JiangnanProject\Library\PackageCache\com.unity.modules.ai)
    com.unity.modules.androidjni@1.0.0 (location: C:\Users\chenerxiao\Desktop\新文化大赛\JiangnanProject\Library\PackageCache\com.unity.modules.androidjni)
    com.unity.modules.animation@1.0.0 (location: C:\Users\chenerxiao\Desktop\新文化大赛\JiangnanProject\Library\PackageCache\com.unity.modules.animation)
    com.unity.modules.assetbundle@1.0.0 (location: C:\Users\chenerxiao\Desktop\新文化大赛\JiangnanProject\Library\PackageCache\com.unity.modules.assetbundle)
    com.unity.modules.audio@1.0.0 (location: C:\Users\chenerxiao\Desktop\新文化大赛\JiangnanProject\Library\PackageCache\com.unity.modules.audio)
    com.unity.modules.cloth@1.0.0 (location: C:\Users\chenerxiao\Desktop\新文化大赛\JiangnanProject\Library\PackageCache\com.unity.modules.cloth)
    com.unity.modules.director@1.0.0 (location: C:\Users\chenerxiao\Desktop\新文化大赛\JiangnanProject\Library\PackageCache\com.unity.modules.director)
    com.unity.modules.imageconversion@1.0.0 (location: C:\Users\chenerxiao\Desktop\新文化大赛\JiangnanProject\Library\PackageCache\com.unity.modules.imageconversion)
    com.unity.modules.imgui@1.0.0 (location: C:\Users\chenerxiao\Desktop\新文化大赛\JiangnanProject\Library\PackageCache\com.unity.modules.imgui)
    com.unity.modules.jsonserialize@1.0.0 (location: C:\Users\chenerxiao\Desktop\新文化大赛\JiangnanProject\Library\PackageCache\com.unity.modules.jsonserialize)
    com.unity.modules.particlesystem@1.0.0 (location: C:\Users\chenerxiao\Desktop\新文化大赛\JiangnanProject\Library\PackageCache\com.unity.modules.particlesystem)
    com.unity.modules.physics@1.0.0 (location: C:\Users\chenerxiao\Desktop\新文化大赛\JiangnanProject\Library\PackageCache\com.unity.modules.physics)
    com.unity.modules.physics2d@1.0.0 (location: C:\Users\chenerxiao\Desktop\新文化大赛\JiangnanProject\Library\PackageCache\com.unity.modules.physics2d)
    com.unity.modules.screencapture@1.0.0 (location: C:\Users\chenerxiao\Desktop\新文化大赛\JiangnanProject\Library\PackageCache\com.unity.modules.screencapture)
    com.unity.modules.terrain@1.0.0 (location: C:\Users\chenerxiao\Desktop\新文化大赛\JiangnanProject\Library\PackageCache\com.unity.modules.terrain)
    com.unity.modules.terrainphysics@1.0.0 (location: C:\Users\chenerxiao\Desktop\新文化大赛\JiangnanProject\Library\PackageCache\com.unity.modules.terrainphysics)
    com.unity.modules.tilemap@1.0.0 (location: C:\Users\chenerxiao\Desktop\新文化大赛\JiangnanProject\Library\PackageCache\com.unity.modules.tilemap)
    com.unity.modules.ui@1.0.0 (location: C:\Users\chenerxiao\Desktop\新文化大赛\JiangnanProject\Library\PackageCache\com.unity.modules.ui)
    com.unity.modules.uielements@1.0.0 (location: C:\Users\chenerxiao\Desktop\新文化大赛\JiangnanProject\Library\PackageCache\com.unity.modules.uielements)
    com.unity.modules.umbra@1.0.0 (location: C:\Users\chenerxiao\Desktop\新文化大赛\JiangnanProject\Library\PackageCache\com.unity.modules.umbra)
    com.unity.modules.unityanalytics@1.0.0 (location: C:\Users\chenerxiao\Desktop\新文化大赛\JiangnanProject\Library\PackageCache\com.unity.modules.unityanalytics)
    com.unity.modules.unitywebrequest@1.0.0 (location: C:\Users\chenerxiao\Desktop\新文化大赛\JiangnanProject\Library\PackageCache\com.unity.modules.unitywebrequest)
    com.unity.modules.unitywebrequestassetbundle@1.0.0 (location: C:\Users\chenerxiao\Desktop\新文化大赛\JiangnanProject\Library\PackageCache\com.unity.modules.unitywebrequestassetbundle)
    com.unity.modules.unitywebrequestaudio@1.0.0 (location: C:\Users\chenerxiao\Desktop\新文化大赛\JiangnanProject\Library\PackageCache\com.unity.modules.unitywebrequestaudio)
    com.unity.modules.unitywebrequesttexture@1.0.0 (location: C:\Users\chenerxiao\Desktop\新文化大赛\JiangnanProject\Library\PackageCache\com.unity.modules.unitywebrequesttexture)
    com.unity.modules.unitywebrequestwww@1.0.0 (location: C:\Users\chenerxiao\Desktop\新文化大赛\JiangnanProject\Library\PackageCache\com.unity.modules.unitywebrequestwww)
    com.unity.modules.vehicles@1.0.0 (location: C:\Users\chenerxiao\Desktop\新文化大赛\JiangnanProject\Library\PackageCache\com.unity.modules.vehicles)
    com.unity.modules.video@1.0.0 (location: C:\Users\chenerxiao\Desktop\新文化大赛\JiangnanProject\Library\PackageCache\com.unity.modules.video)
    com.unity.modules.vr@1.0.0 (location: C:\Users\chenerxiao\Desktop\新文化大赛\JiangnanProject\Library\PackageCache\com.unity.modules.vr)
    com.unity.modules.wind@1.0.0 (location: C:\Users\chenerxiao\Desktop\新文化大赛\JiangnanProject\Library\PackageCache\com.unity.modules.wind)
    com.unity.modules.xr@1.0.0 (location: C:\Users\chenerxiao\Desktop\新文化大赛\JiangnanProject\Library\PackageCache\com.unity.modules.xr)
    com.unity.modules.subsystems@1.0.0 (location: C:\Users\chenerxiao\Desktop\新文化大赛\JiangnanProject\Library\PackageCache\com.unity.modules.subsystems)
    com.unity.modules.hierarchycore@1.0.0 (location: C:\Users\chenerxiao\Desktop\新文化大赛\JiangnanProject\Library\PackageCache\com.unity.modules.hierarchycore)
    com.unity.test-framework@1.6.0 (location: C:\Users\chenerxiao\Desktop\新文化大赛\JiangnanProject\Library\PackageCache\com.unity.test-framework@bd7f943e9647)
    com.unity.ext.nunit@2.0.5 (location: C:\Users\chenerxiao\Desktop\新文化大赛\JiangnanProject\Library\PackageCache\com.unity.ext.nunit@d8c07649098d)
[Package Manager] com.unity.textmeshpro is deprecated: This package is no longer supported. TextMeshPro functionalities are now included in the com.unity.ugui package. To continue using them, consider adding it to your project dependencies.
[Subsystems] No new subsystems found in resolved package list.
[Package Manager] Done registering packages in 0.11 seconds
A meta data file (.meta) exists but its asset 'Assets/StreamingAssets/Media/huaian_01.mp4' can't be found. When moving or deleting files outside of Unity, please ensure that the corresponding .meta file is moved or deleted along with it.
A meta data file (.meta) exists but its asset 'Assets/StreamingAssets/Media/huaian_02.mp4' can't be found. When moving or deleting files outside of Unity, please ensure that the corresponding .meta file is moved or deleted along with it.
A meta data file (.meta) exists but its asset 'Assets/StreamingAssets/Media/huaian_03.mp4' can't be found. When moving or deleting files outside of Unity, please ensure that the corresponding .meta file is moved or deleted along with it.
A meta data file (.meta) exists but its asset 'Assets/StreamingAssets/Media/huaian_04.mp4' can't be found. When moving or deleting files outside of Unity, please ensure that the corresponding .meta file is moved or deleted along with it.
A meta data file (.meta) exists but its asset 'Assets/StreamingAssets/Media/huaian_05.mp4' can't be found. When moving or deleting files outside of Unity, please ensure that the corresponding .meta file is moved or deleted along with it.
A meta data file (.meta) exists but its asset 'Assets/StreamingAssets/Media/huaian_06.mp4' can't be found. When moving or deleting files outside of Unity, please ensure that the corresponding .meta file is moved or deleted along with it.
A meta data file (.meta) exists but its asset 'Assets/StreamingAssets/Media/intro.mp4' can't be found. When moving or deleting files outside of Unity, please ensure that the corresponding .meta file is moved or deleted along with it.
A meta data file (.meta) exists but its asset 'Assets/StreamingAssets/Media/nanjing_01.mp4' can't be found. When moving or deleting files outside of Unity, please ensure that the corresponding .meta file is moved or deleted along with it.
A meta data file (.meta) exists but its asset 'Assets/StreamingAssets/Media/nanjing_02.mp4' can't be found. When moving or deleting files outside of Unity, please ensure that the corresponding .meta file is moved or deleted along with it.
A meta data file (.meta) exists but its asset 'Assets/StreamingAssets/Media/nanjing_03.mp4' can't be found. When moving or deleting files outside of Unity, please ensure that the corresponding .meta file is moved or deleted along with it.
A meta data file (.meta) exists but its asset 'Assets/StreamingAssets/Media/nanjing_04.mp4' can't be found. When moving or deleting files outside of Unity, please ensure that the corresponding .meta file is moved or deleted along with it.
A meta data file (.meta) exists but its asset 'Assets/StreamingAssets/Media/nanjing_05.mp4' can't be found. When moving or deleting files outside of Unity, please ensure that the corresponding .meta file is moved or deleted along with it.
A meta data file (.meta) exists but its asset 'Assets/StreamingAssets/Media/suzhou_01.mp4' can't be found. When moving or deleting files outside of Unity, please ensure that the corresponding .meta file is moved or deleted along with it.
A meta data file (.meta) exists but its asset 'Assets/StreamingAssets/Media/suzhou_02.mp4' can't be found. When moving or deleting files outside of Unity, please ensure that the corresponding .meta file is moved or deleted along with it.
A meta data file (.meta) exists but its asset 'Assets/StreamingAssets/Media/suzhou_03.mp4' can't be found. When moving or deleting files outside of Unity, please ensure that the corresponding .meta file is moved or deleted along with it.
A meta data file (.meta) exists but its asset 'Assets/StreamingAssets/Media/suzhou_04.mp4' can't be found. When moving or deleting files outside of Unity, please ensure that the corresponding .meta file is moved or deleted along with it.
A meta data file (.meta) exists but its asset 'Assets/StreamingAssets/Media/suzhou_05.mp4' can't be found. When moving or deleting files outside of Unity, please ensure that the corresponding .meta file is moved or deleted along with it.
A meta data file (.meta) exists but its asset 'Assets/StreamingAssets/Media/suzhou_06.mp4' can't be found. When moving or deleting files outside of Unity, please ensure that the corresponding .meta file is moved or deleted along with it.
A meta data file (.meta) exists but its asset 'Assets/StreamingAssets/Media/suzhou_07.mp4' can't be found. When moving or deleting files outside of Unity, please ensure that the corresponding .meta file is moved or deleted along with it.
A meta data file (.meta) exists but its asset 'Assets/StreamingAssets/Media/wuxi_01.mp4' can't be found. When moving or deleting files outside of Unity, please ensure that the corresponding .meta file is moved or deleted along with it.
A meta data file (.meta) exists but its asset 'Assets/StreamingAssets/Media/wuxi_02.mp4' can't be found. When moving or deleting files outside of Unity, please ensure that the corresponding .meta file is moved or deleted along with it.
A meta data file (.meta) exists but its asset 'Assets/StreamingAssets/Media/wuxi_03.mp4' can't be found. When moving or deleting files outside of Unity, please ensure that the corresponding .meta file is moved or deleted along with it.
A meta data file (.meta) exists but its asset 'Assets/StreamingAssets/Media/wuxi_04.mp4' can't be found. When moving or deleting files outside of Unity, please ensure that the corresponding .meta file is moved or deleted along with it.
A meta data file (.meta) exists but its asset 'Assets/StreamingAssets/Media/wuxi_05.mp4' can't be found. When moving or deleting files outside of Unity, please ensure that the corresponding .meta file is moved or deleted along with it.
A meta data file (.meta) exists but its asset 'Assets/StreamingAssets/Media/yangzhou_01.mp4' can't be found. When moving or deleting files outside of Unity, please ensure that the corresponding .meta file is moved or deleted along with it.
A meta data file (.meta) exists but its asset 'Assets/StreamingAssets/Media/yangzhou_02.mp4' can't be found. When moving or deleting files outside of Unity, please ensure that the corresponding .meta file is moved or deleted along with it.
A meta data file (.meta) exists but its asset 'Assets/StreamingAssets/Media/yangzhou_03.mp4' can't be found. When moving or deleting files outside of Unity, please ensure that the corresponding .meta file is moved or deleted along with it.
A meta data file (.meta) exists but its asset 'Assets/StreamingAssets/Media/yangzhou_04.mp4' can't be found. When moving or deleting files outside of Unity, please ensure that the corresponding .meta file is moved or deleted along with it.
A meta data file (.meta) exists but its asset 'Assets/StreamingAssets/Media/yangzhou_05.mp4' can't be found. When moving or deleting files outside of Unity, please ensure that the corresponding .meta file is moved or deleted along with it.
A meta data file (.meta) exists but its asset 'Assets/StreamingAssets/Media/yangzhou_06.mp4' can't be found. When moving or deleting files outside of Unity, please ensure that the corresponding .meta file is moved or deleted along with it.
[ScriptCompilation] Requested script compilation because: Assetdatabase observed changes in script compilation related files
Starting: F:\Unity\Editors\6000.3.22f1\Editor\Data\Tools\BuildPipeline\bee_backend.exe --ipc --defer-dag-verification --dagfile="Library/Bee/2000b0aE.dag" --continue-on-failure --profile="Library/Bee/backend1.traceevents" ScriptAssemblies
WorkingDir: C:/Users/chenerxiao/Desktop/新文化大赛/JiangnanProject
DisplayProgressbar: Compiling Scripts
ExitCode: 3 Duration: 1s275ms
[281/425    0s] CopyFiles Library/ScriptAssemblies/UnityEngine.UI.pdb
[282/425    0s] CopyFiles Library/ScriptAssemblies/UnityEngine.UI.dll
[283/425    0s] CopyFiles Library/ScriptAssemblies/UnityEngine.TestRunner.pdb
[284/425    0s] CopyFiles Library/ScriptAssemblies/UnityEngine.TestRunner.dll
[305/425    0s] CopyFiles Library/ScriptAssemblies/UnityEditor.TestRunner.pdb
[306/425    0s] CopyFiles Library/ScriptAssemblies/UnityEditor.TestRunner.dll
[347/425    0s] CopyFiles Library/ScriptAssemblies/UnityEditor.UI.pdb
[351/425    0s] CopyFiles Library/ScriptAssemblies/UnityEditor.UI.dll
[368/425    0s] CopyFiles Library/ScriptAssemblies/Unity.VisualStudio.Editor.pdb
[370/425    0s] CopyFiles Library/ScriptAssemblies/Unity.VisualStudio.Editor.dll
[371/425    0s] CopyFiles Library/ScriptAssemblies/Unity.TestTools.CodeCoverage.Editor.OpenCover.Mono.Reflection.dll
[372/425    0s] CopyFiles Library/ScriptAssemblies/Unity.TestTools.CodeCoverage.Editor.OpenCover.Mono.Reflection.pdb
[373/425    0s] CopyFiles Library/ScriptAssemblies/Unity.EditorCoroutines.Editor.pdb
[374/425    0s] CopyFiles Library/ScriptAssemblies/Unity.EditorCoroutines.Editor.dll
[375/425    0s] CopyFiles Library/ScriptAssemblies/Unity.Performance.Profile-Analyzer.Editor.pdb
[376/425    0s] CopyFiles Library/ScriptAssemblies/Unity.Rider.Editor.pdb
[377/425    0s] CopyFiles Library/ScriptAssemblies/Unity.Performance.Profile-Analyzer.Editor.dll
[378/425    0s] CopyFiles Library/ScriptAssemblies/Unity.Rider.Editor.dll
[379/425    0s] CopyFiles Library/ScriptAssemblies/Unity.Timeline.pdb
[380/425    0s] CopyFiles Library/ScriptAssemblies/Unity.VisualScripting.Core.dll
[381/425    0s] CopyFiles Library/ScriptAssemblies/Unity.InternalAPIEngineBridge.004.dll
[382/425    0s] CopyFiles Library/ScriptAssemblies/Unity.Timeline.dll
[383/425    0s] CopyFiles Library/ScriptAssemblies/Unity.VisualScripting.Core.pdb
[384/425    0s] CopyFiles Library/ScriptAssemblies/Unity.InternalAPIEngineBridge.004.pdb
[385/425    0s] CopyFiles Library/ScriptAssemblies/Unity.TextMeshPro.dll
[386/425    0s] CopyFiles Library/ScriptAssemblies/Unity.VisualScripting.Flow.dll
[387/425    0s] CopyFiles Library/ScriptAssemblies/UnityEditor.UI.Analytics.pdb
[388/425    0s] CopyFiles Library/ScriptAssemblies/UnityEditor.UI.Analytics.dll
[389/425    0s] CopyFiles Library/ScriptAssemblies/Unity.PlasticSCM.Editor.Entities.pdb
[390/425    0s] CopyFiles Library/ScriptAssemblies/Unity.CollabProxy.Editor.pdb
[391/425    0s] CopyFiles Library/ScriptAssemblies/Unity.VisualScripting.State.dll
[392/425    0s] CopyFiles Library/ScriptAssemblies/Unity.VisualScripting.Shared.Editor.dll
[393/425    0s] CopyFiles Library/ScriptAssemblies/Unity.VisualScripting.Shared.Editor.pdb
[394/425    0s] CopyFiles Library/ScriptAssemblies/Unity.VisualScripting.SettingsProvider.Editor.pdb
[395/425    0s] CopyFiles Library/ScriptAssemblies/Unity.VisualScripting.SettingsProvider.Editor.dll
[396/425    0s] CopyFiles Library/ScriptAssemblies/Unity.VisualScripting.State.Editor.dll
[397/425    0s] CopyFiles Library/ScriptAssemblies/Unity.VisualScripting.State.Editor.pdb
[398/425    0s] CopyFiles Library/ScriptAssemblies/Unity.VisualScripting.Flow.Editor.dll
[399/425    0s] CopyFiles Library/ScriptAssemblies/Unity.VisualScripting.State.pdb
[400/425    0s] CopyFiles Library/ScriptAssemblies/Unity.VisualScripting.Flow.Editor.pdb
[401/425    0s] CopyFiles Library/ScriptAssemblies/Unity.CollabProxy.Editor.dll
[402/425    0s] CopyFiles Library/ScriptAssemblies/Unity.TextMeshPro.Editor.dll
[403/425    0s] CopyFiles Library/ScriptAssemblies/Unity.TextMeshPro.Editor.pdb
[404/425    0s] CopyFiles Library/ScriptAssemblies/Unity.PlasticSCM.Editor.Entities.dll
[405/425    0s] CopyFiles Library/ScriptAssemblies/Unity.VisualScripting.Core.Editor.pdb
[406/425    0s] CopyFiles Library/ScriptAssemblies/Unity.VisualScripting.Core.Editor.dll
[407/425    0s] CopyFiles Library/ScriptAssemblies/Unity.Timeline.Editor.dll
[408/425    0s] CopyFiles Library/ScriptAssemblies/Unity.Timeline.Editor.pdb
[409/425    0s] CopyFiles Library/ScriptAssemblies/Unity.TestTools.CodeCoverage.Editor.dll
[410/425    0s] CopyFiles Library/ScriptAssemblies/Unity.TestTools.CodeCoverage.Editor.pdb
[411/425    0s] CopyFiles Library/ScriptAssemblies/Unity.VisualScripting.Flow.pdb
[412/425    0s] CopyFiles Library/ScriptAssemblies/Unity.TextMeshPro.pdb
[413/425    0s] CopyFiles Library/ScriptAssemblies/Unity.PlasticSCM.Editor.dll
[414/425    0s] CopyFiles Library/ScriptAssemblies/Unity.PlasticSCM.Editor.pdb
[415/425    0s] CopyFiles Library/ScriptAssemblies/Unity.Settings.Editor.dll
[416/425    0s] CopyFiles Library/ScriptAssemblies/Unity.TestTools.CodeCoverage.Editor.OpenCover.Model.dll
[417/425    0s] CopyFiles Library/ScriptAssemblies/Unity.Settings.Editor.pdb
[418/425    0s] CopyFiles Library/ScriptAssemblies/Unity.TestTools.CodeCoverage.Editor.OpenCover.Model.pdb
[419/425    0s] Csc Library/Bee/artifacts/2000b0aE.dag/Assembly-CSharp.dll (+2 others)
[420/425    0s] CopyFiles Library/ScriptAssemblies/Assembly-CSharp.dll
[421/425    0s] CopyFiles Library/ScriptAssemblies/Assembly-CSharp.pdb
[422/425    0s] Csc Library/Bee/artifacts/2000b0aE.dag/Assembly-CSharp-Editor.dll (+2 others)
##### CommandLine
"F:\Unity\Editors\6000.3.22f1\Editor\Data\NetCoreRuntime\dotnet.exe" exec "F:/Unity/Editors/6000.3.22f1/Editor/Data/DotNetSdkRoslyn/csc.dll" /nostdlib /noconfig /shared "@Library/Bee/artifacts/2000b0aE.dag/Assembly-CSharp-Editor.rsp" "@Library/Bee/artifacts/2000b0aE.dag/Assembly-CSharp-Editor.rsp2"
##### Contents of Library\Bee\artifacts\2000b0aE.dag\Assembly-CSharp-Editor.rsp
-target:library
-out:"Library/Bee/artifacts/2000b0aE.dag/Assembly-CSharp-Editor.dll"
-refout:"Library/Bee/artifacts/2000b0aE.dag/Assembly-CSharp-Editor.ref.dll"
-define:UNITY_6000_3_22
-define:UNITY_6000_3
-define:UNITY_6000
-define:UNITY_5_3_OR_NEWER
-define:UNITY_5_4_OR_NEWER
-define:UNITY_5_5_OR_NEWER
-define:UNITY_5_6_OR_NEWER
-define:UNITY_2017_1_OR_NEWER
-define:UNITY_2017_2_OR_NEWER
-define:UNITY_2017_3_OR_NEWER
-define:UNITY_2017_4_OR_NEWER
-define:UNITY_2018_1_OR_NEWER
-define:UNITY_2018_2_OR_NEWER
-define:UNITY_2018_3_OR_NEWER
-define:UNITY_2018_4_OR_NEWER
-define:UNITY_2019_1_OR_NEWER
-define:UNITY_2019_2_OR_NEWER
-define:UNITY_2019_3_OR_NEWER
-define:UNITY_2019_4_OR_NEWER
-define:UNITY_2020_1_OR_NEWER
-define:UNITY_2020_2_OR_NEWER
-define:UNITY_2020_3_OR_NEWER
-define:UNITY_2021_1_OR_NEWER
-define:UNITY_2021_2_OR_NEWER
-define:UNITY_2021_3_OR_NEWER
-define:UNITY_2022_1_OR_NEWER
-define:UNITY_2022_2_OR_NEWER
-define:UNITY_2022_3_OR_NEWER
-define:UNITY_2023_1_OR_NEWER
-define:UNITY_2023_2_OR_NEWER
-define:UNITY_2023_3_OR_NEWER
-define:UNITY_6000_0_OR_NEWER
-define:UNITY_6000_1_OR_NEWER
-define:UNITY_6000_2_OR_NEWER
-define:UNITY_6000_3_OR_NEWER
-define:UNITY_INCLUDE_TESTS
-define:ENABLE_AUDIO
-define:ENABLE_CLOTH
-define:ENABLE_MULTIPLE_DISPLAYS
-define:ENABLE_PHYSICS
-define:ENABLE_TEXTURE_STREAMING
-define:ENABLE_UNITYEVENTS
-define:ENABLE_VR
-define:ENABLE_WEBCAM
-define:ENABLE_UNITYWEBREQUEST
-define:ENABLE_WWW
-define:ENABLE_CLOUD_SERVICES
-define:ENABLE_CLOUD_SERVICES_ADS
-define:ENABLE_CLOUD_SERVICES_USE_WEBREQUEST
-define:ENABLE_UNITY_CONSENT
-define:ENABLE_UNITY_CLOUD_IDENTIFIERS
-define:ENABLE_CLOUD_SERVICES_CRASH_REPORTING
-define:ENABLE_CLOUD_SERVICES_PURCHASING
-define:ENABLE_CLOUD_SERVICES_ANALYTICS
-define:ENABLE_CLOUD_SERVICES_BUILD
-define:ENABLE_EDITOR_GAME_SERVICES
-define:ENABLE_UNITY_GAME_SERVICES_ANALYTICS_SUPPORT
-define:ENABLE_CLOUD_LICENSE
-define:ENABLE_EDITOR_HUB_LICENSE
-define:ENABLE_WEBSOCKET_CLIENT
-define:ENABLE_GENERATE_NATIVE_PLUGINS_FOR_ASSEMBLIES_API
-define:ENABLE_DIRECTOR_AUDIO
-define:ENABLE_DIRECTOR_TEXTURE
-define:ENABLE_MANAGED_JOBS
-define:ENABLE_MANAGED_TRANSFORM_JOBS
-define:ENABLE_MANAGED_ANIMATION_JOBS
-define:ENABLE_MANAGED_AUDIO_JOBS
-define:ENABLE_ENGINE_CODE_STRIPPING
-define:ENABLE_ONSCREEN_KEYBOARD
-define:ENABLE_MANAGED_UNITYTLS
-define:RENDER_SOFTWARE_CURSOR
-define:ENABLE_MARSHALLING_TESTS
-define:ENABLE_VIDEO
-define:ENABLE_NAVIGATION_OFFMESHLINK_TO_NAVMESHLINK
-define:ENABLE_ACCELERATOR_CLIENT_DEBUGGING
-define:TEXTCORE_1_0_OR_NEWER
-define:EDITOR_ONLY_NAVMESH_BUILDER_DEPRECATED
-define:PLATFORM_WEBGL
-define:UNITY_WEBGL
-define:UNITY_WEBGL_API
-define:UNITY_DISABLE_WEB_VERIFICATION
-define:UNITY_GFX_USE_PLATFORM_VSYNC
-define:ENABLE_CRUNCH_TEXTURE_COMPRESSION
-define:ENABLE_SPATIALTRACKING
-define:ENABLE_MONO
-define:NET_4_6
-define:NET_UNITY_4_8
-define:ENABLE_PROFILER
-define:ENABLE_PROFILER_ASSISTANT_INTEGRATION
-define:DEBUG
-define:TRACE
-define:UNITY_ASSERTIONS
-define:UNITY_EDITOR
-define:UNITY_EDITOR_64
-define:UNITY_EDITOR_WIN
-define:ENABLE_UNITY_COLLECTIONS_CHECKS
-define:ENABLE_BURST_AOT
-define:UNITY_TEAM_LICENSE
-define:ENABLE_CUSTOM_RENDER_TEXTURE
-define:ENABLE_DIRECTOR
-define:ENABLE_LOCALIZATION
-define:ENABLE_SPRITES
-define:ENABLE_TERRAIN
-define:ENABLE_TILEMAP
-define:ENABLE_TIMELINE
-define:ENABLE_LEGACY_INPUT_MANAGER
-define:TEXTCORE_FONT_ENGINE_1_5_OR_NEWER
-define:TEXTCORE_TEXT_ENGINE_1_5_OR_NEWER
-define:TEXTCORE_FONT_ENGINE_1_6_OR_NEWER
-define:CSHARP_7_OR_LATER
-define:CSHARP_7_3_OR_NEWER
-define:UNITY_EDITOR_ONLY_COMPILATION
-r:"F:/Unity/Editors/6000.3.22f1/Editor/Data/Managed/UnityEditor.Graphs.dll"
-r:"F:/Unity/Editors/6000.3.22f1/Editor/Data/Managed/UnityEngine/UnityEditor.AccessibilityModule.dll"
-r:"F:/Unity/Editors/6000.3.22f1/Editor/Data/Managed/UnityEngine/UnityEditor.AdaptivePerformanceModule.dll"
-r:"F:/Unity/Editors/6000.3.22f1/Editor/Data/Managed/UnityEngine/UnityEditor.AssetComplianceModule.dll"
-r:"F:/Unity/Editors/6000.3.22f1/Editor/Data/Managed/UnityEngine/UnityEditor.BuildProfileModule.dll"
-r:"F:/Unity/Editors/6000.3.22f1/Editor/Data/Managed/UnityEngine/UnityEditor.ClothModule.dll"
-r:"F:/Unity/Editors/6000.3.22f1/Editor/Data/Managed/UnityEngine/UnityEditor.CoreBusinessMetricsModule.dll"
-r:"F:/Unity/Editors/6000.3.22f1/Editor/Data/Managed/UnityEngine/UnityEditor.CoreModule.dll"
-r:"F:/Unity/Editors/6000.3.22f1/Editor/Data/Managed/UnityEngine/UnityEditor.DeviceSimulatorModule.dll"
-r:"F:/Unity/Editors/6000.3.22f1/Editor/Data/Managed/UnityEngine/UnityEditor.DiagnosticsModule.dll"
-r:"F:/Unity/Editors/6000.3.22f1/Editor/Data/Managed/UnityEngine/UnityEditor.EditorToolbarModule.dll"
-r:"F:/Unity/Editors/6000.3.22f1/Editor/Data/Managed/UnityEngine/UnityEditor.EmbreeModule.dll"
-r:"F:/Unity/Editors/6000.3.22f1/Editor/Data/Managed/UnityEngine/UnityEditor.GIModule.dll"
-r:"F:/Unity/Editors/6000.3.22f1/Editor/Data/Managed/UnityEngine/UnityEditor.GraphViewModule.dll"
-r:"F:/Unity/Editors/6000.3.22f1/Editor/Data/Managed/UnityEngine/UnityEditor.GraphicsStateCollectionSerializerModule.dll"
-r:"F:/Unity/Editors/6000.3.22f1/Editor/Data/Managed/UnityEngine/UnityEditor.GridAndSnapModule.dll"
-r:"F:/Unity/Editors/6000.3.22f1/Editor/Data/Managed/UnityEngine/UnityEditor.GridModule.dll"
-r:"F:/Unity/Editors/6000.3.22f1/Editor/Data/Managed/UnityEngine/UnityEditor.HierarchyModule.dll"
-r:"F:/Unity/Editors/6000.3.22f1/Editor/Data/Managed/UnityEngine/UnityEditor.MediaModule.dll"
-r:"F:/Unity/Editors/6000.3.22f1/Editor/Data/Managed/UnityEngine/UnityEditor.MultiplayerModule.dll"
-r:"F:/Unity/Editors/6000.3.22f1/Editor/Data/Managed/UnityEngine/UnityEditor.Physics2DModule.dll"
-r:"F:/Unity/Editors/6000.3.22f1/Editor/Data/Managed/UnityEngine/UnityEditor.PhysicsModule.dll"
-r:"F:/Unity/Editors/6000.3.22f1/Editor/Data/Managed/UnityEngine/UnityEditor.PlayModeModule.dll"
-r:"F:/Unity/Editors/6000.3.22f1/Editor/Data/Managed/UnityEngine/UnityEditor.PresetsUIModule.dll"
-r:"F:/Unity/Editors/6000.3.22f1/Editor/Data/Managed/UnityEngine/UnityEditor.PropertiesModule.dll"
-r:"F:/Unity/Editors/6000.3.22f1/Editor/Data/Managed/UnityEngine/UnityEditor.QuickInstallModule.dll"
-r:"F:/Unity/Editors/6000.3.22f1/Editor/Data/Managed/UnityEngine/UnityEditor.QuickSearchModule.dll"
-r:"F:/Unity/Editors/6000.3.22f1/Editor/Data/Managed/UnityEngine/UnityEditor.SafeModeModule.dll"
-r:"F:/Unity/Editors/6000.3.22f1/Editor/Data/Managed/UnityEngine/UnityEditor.SceneTemplateModule.dll"
-r:"F:/Unity/Editors/6000.3.22f1/Editor/Data/Managed/UnityEngine/UnityEditor.SceneViewModule.dll"
-r:"F:/Unity/Editors/6000.3.22f1/Editor/Data/Managed/UnityEngine/UnityEditor.ShaderBuildSettingsModule.dll"
-r:"F:/Unity/Editors/6000.3.22f1/Editor/Data/Managed/UnityEngine/UnityEditor.ShaderCompilationModule.dll"
-r:"F:/Unity/Editors/6000.3.22f1/Editor/Data/Managed/UnityEngine/UnityEditor.ShaderFoundryModule.dll"
-r:"F:/Unity/Editors/6000.3.22f1/Editor/Data/Managed/UnityEngine/UnityEditor.SketchUpModule.dll"
-r:"F:/Unity/Editors/6000.3.22f1/Editor/Data/Managed/UnityEngine/UnityEditor.SpriteMaskModule.dll"
-r:"F:/Unity/Editors/6000.3.22f1/Editor/Data/Managed/UnityEngine/UnityEditor.SpriteShapeModule.dll"
-r:"F:/Unity/Editors/6000.3.22f1/Editor/Data/Managed/UnityEngine/UnityEditor.SubstanceModule.dll"
-r:"F:/Unity/Editors/6000.3.22f1/Editor/Data/Managed/UnityEngine/UnityEditor.TerrainModule.dll"
-r:"F:/Unity/Editors/6000.3.22f1/Editor/Data/Managed/UnityEngine/UnityEditor.TextCoreFontEngineModule.dll"
-r:"F:/Unity/Editors/6000.3.22f1/Editor/Data/Managed/UnityEngine/UnityEditor.TextCoreTextEngineModule.dll"
-r:"F:/Unity/Editors/6000.3.22f1/Editor/Data/Managed/UnityEngine/UnityEditor.TextRenderingModule.dll"
-r:"F:/Unity/Editors/6000.3.22f1/Editor/Data/Managed/UnityEngine/UnityEditor.TilemapModule.dll"
-r:"F:/Unity/Editors/6000.3.22f1/Editor/Data/Managed/UnityEngine/UnityEditor.TreeModule.dll"
-r:"F:/Unity/Editors/6000.3.22f1/Editor/Data/Managed/UnityEngine/UnityEditor.UIAutomationModule.dll"
-r:"F:/Unity/Editors/6000.3.22f1/Editor/Data/Managed/UnityEngine/UnityEditor.UIBuilderModule.dll"
-r:"F:/Unity/Editors/6000.3.22f1/Editor/Data/Managed/UnityEngine/UnityEditor.UIElementsModule.dll"
-r:"F:/Unity/Editors/6000.3.22f1/Editor/Data/Managed/UnityEngine/UnityEditor.UIElementsSamplesModule.dll"
-r:"F:/Unity/Editors/6000.3.22f1/Editor/Data/Managed/UnityEngine/UnityEditor.UIToolkitAuthoringModule.dll"
-r:"F:/Unity/Editors/6000.3.22f1/Editor/Data/Managed/UnityEngine/UnityEditor.UmbraModule.dll"
-r:"F:/Unity/Editors/6000.3.22f1/Editor/Data/Managed/UnityEngine/UnityEditor.UnityConnectModule.dll"
-r:"F:/Unity/Editors/6000.3.22f1/Editor/Data/Managed/UnityEngine/UnityEditor.VFXModule.dll"
-r:"F:/Unity/Editors/6000.3.22f1/Editor/Data/Managed/UnityEngine/UnityEditor.VectorGraphicsModule.dll"
-r:"F:/Unity/Editors/6000.3.22f1/Editor/Data/Managed/UnityEngine/UnityEditor.VideoModule.dll"
-r:"F:/Unity/Editors/6000.3.22f1/Editor/Data/Managed/UnityEngine/UnityEditor.XRModule.dll"
-r:"F:/Unity/Editors/6000.3.22f1/Editor/Data/Managed/UnityEngine/UnityEditor.dll"
-r:"F:/Unity/Editors/6000.3.22f1/Editor/Data/Managed/UnityEngine/UnityEngine.AIModule.dll"
-r:"F:/Unity/Editors/6000.3.22f1/Editor/Data/Managed/UnityEngine/UnityEngine.AMDModule.dll"
-r:"F:/Unity/Editors/6000.3.22f1/Editor/Data/Managed/UnityEngine/UnityEngine.ARModule.dll"
-r:"F:/Unity/Editors/6000.3.22f1/Editor/Data/Managed/UnityEngine/UnityEngine.AccessibilityModule.dll"
-r:"F:/Unity/Editors/6000.3.22f1/Editor/Data/Managed/UnityEngine/UnityEngine.AdaptivePerformanceModule.dll"
-r:"F:/Unity/Editors/6000.3.22f1/Editor/Data/Managed/UnityEngine/UnityEngine.AndroidJNIModule.dll"
-r:"F:/Unity/Editors/6000.3.22f1/Editor/Data/Managed/UnityEngine/UnityEngine.AnimationModule.dll"
-r:"F:/Unity/Editors/6000.3.22f1/Editor/Data/Managed/UnityEngine/UnityEngine.AssetBundleModule.dll"
-r:"F:/Unity/Editors/6000.3.22f1/Editor/Data/Managed/UnityEngine/UnityEngine.AudioModule.dll"
-r:"F:/Unity/Editors/6000.3.22f1/Editor/Data/Managed/UnityEngine/UnityEngine.ClothModule.dll"
-r:"F:/Unity/Editors/6000.3.22f1/Editor/Data/Managed/UnityEngine/UnityEngine.ClusterInputModule.dll"
-r:"F:/Unity/Editors/6000.3.22f1/Editor/Data/Managed/UnityEngine/UnityEngine.ClusterRendererModule.dll"
-r:"F:/Unity/Editors/6000.3.22f1/Editor/Data/Managed/UnityEngine/UnityEngine.ContentLoadModule.dll"
-r:"F:/Unity/Editors/6000.3.22f1/Editor/Data/Managed/UnityEngine/UnityEngine.CoreModule.dll"
-r:"F:/Unity/Editors/6000.3.22f1/Editor/Data/Managed/UnityEngine/UnityEngine.CrashReportingModule.dll"
-r:"F:/Unity/Editors/6000.3.22f1/Editor/Data/Managed/UnityEngine/UnityEngine.DSPGraphModule.dll"
-r:"F:/Unity/Editors/6000.3.22f1/Editor/Data/Managed/UnityEngine/UnityEngine.DirectorModule.dll"
-r:"F:/Unity/Editors/6000.3.22f1/Editor/Data/Managed/UnityEngine/UnityEngine.GIModule.dll"
-r:"F:/Unity/Editors/6000.3.22f1/Editor/Data/Managed/UnityEngine/UnityEngine.GameCenterModule.dll"
-r:"F:/Unity/Editors/6000.3.22f1/Editor/Data/Managed/UnityEngine/UnityEngine.GraphicsStateCollectionSerializerModule.dll"
-r:"F:/Unity/Editors/6000.3.22f1/Editor/Data/Managed/UnityEngine/UnityEngine.GridModule.dll"
-r:"F:/Unity/Editors/6000.3.22f1/Editor/Data/Managed/UnityEngine/UnityEngine.HierarchyCoreModule.dll"
-r:"F:/Unity/Editors/6000.3.22f1/Editor/Data/Managed/UnityEngine/UnityEngine.HierarchyModule.dll"
-r:"F:/Unity/Editors/6000.3.22f1/Editor/Data/Managed/UnityEngine/UnityEngine.HotReloadModule.dll"
-r:"F:/Unity/Editors/6000.3.22f1/Editor/Data/Managed/UnityEngine/UnityEngine.IMGUIModule.dll"
-r:"F:/Unity/Editors/6000.3.22f1/Editor/Data/Managed/UnityEngine/UnityEngine.IdentifiersModule.dll"
-r:"F:/Unity/Editors/6000.3.22f1/Editor/Data/Managed/UnityEngine/UnityEngine.ImageConversionModule.dll"
-r:"F:/Unity/Editors/6000.3.22f1/Editor/Data/Managed/UnityEngine/UnityEngine.InputForUIModule.dll"
-r:"F:/Unity/Editors/6000.3.22f1/Editor/Data/Managed/UnityEngine/UnityEngine.InputLegacyModule.dll"
-r:"F:/Unity/Editors/6000.3.22f1/Editor/Data/Managed/UnityEngine/UnityEngine.InputModule.dll"
-r:"F:/Unity/Editors/6000.3.22f1/Editor/Data/Managed/UnityEngine/UnityEngine.InsightsModule.dll"
-r:"F:/Unity/Editors/6000.3.22f1/Editor/Data/Managed/UnityEngine/UnityEngine.JSONSerializeModule.dll"
-r:"F:/Unity/Editors/6000.3.22f1/Editor/Data/Managed/UnityEngine/UnityEngine.LocalizationModule.dll"
-r:"F:/Unity/Editors/6000.3.22f1/Editor/Data/Managed/UnityEngine/UnityEngine.MarshallingModule.dll"
-r:"F:/Unity/Editors/6000.3.22f1/Editor/Data/Managed/UnityEngine/UnityEngine.MultiplayerModule.dll"
-r:"F:/Unity/Editors/6000.3.22f1/Editor/Data/Managed/UnityEngine/UnityEngine.NVIDIAModule.dll"
-r:"F:/Unity/Editors/6000.3.22f1/Editor/Data/Managed/UnityEngine/UnityEngine.ParticleSystemModule.dll"
-r:"F:/Unity/Editors/6000.3.22f1/Editor/Data/Managed/UnityEngine/UnityEngine.PerformanceReportingModule.dll"
-r:"F:/Unity/Editors/6000.3.22f1/Editor/Data/Managed/UnityEngine/UnityEngine.Physics2DModule.dll"
-r:"F:/Unity/Editors/6000.3.22f1/Editor/Data/Managed/UnityEngine/UnityEngine.PhysicsBackendPhysXModule.dll"
-r:"F:/Unity/Editors/6000.3.22f1/Editor/Data/Managed/UnityEngine/UnityEngine.PhysicsModule.dll"
-r:"F:/Unity/Editors/6000.3.22f1/Editor/Data/Managed/UnityEngine/UnityEngine.PropertiesModule.dll"
-r:"F:/Unity/Editors/6000.3.22f1/Editor/Data/Managed/UnityEngine/UnityEngine.RenderAs2DModule.dll"
-r:"F:/Unity/Editors/6000.3.22f1/Editor/Data/Managed/UnityEngine/UnityEngine.RuntimeInitializeOnLoadManagerInitializerModule.dll"
-r:"F:/Unity/Editors/6000.3.22f1/Editor/Data/Managed/UnityEngine/UnityEngine.ScreenCaptureModule.dll"
-r:"F:/Unity/Editors/6000.3.22f1/Editor/Data/Managed/UnityEngine/UnityEngine.ShaderRuntimeModule.dll"
-r:"F:/Unity/Editors/6000.3.22f1/Editor/Data/Managed/UnityEngine/UnityEngine.ShaderVariantAnalyticsModule.dll"
-r:"F:/Unity/Editors/6000.3.22f1/Editor/Data/Managed/UnityEngine/UnityEngine.SharedInternalsModule.dll"
-r:"F:/Unity/Editors/6000.3.22f1/Editor/Data/Managed/UnityEngine/UnityEngine.SpriteMaskModule.dll"
-r:"F:/Unity/Editors/6000.3.22f1/Editor/Data/Managed/UnityEngine/UnityEngine.SpriteShapeModule.dll"
-r:"F:/Unity/Editors/6000.3.22f1/Editor/Data/Managed/UnityEngine/UnityEngine.StreamingModule.dll"
-r:"F:/Unity/Editors/6000.3.22f1/Editor/Data/Managed/UnityEngine/UnityEngine.SubstanceModule.dll"
-r:"F:/Unity/Editors/6000.3.22f1/Editor/Data/Managed/UnityEngine/UnityEngine.SubsystemsModule.dll"
-r:"F:/Unity/Editors/6000.3.22f1/Editor/Data/Managed/UnityEngine/UnityEngine.TLSModule.dll"
-r:"F:/Unity/Editors/6000.3.22f1/Editor/Data/Managed/UnityEngine/UnityEngine.TerrainModule.dll"
-r:"F:/Unity/Editors/6000.3.22f1/Editor/Data/Managed/UnityEngine/UnityEngine.TerrainPhysicsModule.dll"
-r:"F:/Unity/Editors/6000.3.22f1/Editor/Data/Managed/UnityEngine/UnityEngine.TextCoreFontEngineModule.dll"
-r:"F:/Unity/Editors/6000.3.22f1/Editor/Data/Managed/UnityEngine/UnityEngine.TextCoreTextEngineModule.dll"
-r:"F:/Unity/Editors/6000.3.22f1/Editor/Data/Managed/UnityEngine/UnityEngine.TextRenderingModule.dll"
-r:"F:/Unity/Editors/6000.3.22f1/Editor/Data/Managed/UnityEngine/UnityEngine.TilemapModule.dll"
-r:"F:/Unity/Editors/6000.3.22f1/Editor/Data/Managed/UnityEngine/UnityEngine.UIElementsModule.dll"
-r:"F:/Unity/Editors/6000.3.22f1/Editor/Data/Managed/UnityEngine/UnityEngine.UIModule.dll"
-r:"F:/Unity/Editors/6000.3.22f1/Editor/Data/Managed/UnityEngine/UnityEngine.UmbraModule.dll"
-r:"F:/Unity/Editors/6000.3.22f1/Editor/Data/Managed/UnityEngine/UnityEngine.UnityAnalyticsCommonModule.dll"
-r:"F:/Unity/Editors/6000.3.22f1/Editor/Data/Managed/UnityEngine/UnityEngine.UnityAnalyticsModule.dll"
-r:"F:/Unity/Editors/6000.3.22f1/Editor/Data/Managed/UnityEngine/UnityEngine.UnityConnectModule.dll"
-r:"F:/Unity/Editors/6000.3.22f1/Editor/Data/Managed/UnityEngine/UnityEngine.UnityConsentModule.dll"
-r:"F:/Unity/Editors/6000.3.22f1/Editor/Data/Managed/UnityEngine/UnityEngine.UnityCurlModule.dll"
-r:"F:/Unity/Editors/6000.3.22f1/Editor/Data/Managed/UnityEngine/UnityEngine.UnityWebRequestAssetBundleModule.dll"
-r:"F:/Unity/Editors/6000.3.22f1/Editor/Data/Managed/UnityEngine/UnityEngine.UnityWebRequestAudioModule.dll"
-r:"F:/Unity/Editors/6000.3.22f1/Editor/Data/Managed/UnityEngine/UnityEngine.UnityWebRequestModule.dll"
-r:"F:/Unity/Editors/6000.3.22f1/Editor/Data/Managed/UnityEngine/UnityEngine.UnityWebRequestTextureModule.dll"
-r:"F:/Unity/Editors/6000.3.22f1/Editor/Data/Managed/UnityEngine/UnityEngine.UnityWebRequestWWWModule.dll"
-r:"F:/Unity/Editors/6000.3.22f1/Editor/Data/Managed/UnityEngine/UnityEngine.VFXModule.dll"
-r:"F:/Unity/Editors/6000.3.22f1/Editor/Data/Managed/UnityEngine/UnityEngine.VRModule.dll"
-r:"F:/Unity/Editors/6000.3.22f1/Editor/Data/Managed/UnityEngine/UnityEngine.VectorGraphicsModule.dll"
-r:"F:/Unity/Editors/6000.3.22f1/Editor/Data/Managed/UnityEngine/UnityEngine.VehiclesModule.dll"
-r:"F:/Unity/Editors/6000.3.22f1/Editor/Data/Managed/UnityEngine/UnityEngine.VideoModule.dll"
-r:"F:/Unity/Editors/6000.3.22f1/Editor/Data/Managed/UnityEngine/UnityEngine.VirtualTexturingModule.dll"
-r:"F:/Unity/Editors/6000.3.22f1/Editor/Data/Managed/UnityEngine/UnityEngine.WindModule.dll"
-r:"F:/Unity/Editors/6000.3.22f1/Editor/Data/Managed/UnityEngine/UnityEngine.XRModule.dll"
-r:"F:/Unity/Editors/6000.3.22f1/Editor/Data/Managed/UnityEngine/UnityEngine.dll"
-r:"F:/Unity/Editors/6000.3.22f1/Editor/Data/PlaybackEngines/AndroidPlayer/Unity.Android.Gradle.dll"
-r:"F:/Unity/Editors/6000.3.22f1/Editor/Data/PlaybackEngines/AndroidPlayer/Unity.Android.Types.dll"
-r:"F:/Unity/Editors/6000.3.22f1/Editor/Data/PlaybackEngines/AndroidPlayer/UnityEditor.Android.Extensions.dll"
-r:"F:/Unity/Editors/6000.3.22f1/Editor/Data/PlaybackEngines/WebGLSupport/Managed/UnityEngine.WebGLModule.dll"
-r:"F:/Unity/Editors/6000.3.22f1/Editor/Data/PlaybackEngines/WebGLSupport/UnityEditor.WebGL.Extensions.dll"
-r:"F:/Unity/Editors/6000.3.22f1/Editor/Data/PlaybackEngines/WindowsStandaloneSupport/UnityEditor.WindowsStandalone.Extensions.dll"
-r:"F:/Unity/Editors/6000.3.22f1/Editor/Data/UnityReferenceAssemblies/unity-4.8-api/Facades/Microsoft.Win32.Primitives.dll"
-r:"F:/Unity/Editors/6000.3.22f1/Editor/Data/UnityReferenceAssemblies/unity-4.8-api/Facades/System.AppContext.dll"
-r:"F:/Unity/Editors/6000.3.22f1/Editor/Data/UnityReferenceAssemblies/unity-4.8-api/Facades/System.Buffers.dll"
-r:"F:/Unity/Editors/6000.3.22f1/Editor/Data/UnityReferenceAssemblies/unity-4.8-api/Facades/System.Collections.Concurrent.dll"
-r:"F:/Unity/Editors/6000.3.22f1/Editor/Data/UnityReferenceAssemblies/unity-4.8-api/Facades/System.Collections.NonGeneric.dll"
-r:"F:/Unity/Editors/6000.3.22f1/Editor/Data/UnityReferenceAssemblies/unity-4.8-api/Facades/System.Collections.Specialized.dll"
-r:"F:/Unity/Editors/6000.3.22f1/Editor/Data/UnityReferenceAssemblies/unity-4.8-api/Facades/System.Collections.dll"
-r:"F:/Unity/Editors/6000.3.22f1/Editor/Data/UnityReferenceAssemblies/unity-4.8-api/Facades/System.ComponentModel.Annotations.dll"
-r:"F:/Unity/Editors/6000.3.22f1/Editor/Data/UnityReferenceAssemblies/unity-4.8-api/Facades/System.ComponentModel.EventBasedAsync.dll"
-r:"F:/Unity/Editors/6000.3.22f1/Editor/Data/UnityReferenceAssemblies/unity-4.8-api/Facades/System.ComponentModel.Primitives.dll"
-r:"F:/Unity/Editors/6000.3.22f1/Editor/Data/UnityReferenceAssemblies/unity-4.8-api/Facades/System.ComponentModel.TypeConverter.dll"
-r:"F:/Unity/Editors/6000.3.22f1/Editor/Data/UnityReferenceAssemblies/unity-4.8-api/Facades/System.ComponentModel.dll"
-r:"F:/Unity/Editors/6000.3.22f1/Editor/Data/UnityReferenceAssemblies/unity-4.8-api/Facades/System.Console.dll"
-r:"F:/Unity/Editors/6000.3.22f1/Editor/Data/UnityReferenceAssemblies/unity-4.8-api/Facades/System.Data.Common.dll"
-r:"F:/Unity/Editors/6000.3.22f1/Editor/Data/UnityReferenceAssemblies/unity-4.8-api/Facades/System.Diagnostics.Contracts.dll"
-r:"F:/Unity/Editors/6000.3.22f1/Editor/Data/UnityReferenceAssemblies/unity-4.8-api/Facades/System.Diagnostics.Debug.dll"
-r:"F:/Unity/Editors/6000.3.22f1/Editor/Data/UnityReferenceAssemblies/unity-4.8-api/Facades/System.Diagnostics.FileVersionInfo.dll"
-r:"F:/Unity/Editors/6000.3.22f1/Editor/Data/UnityReferenceAssemblies/unity-4.8-api/Facades/System.Diagnostics.Process.dll"
-r:"F:/Unity/Editors/6000.3.22f1/Editor/Data/UnityReferenceAssemblies/unity-4.8-api/Facades/System.Diagnostics.StackTrace.dll"
-r:"F:/Unity/Editors/6000.3.22f1/Editor/Data/UnityReferenceAssemblies/unity-4.8-api/Facades/System.Diagnostics.TextWriterTraceListener.dll"
-r:"F:/Unity/Editors/6000.3.22f1/Editor/Data/UnityReferenceAssemblies/unity-4.8-api/Facades/System.Diagnostics.Tools.dll"
-r:"F:/Unity/Editors/6000.3.22f1/Editor/Data/UnityReferenceAssemblies/unity-4.8-api/Facades/System.Diagnostics.TraceSource.dll"
-r:"F:/Unity/Editors/6000.3.22f1/Editor/Data/UnityReferenceAssemblies/unity-4.8-api/Facades/System.Drawing.Primitives.dll"
-r:"F:/Unity/Editors/6000.3.22f1/Editor/Data/UnityReferenceAssemblies/unity-4.8-api/Facades/System.Dynamic.Runtime.dll"
-r:"F:/Unity/Editors/6000.3.22f1/Editor/Data/UnityReferenceAssemblies/unity-4.8-api/Facades/System.Globalization.Calendars.dll"
-r:"F:/Unity/Editors/6000.3.22f1/Editor/Data/UnityReferenceAssemblies/unity-4.8-api/Facades/System.Globalization.Extensions.dll"
-r:"F:/Unity/Editors/6000.3.22f1/Editor/Data/UnityReferenceAssemblies/unity-4.8-api/Facades/System.Globalization.dll"
-r:"F:/Unity/Editors/6000.3.22f1/Editor/Data/UnityReferenceAssemblies/unity-4.8-api/Facades/System.IO.Compression.ZipFile.dll"
-r:"F:/Unity/Editors/6000.3.22f1/Editor/Data/UnityReferenceAssemblies/unity-4.8-api/Facades/System.IO.FileSystem.DriveInfo.dll"
-r:"F:/Unity/Editors/6000.3.22f1/Editor/Data/UnityReferenceAssemblies/unity-4.8-api/Facades/System.IO.FileSystem.Primitives.dll"
-r:"F:/Unity/Editors/6000.3.22f1/Editor/Data/UnityReferenceAssemblies/unity-4.8-api/Facades/System.IO.FileSystem.Watcher.dll"
-r:"F:/Unity/Editors/6000.3.22f1/Editor/Data/UnityReferenceAssemblies/unity-4.8-api/Facades/System.IO.FileSystem.dll"
-r:"F:/Unity/Editors/6000.3.22f1/Editor/Data/UnityReferenceAssemblies/unity-4.8-api/Facades/System.IO.IsolatedStorage.dll"
-r:"F:/Unity/Editors/6000.3.22f1/Editor/Data/UnityReferenceAssemblies/unity-4.8-api/Facades/System.IO.MemoryMappedFiles.dll"
-r:"F:/Unity/Editors/6000.3.22f1/Editor/Data/UnityReferenceAssemblies/unity-4.8-api/Facades/System.IO.Pipes.dll"
-r:"F:/Unity/Editors/6000.3.22f1/Editor/Data/UnityReferenceAssemblies/unity-4.8-api/Facades/System.IO.UnmanagedMemoryStream.dll"
-r:"F:/Unity/Editors/6000.3.22f1/Editor/Data/UnityReferenceAssemblies/unity-4.8-api/Facades/System.IO.dll"
-r:"F:/Unity/Editors/6000.3.22f1/Editor/Data/UnityReferenceAssemblies/unity-4.8-api/Facades/System.Linq.Expressions.dll"
-r:"F:/Unity/Editors/6000.3.22f1/Editor/Data/UnityReferenceAssemblies/unity-4.8-api/Facades/System.Linq.Parallel.dll"
-r:"F:/Unity/Editors/6000.3.22f1/Editor/Data/UnityReferenceAssemblies/unity-4.8-api/Facades/System.Linq.Queryable.dll"
-r:"F:/Unity/Editors/6000.3.22f1/Editor/Data/UnityReferenceAssemblies/unity-4.8-api/Facades/System.Linq.dll"
-r:"F:/Unity/Editors/6000.3.22f1/Editor/Data/UnityReferenceAssemblies/unity-4.8-api/Facades/System.Memory.dll"
-r:"F:/Unity/Editors/6000.3.22f1/Editor/Data/UnityReferenceAssemblies/unity-4.8-api/Facades/System.Net.Http.Rtc.dll"
-r:"F:/Unity/Editors/6000.3.22f1/Editor/Data/UnityReferenceAssemblies/unity-4.8-api/Facades/System.Net.NameResolution.dll"
-r:"F:/Unity/Editors/6000.3.22f1/Editor/Data/UnityReferenceAssemblies/unity-4.8-api/Facades/System.Net.NetworkInformation.dll"
-r:"F:/Unity/Editors/6000.3.22f1/Editor/Data/UnityReferenceAssemblies/unity-4.8-api/Facades/System.Net.Ping.dll"
-r:"F:/Unity/Editors/6000.3.22f1/Editor/Data/UnityReferenceAssemblies/unity-4.8-api/Facades/System.Net.Primitives.dll"
-r:"F:/Unity/Editors/6000.3.22f1/Editor/Data/UnityReferenceAssemblies/unity-4.8-api/Facades/System.Net.Requests.dll"
-r:"F:/Unity/Editors/6000.3.22f1/Editor/Data/UnityReferenceAssemblies/unity-4.8-api/Facades/System.Net.Security.dll"
-r:"F:/Unity/Editors/6000.3.22f1/Editor/Data/UnityReferenceAssemblies/unity-4.8-api/Facades/System.Net.Sockets.dll"
-r:"F:/Unity/Editors/6000.3.22f1/Editor/Data/UnityReferenceAssemblies/unity-4.8-api/Facades/System.Net.WebHeaderCollection.dll"
-r:"F:/Unity/Editors/6000.3.22f1/Editor/Data/UnityReferenceAssemblies/unity-4.8-api/Facades/System.Net.WebSockets.Client.dll"
-r:"F:/Unity/Editors/6000.3.22f1/Editor/Data/UnityReferenceAssemblies/unity-4.8-api/Facades/System.Net.WebSockets.dll"
-r:"F:/Unity/Editors/6000.3.22f1/Editor/Data/UnityReferenceAssemblies/unity-4.8-api/Facades/System.ObjectModel.dll"
-r:"F:/Unity/Editors/6000.3.22f1/Editor/Data/UnityReferenceAssemblies/unity-4.8-api/Facades/System.Reflection.DispatchProxy.dll"
-r:"F:/Unity/Editors/6000.3.22f1/Editor/Data/UnityReferenceAssemblies/unity-4.8-api/Facades/System.Reflection.Emit.ILGeneration.dll"
-r:"F:/Unity/Editors/6000.3.22f1/Editor/Data/UnityReferenceAssemblies/unity-4.8-api/Facades/System.Reflection.Emit.Lightweight.dll"
-r:"F:/Unity/Editors/6000.3.22f1/Editor/Data/UnityReferenceAssemblies/unity-4.8-api/Facades/System.Reflection.Emit.dll"
-r:"F:/Unity/Editors/6000.3.22f1/Editor/Data/UnityReferenceAssemblies/unity-4.8-api/Facades/System.Reflection.Extensions.dll"
-r:"F:/Unity/Editors/6000.3.22f1/Editor/Data/UnityReferenceAssemblies/unity-4.8-api/Facades/System.Reflection.Primitives.dll"
-r:"F:/Unity/Editors/6000.3.22f1/Editor/Data/UnityReferenceAssemblies/unity-4.8-api/Facades/System.Reflection.dll"
-r:"F:/Unity/Editors/6000.3.22f1/Editor/Data/UnityReferenceAssemblies/unity-4.8-api/Facades/System.Resources.Reader.dll"
-r:"F:/Unity/Editors/6000.3.22f1/Editor/Data/UnityReferenceAssemblies/unity-4.8-api/Facades/System.Resources.ResourceManager.dll"
-r:"F:/Unity/Editors/6000.3.22f1/Editor/Data/UnityReferenceAssemblies/unity-4.8-api/Facades/System.Resources.Writer.dll"
-r:"F:/Unity/Editors/6000.3.22f1/Editor/Data/UnityReferenceAssemblies/unity-4.8-api/Facades/System.Runtime.CompilerServices.VisualC.dll"
-r:"F:/Unity/Editors/6000.3.22f1/Editor/Data/UnityReferenceAssemblies/unity-4.8-api/Facades/System.Runtime.Extensions.dll"
-r:"F:/Unity/Editors/6000.3.22f1/Editor/Data/UnityReferenceAssemblies/unity-4.8-api/Facades/System.Runtime.Handles.dll"
-r:"F:/Unity/Editors/6000.3.22f1/Editor/Data/UnityReferenceAssemblies/unity-4.8-api/Facades/System.Runtime.InteropServices.RuntimeInformation.dll"
-r:"F:/Unity/Editors/6000.3.22f1/Editor/Data/UnityReferenceAssemblies/unity-4.8-api/Facades/System.Runtime.InteropServices.WindowsRuntime.dll"
-r:"F:/Unity/Editors/6000.3.22f1/Editor/Data/UnityReferenceAssemblies/unity-4.8-api/Facades/System.Runtime.InteropServices.dll"
-r:"F:/Unity/Editors/6000.3.22f1/Editor/Data/UnityReferenceAssemblies/unity-4.8-api/Facades/System.Runtime.Numerics.dll"
-r:"F:/Unity/Editors/6000.3.22f1/Editor/Data/UnityReferenceAssemblies/unity-4.8-api/Facades/System.Runtime.Serialization.Formatters.dll"
-r:"F:/Unity/Editors/6000.3.22f1/Editor/Data/UnityReferenceAssemblies/unity-4.8-api/Facades/System.Runtime.Serialization.Json.dll"
-r:"F:/Unity/Editors/6000.3.22f1/Editor/Data/UnityReferenceAssemblies/unity-4.8-api/Facades/System.Runtime.Serialization.Primitives.dll"
-r:"F:/Unity/Editors/6000.3.22f1/Editor/Data/UnityReferenceAssemblies/unity-4.8-api/Facades/System.Runtime.Serialization.Xml.dll"
-r:"F:/Unity/Editors/6000.3.22f1/Editor/Data/UnityReferenceAssemblies/unity-4.8-api/Facades/System.Runtime.dll"
-r:"F:/Unity/Editors/6000.3.22f1/Editor/Data/UnityReferenceAssemblies/unity-4.8-api/Facades/System.Security.Claims.dll"
-r:"F:/Unity/Editors/6000.3.22f1/Editor/Data/UnityReferenceAssemblies/unity-4.8-api/Facades/System.Security.Cryptography.Algorithms.dll"
-r:"F:/Unity/Editors/6000.3.22f1/Editor/Data/UnityReferenceAssemblies/unity-4.8-api/Facades/System.Security.Cryptography.Csp.dll"
-r:"F:/Unity/Editors/6000.3.22f1/Editor/Data/UnityReferenceAssemblies/unity-4.8-api/Facades/System.Security.Cryptography.Encoding.dll"
-r:"F:/Unity/Editors/6000.3.22f1/Editor/Data/UnityReferenceAssemblies/unity-4.8-api/Facades/System.Security.Cryptography.Primitives.dll"
-r:"F:/Unity/Editors/6000.3.22f1/Editor/Data/UnityReferenceAssemblies/unity-4.8-api/Facades/System.Security.Cryptography.X509Certificates.dll"
-r:"F:/Unity/Editors/6000.3.22f1/Editor/Data/UnityReferenceAssemblies/unity-4.8-api/Facades/System.Security.Principal.dll"
-r:"F:/Unity/Editors/6000.3.22f1/Editor/Data/UnityReferenceAssemblies/unity-4.8-api/Facades/System.Security.SecureString.dll"
-r:"F:/Unity/Editors/6000.3.22f1/Editor/Data/UnityReferenceAssemblies/unity-4.8-api/Facades/System.ServiceModel.Duplex.dll"
-r:"F:/Unity/Editors/6000.3.22f1/Editor/Data/UnityReferenceAssemblies/unity-4.8-api/Facades/System.ServiceModel.Http.dll"
-r:"F:/Unity/Editors/6000.3.22f1/Editor/Data/UnityReferenceAssemblies/unity-4.8-api/Facades/System.ServiceModel.NetTcp.dll"
-r:"F:/Unity/Editors/6000.3.22f1/Editor/Data/UnityReferenceAssemblies/unity-4.8-api/Facades/System.ServiceModel.Primitives.dll"
-r:"F:/Unity/Editors/6000.3.22f1/Editor/Data/UnityReferenceAssemblies/unity-4.8-api/Facades/System.ServiceModel.Security.dll"
-r:"F:/Unity/Editors/6000.3.22f1/Editor/Data/UnityReferenceAssemblies/unity-4.8-api/Facades/System.Text.Encoding.Extensions.dll"
-r:"F:/Unity/Editors/6000.3.22f1/Editor/Data/UnityReferenceAssemblies/unity-4.8-api/Facades/System.Text.Encoding.dll"
-r:"F:/Unity/Editors/6000.3.22f1/Editor/Data/UnityReferenceAssemblies/unity-4.8-api/Facades/System.Text.RegularExpressions.dll"
-r:"F:/Unity/Editors/6000.3.22f1/Editor/Data/UnityReferenceAssemblies/unity-4.8-api/Facades/System.Threading.Overlapped.dll"
-r:"F:/Unity/Editors/6000.3.22f1/Editor/Data/UnityReferenceAssemblies/unity-4.8-api/Facades/System.Threading.Tasks.Extensions.dll"
-r:"F:/Unity/Editors/6000.3.22f1/Editor/Data/UnityReferenceAssemblies/unity-4.8-api/Facades/System.Threading.Tasks.Parallel.dll"
-r:"F:/Unity/Editors/6000.3.22f1/Editor/Data/UnityReferenceAssemblies/unity-4.8-api/Facades/System.Threading.Tasks.dll"
-r:"F:/Unity/Editors/6000.3.22f1/Editor/Data/UnityReferenceAssemblies/unity-4.8-api/Facades/System.Threading.Thread.dll"
-r:"F:/Unity/Editors/6000.3.22f1/Editor/Data/UnityReferenceAssemblies/unity-4.8-api/Facades/System.Threading.ThreadPool.dll"
-r:"F:/Unity/Editors/6000.3.22f1/Editor/Data/UnityReferenceAssemblies/unity-4.8-api/Facades/System.Threading.Timer.dll"
-r:"F:/Unity/Editors/6000.3.22f1/Editor/Data/UnityReferenceAssemblies/unity-4.8-api/Facades/System.Threading.dll"
-r:"F:/Unity/Editors/6000.3.22f1/Editor/Data/UnityReferenceAssemblies/unity-4.8-api/Facades/System.ValueTuple.dll"
-r:"F:/Unity/Editors/6000.3.22f1/Editor/Data/UnityReferenceAssemblies/unity-4.8-api/Facades/System.Xml.ReaderWriter.dll"
-r:"F:/Unity/Editors/6000.3.22f1/Editor/Data/UnityReferenceAssemblies/unity-4.8-api/Facades/System.Xml.XDocument.dll"
-r:"F:/Unity/Editors/6000.3.22f1/Editor/Data/UnityReferenceAssemblies/unity-4.8-api/Facades/System.Xml.XPath.XDocument.dll"
-r:"F:/Unity/Editors/6000.3.22f1/Editor/Data/UnityReferenceAssemblies/unity-4.8-api/Facades/System.Xml.XPath.dll"
-r:"F:/Unity/Editors/6000.3.22f1/Editor/Data/UnityReferenceAssemblies/unity-4.8-api/Facades/System.Xml.XmlDocument.dll"
-r:"F:/Unity/Editors/6000.3.22f1/Editor/Data/UnityReferenceAssemblies/unity-4.8-api/Facades/System.Xml.XmlSerializer.dll"
-r:"F:/Unity/Editors/6000.3.22f1/Editor/Data/UnityReferenceAssemblies/unity-4.8-api/Facades/netstandard.dll"
-r:"F:/Unity/Editors/6000.3.22f1/Editor/Data/UnityReferenceAssemblies/unity-4.8-api/Microsoft.CSharp.dll"
-r:"F:/Unity/Editors/6000.3.22f1/Editor/Data/UnityReferenceAssemblies/unity-4.8-api/System.ComponentModel.Composition.dll"
-r:"F:/Unity/Editors/6000.3.22f1/Editor/Data/UnityReferenceAssemblies/unity-4.8-api/System.Core.dll"
-r:"F:/Unity/Editors/6000.3.22f1/Editor/Data/UnityReferenceAssemblies/unity-4.8-api/System.Data.DataSetExtensions.dll"
-r:"F:/Unity/Editors/6000.3.22f1/Editor/Data/UnityReferenceAssemblies/unity-4.8-api/System.Data.dll"
-r:"F:/Unity/Editors/6000.3.22f1/Editor/Data/UnityReferenceAssemblies/unity-4.8-api/System.Drawing.dll"
-r:"F:/Unity/Editors/6000.3.22f1/Editor/Data/UnityReferenceAssemblies/unity-4.8-api/System.IO.Compression.FileSystem.dll"
-r:"F:/Unity/Editors/6000.3.22f1/Editor/Data/UnityReferenceAssemblies/unity-4.8-api/System.IO.Compression.dll"
-r:"F:/Unity/Editors/6000.3.22f1/Editor/Data/UnityReferenceAssemblies/unity-4.8-api/System.Net.Http.dll"
-r:"F:/Unity/Editors/6000.3.22f1/Editor/Data/UnityReferenceAssemblies/unity-4.8-api/System.Numerics.Vectors.dll"
-r:"F:/Unity/Editors/6000.3.22f1/Editor/Data/UnityReferenceAssemblies/unity-4.8-api/System.Numerics.dll"
-r:"F:/Unity/Editors/6000.3.22f1/Editor/Data/UnityReferenceAssemblies/unity-4.8-api/System.Runtime.Serialization.dll"
-r:"F:/Unity/Editors/6000.3.22f1/Editor/Data/UnityReferenceAssemblies/unity-4.8-api/System.Transactions.dll"
-r:"F:/Unity/Editors/6000.3.22f1/Editor/Data/UnityReferenceAssemblies/unity-4.8-api/System.Xml.Linq.dll"
-r:"F:/Unity/Editors/6000.3.22f1/Editor/Data/UnityReferenceAssemblies/unity-4.8-api/System.Xml.dll"
-r:"F:/Unity/Editors/6000.3.22f1/Editor/Data/UnityReferenceAssemblies/unity-4.8-api/System.dll"
-r:"F:/Unity/Editors/6000.3.22f1/Editor/Data/UnityReferenceAssemblies/unity-4.8-api/mscorlib.dll"
-r:"Library/PackageCache/com.unity.collab-proxy@0b1559bcd34e/Lib/Editor/TextMateSharp/Onigwrap/OnigwrapPlastic.dll"
-r:"Library/PackageCache/com.unity.collab-proxy@0b1559bcd34e/Lib/Editor/TextMateSharp/TextMateSharpPlastic.Grammars.dll"
-r:"Library/PackageCache/com.unity.collab-proxy@0b1559bcd34e/Lib/Editor/TextMateSharp/TextMateSharpPlastic.dll"
-r:"Library/PackageCache/com.unity.collab-proxy@0b1559bcd34e/Lib/Editor/Unity.Plastic.Antlr3.Runtime.dll"
-r:"Library/PackageCache/com.unity.collab-proxy@0b1559bcd34e/Lib/Editor/Unity.Plastic.Newtonsoft.Json.dll"
-r:"Library/PackageCache/com.unity.collab-proxy@0b1559bcd34e/Lib/Editor/log4netPlastic.dll"
-r:"Library/PackageCache/com.unity.collab-proxy@0b1559bcd34e/Lib/Editor/unityplastic.dll"
-r:"Library/PackageCache/com.unity.ext.nunit@d8c07649098d/net40/unity-custom/nunit.framework.dll"
-r:"Library/PackageCache/com.unity.ext.nunit@d8c07649098d/net40/unity-custom/nunit.framework.dll"
-r:"Library/PackageCache/com.unity.testtools.codecoverage@19a841221620/lib/ReportGenerator/ReportGeneratorMerged.dll"
-r:"Library/PackageCache/com.unity.visualscripting@0920df93f957/Editor/VisualScripting.Core/Dependencies/DotNetZip/Unity.VisualScripting.IonicZip.dll"
-r:"Library/PackageCache/com.unity.visualscripting@0920df93f957/Editor/VisualScripting.Core/Dependencies/YamlDotNet/Unity.VisualScripting.YamlDotNet.dll"
-r:"Library/PackageCache/com.unity.visualscripting@0920df93f957/Editor/VisualScripting.Core/EditorAssetResources/Unity.VisualScripting.TextureAssets.dll"
-r:"Library/PackageCache/com.unity.visualscripting@0920df93f957/Runtime/VisualScripting.Flow/Dependencies/NCalc/Unity.VisualScripting.Antlr3.Runtime.dll"
-r:"Library/Bee/artifacts/2000b0aE.dag/Assembly-CSharp.ref.dll"
-r:"Library/Bee/artifacts/2000b0aE.dag/Unity.EditorCoroutines.Editor.ref.dll"
-r:"Library/Bee/artifacts/2000b0aE.dag/Unity.InternalAPIEngineBridge.004.ref.dll"
-r:"Library/Bee/artifacts/2000b0aE.dag/Unity.Performance.Profile-Analyzer.Editor.ref.dll"
-r:"Library/Bee/artifacts/2000b0aE.dag/Unity.PlasticSCM.Editor.ref.dll"
-r:"Library/Bee/artifacts/2000b0aE.dag/Unity.Rider.Editor.ref.dll"
-r:"Library/Bee/artifacts/2000b0aE.dag/Unity.Settings.Editor.ref.dll"
-r:"Library/Bee/artifacts/2000b0aE.dag/Unity.TestTools.CodeCoverage.Editor.OpenCover.Model.ref.dll"
-r:"Library/Bee/artifacts/2000b0aE.dag/Unity.TestTools.CodeCoverage.Editor.OpenCover.Mono.Reflection.ref.dll"
-r:"Library/Bee/artifacts/2000b0aE.dag/Unity.TestTools.CodeCoverage.Editor.ref.dll"
-r:"Library/Bee/artifacts/2000b0aE.dag/Unity.TextMeshPro.Editor.ref.dll"
-r:"Library/Bee/artifacts/2000b0aE.dag/Unity.TextMeshPro.ref.dll"
-r:"Library/Bee/artifacts/2000b0aE.dag/Unity.Timeline.Editor.ref.dll"
-r:"Library/Bee/artifacts/2000b0aE.dag/Unity.Timeline.ref.dll"
-r:"Library/Bee/artifacts/2000b0aE.dag/Unity.VisualScripting.Core.Editor.ref.dll"
-r:"Library/Bee/artifacts/2000b0aE.dag/Unity.VisualScripting.Core.ref.dll"
-r:"Library/Bee/artifacts/2000b0aE.dag/Unity.VisualScripting.Flow.Editor.ref.dll"
-r:"Library/Bee/artifacts/2000b0aE.dag/Unity.VisualScripting.Flow.ref.dll"
-r:"Library/Bee/artifacts/2000b0aE.dag/Unity.VisualScripting.SettingsProvider.Editor.ref.dll"
-r:"Library/Bee/artifacts/2000b0aE.dag/Unity.VisualScripting.Shared.Editor.ref.dll"
-r:"Library/Bee/artifacts/2000b0aE.dag/Unity.VisualScripting.State.Editor.ref.dll"
-r:"Library/Bee/artifacts/2000b0aE.dag/Unity.VisualScripting.State.ref.dll"
-r:"Library/Bee/artifacts/2000b0aE.dag/Unity.VisualStudio.Editor.ref.dll"
-r:"Library/Bee/artifacts/2000b0aE.dag/UnityEditor.TestRunner.ref.dll"
-r:"Library/Bee/artifacts/2000b0aE.dag/UnityEditor.UI.Analytics.ref.dll"
-r:"Library/Bee/artifacts/2000b0aE.dag/UnityEditor.UI.ref.dll"
-r:"Library/Bee/artifacts/2000b0aE.dag/UnityEngine.TestRunner.ref.dll"
-r:"Library/Bee/artifacts/2000b0aE.dag/UnityEngine.UI.ref.dll"
-analyzer:"F:/Unity/Editors/6000.3.22f1/Editor/Data/Tools/BuildPipeline/Unity.SourceGenerators/Unity.Properties.SourceGenerator.dll"
-analyzer:"F:/Unity/Editors/6000.3.22f1/Editor/Data/Tools/BuildPipeline/Unity.SourceGenerators/Unity.SourceGenerators.dll"
-analyzer:"F:/Unity/Editors/6000.3.22f1/Editor/Data/Tools/BuildPipeline/Unity.SourceGenerators/Unity.UIToolkit.SourceGenerator.dll"
"Assets/Editor/JiangnanBuild.cs"
"Assets/Editor/JiangnanProjectValidator.cs"
-langversion:9.0
/deterministic
/optimize+
/debug:portable
/nologo
/RuntimeMetadataVersion:v4.0.30319
/nowarn:0169
/nowarn:0649
/nowarn:0282
/nowarn:1701
/nowarn:1702
/utf8output
/preferreduilang:en-US
/additionalfile:"Library/Bee/artifacts/2000b0aE.dag/Assembly-CSharp-Editor.UnityAdditionalFile.txt"
##### Custom Environment Variables
DOTNET_MULTILEVEL_LOOKUP=0
##### ExitCode
1
##### Output
Assets\Editor\JiangnanBuild.cs(41,42): error CS0841: Cannot use local variable 'projectRoot' before it is declared
*** Tundra build failed (1.22 seconds), 62 items updated, 425 evaluated
## Script Compilation Error for: Csc Library/Bee/artifacts/2000b0aE.dag/Assembly-CSharp-Editor.dll (+2 others)
## CmdLine: "F:\Unity\Editors\6000.3.22f1\Editor\Data\NetCoreRuntime\dotnet.exe" exec "F:/Unity/Editors/6000.3.22f1/Editor/Data/DotNetSdkRoslyn/csc.dll" /nostdlib /noconfig /shared "@Library/Bee/artifacts/2000b0aE.dag/Assembly-CSharp-Editor.rsp" "@Library/Bee/artifacts/2000b0aE.dag/Assembly-CSharp-Editor.rsp2"
## Output:
Assets\Editor\JiangnanBuild.cs(41,42): error CS0841: Cannot use local variable 'projectRoot' before it is declared

Assets\Editor\JiangnanBuild.cs(41,42): error CS0841: Cannot use local variable 'projectRoot' before it is declared
AssetDatabase: script compilation time: 1.869655s
Scripts have compiler errors.
Exiting without the bug reporter. Application will terminate with return code 1