[Licensing::Module] Trying to connect to existing licensing client channel...
Built from '6000.3/staging' branch; Version is '6000.3.22f1 (1c726e1fb402) revision 1864302'; Using compiler version '194234433'; Build Type 'Release'
[Licensing::IpcConnector] Channel LicenseClient-chenerxiao doesn't exist
OS: 'Windows 11  (10.0.26100) CoreCountrySpecific' Language: 'zh' Physical Memory: 32189 MB
BatchMode: 1, IsHumanControllingUs: 0, StartBugReporterOnCrash: 0, Is64bit: 1
System  architecture: x64
Process architecture: x64
Date: 2026-09-01T02:46:42Z
[Licensing::Module] Successfully launched the LicensingClient (PId: 44640)
[Licensing::IpcConnector] Successfully connected to: "LicenseClient-chenerxiao" at "2026-09-01T02:46:42.9355369Z"

COMMAND LINE ARGUMENTS:
F:\Unity\Editors\6000.3.22f1\Editor\Unity.exe
-batchmode
-nographics
-quit
-projectPath
C:\Users\chenerxiao\Desktop\新文化大赛\JiangnanProject
-executeMethod
JiangnanBuild.BuildWindows
-logFile
C:\Users\chenerxiao\Desktop\新文化大赛\JiangnanProject\QA\build-windows-url-media-2.log
Successfully changed project path to: C:\Users\chenerxiao\Desktop\新文化大赛\JiangnanProject
C:/Users/chenerxiao/Desktop/新文化大赛/JiangnanProject
[UnityMemory] Configuration Parameters - Can be set up in boot.config
    "memorysetup-temp-allocator-size-nav-mesh-worker=65536"
    "memorysetup-temp-allocator-size-audio-worker=65536"
    "memorysetup-temp-allocator-size-gfx=262144"
    "memorysetup-allocator-temp-initial-block-size-main=262144"
    "memorysetup-allocator-temp-initial-block-size-worker=262144"
    "memorysetup-temp-allocator-size-background-worker=32768"
    "memorysetup-temp-allocator-size-job-worker=262144"
    "memorysetup-temp-allocator-size-preload-manager=33554432"
    "memorysetup-temp-allocator-size-gi-baking-worker=262144"
    "memorysetup-temp-allocator-size-gi-baking-worker=262144"
    "memorysetup-temp-allocator-size-gi-baking-worker=262144"
    "memorysetup-temp-allocator-size-gi-baking-worker=262144"
    "memorysetup-temp-allocator-size-gi-baking-worker=262144"
    "memorysetup-bucket-allocator-granularity=16"
    "memorysetup-bucket-allocator-bucket-count=8"
    "memorysetup-bucket-allocator-block-size=33554432"
    "memorysetup-bucket-allocator-block-count=8"
    "memorysetup-main-allocator-block-size=16777216"
    "memorysetup-thread-allocator-block-size=16777216"
    "memorysetup-gfx-main-allocator-block-size=16777216"
    "memorysetup-gfx-thread-allocator-block-size=16777216"
    "memorysetup-cache-allocator-block-size=4194304"
    "memorysetup-typetree-allocator-block-size=2097152"
    "memorysetup-profiler-bucket-allocator-granularity=16"
    "memorysetup-profiler-bucket-allocator-bucket-count=8"
    "memorysetup-profiler-bucket-allocator-block-size=33554432"
    "memorysetup-profiler-bucket-allocator-block-count=8"
    "memorysetup-profiler-allocator-block-size=16777216"
    "memorysetup-profiler-editor-allocator-block-size=1048576"
    "memorysetup-temp-allocator-size-main=16777216"
    "memorysetup-job-temp-allocator-block-size=2097152"
    "memorysetup-job-temp-allocator-block-size-background=1048576"
    "memorysetup-job-temp-allocator-reduction-small-platforms=262144"
    "memorysetup-temp-allocator-size-cloud-worker=32768"
[Licensing::Client] Code 10 while verifying Licensing Client signature (process Id: 44640, path: "F:/Unity/Editors/6000.3.22f1/Editor/Data/Resources/Licensing/Client/Unity.Licensing.Client.exe")
[Licensing::Module] LicensingClient has failed validation; ignoring
Player connection [43252]  Target information:

Player connection [43252]  * "[IP] 26.6.80.240 [Port] 55504 [Flags] 2 [Guid] 2620101165 [EditorId] 2620101165 [Version] 1048832 [Id] WindowsEditor(7,LAPTOP-0KNAHACI) [Debug] 1 [PackageName] WindowsEditor [ProjectName] Editor" 

Player connection [43252]  * "[IP] 192.168.59.1 [Port] 55504 [Flags] 2 [Guid] 2620101165 [EditorId] 2620101165 [Version] 1048832 [Id] WindowsEditor(7,LAPTOP-0KNAHACI) [Debug] 1 [PackageName] WindowsEditor [ProjectName] Editor" 

Player connection [43252]  * "[IP] 192.168.133.1 [Port] 55504 [Flags] 2 [Guid] 2620101165 [EditorId] 2620101165 [Version] 1048832 [Id] WindowsEditor(7,LAPTOP-0KNAHACI) [Debug] 1 [PackageName] WindowsEditor [ProjectName] Editor" 

Player connection [43252]  * "[IP] 10.0.192.223 [Port] 55504 [Flags] 2 [Guid] 2620101165 [EditorId] 2620101165 [Version] 1048832 [Id] WindowsEditor(7,LAPTOP-0KNAHACI) [Debug] 1 [PackageName] WindowsEditor [ProjectName] Editor" 

Player connection [43252] Host joined multi-casting on [225.0.0.222:54997]...
Player connection [43252] Host joined alternative multi-casting on [225.0.0.222:34997]...
Input System module state changed to: Initialized.
[Physics::Module] Initialized fallback backend.
[Physics::Module] Id: 0xdecafbad
[Package Manager] Connected to IPC stream "Upm-34344" after 0.4 seconds.
[Licensing::Module] Licensing is not yet initialized.
[Licensing::Client] Handshaking with LicensingClient:
  Version:                 1.18.1+9fbee8e
  Session Id:              821730d23f2b40b19574b62656c8d775
  Correlation Id:          df2f721e578b836c147d02d24d39e281
  External correlation Id: 6155846187705964638
  Machine Id:              sc7fAOkRYI8rgsseMU1LTXiJNeg=
[Licensing::Module] Successfully connected to LicensingClient on channel: "LicenseClient-chenerxiao" (connect: 0.56s, validation: 0.47s, handshake: 0.13s)
[Licensing::IpcConnector] Successfully connected to: "LicenseClient-chenerxiao-notifications" at "2026-09-01T02:46:43.5377454Z"
[Licensing::Module] Connected to LicensingClient (PId: 44640, launch time: 0.01, total connection time: 1.17s)
[Licensing::Module] Error: Access token is unavailable; failed to update
[Licensing::Client] Successfully resolved entitlement details
[Licensing::Module] License group:
  Id: 2476034751777-UnityPersXXXX
  Product: Unity Personal
  Type: Assigned
  Expiration: Unlimited
[Licensing::Client] Successfully updated license, isAsync: True, time: 0.01
[Licensing::Client] Successfully resolved entitlement details
[Licensing::Module] Licensing Background thread has ended after 1.26s
[Licensing::Module] Licensing is initialized (took 0.13s).
[Licensing::Client] Successfully resolved entitlement details
Library Redirect Path: Library/
[Physics::Module] Selected backend.
[Physics::Module] Name: PhysX
[Physics::Module] Id: 0xf2b8ea05
[Physics::Module] SDK Version: 4.1.2
[Physics::Module] Integration Version: 1.0.0
[Physics::Module] Threading Mode: Multi-Threaded
Refreshing native plugins compatible for Editor in 1.01 ms, found 0 plugins.
Preloading 0 native plugins for Editor in 0.00 ms.
Initialize engine version: 6000.3.22f1 (1c726e1fb402)
[Subsystems] Discovering subsystems at path F:/Unity/Editors/6000.3.22f1/Editor/Data/Resources/UnitySubsystems
[Subsystems] Discovering subsystems at path C:/Users/chenerxiao/Desktop/新文化大赛/JiangnanProject/Assets
Forcing GfxDevice: Null
GfxDevice: creating device client; kGfxThreadingModeNonThreaded
NullGfxDevice:
    Version:  NULL 1.0 [1.0]
    Renderer: Null Device
    Vendor:   Unity Technologies
Initialize mono
Mono path[0] = 'F:/Unity/Editors/6000.3.22f1/Editor/Data/Managed'
Mono path[1] = 'F:/Unity/Editors/6000.3.22f1/Editor/Data/MonoBleedingEdge/lib/mono/unityjit-win32'
Mono config path = 'F:/Unity/Editors/6000.3.22f1/Editor/Data/MonoBleedingEdge/etc'
Using monoOptions --debugger-agent=transport=dt_socket,embedding=1,server=y,suspend=n,address=127.0.0.1:56344
Using cacheserver namespaces - metadata:defaultmetadata, artifacts:defaultartifacts
Using cacheserver namespaces - metadata:defaultmetadata, artifacts:defaultartifacts
ImportWorker Server TCP listen port: 0
AcceleratorClientConnectionCallback - disconnected - :0
Begin MonoManager ReloadAssembly
Registering precompiled unity dll's ...
Register platform support module: F:/Unity/Editors/6000.3.22f1/Editor/Data/PlaybackEngines/WebGLSupport/UnityEditor.WebGL.Extensions.dll
Register platform support module: F:/Unity/Editors/6000.3.22f1/Editor/Data/PlaybackEngines/WindowsStandaloneSupport/UnityEditor.WindowsStandalone.Extensions.dll
[Licensing::Client] Successfully resolved entitlement details
Register platform support module: F:/Unity/Editors/6000.3.22f1/Editor/Data/PlaybackEngines/AndroidPlayer/UnityEditor.Android.Extensions.dll
Registered in 0.019096 seconds.
- Loaded All Assemblies, in  0.525 seconds
Native extension for Android target not found
Native extension for WindowsStandalone target not found
Native extension for WebGL target not found
Package Manager log level set to [2]
ScheduleIndexationOnStartup MainProcess:False IndexOnStartup:False
Mono: successfully reloaded assembly
- Finished resetting the current domain, in  0.295 seconds
Domain Reload Profiling: 808ms
	BeginReloadAssembly (221ms)
		ExecutionOrderSort (0ms)
		DisableScriptedObjects (0ms)
		BackupInstance (0ms)
		ReleaseScriptingObjects (0ms)
		CreateAndSetChildDomain (19ms)
	RebuildCommonClasses (32ms)
	RebuildNativeTypeToScriptingClass (8ms)
	initialDomainReloadingComplete (71ms)
	LoadAllAssembliesAndSetupDomain (180ms)
		LoadAssemblies (191ms)
		RebuildTransferFunctionScriptingTraits (0ms)
		AnalyzeDomain (176ms)
			TypeCache.Refresh (174ms)
				TypeCache.ScanAssembly (159ms)
			BuildScriptInfoCaches (0ms)
			ResolveRequiredComponents (1ms)
	FinalizeReload (296ms)
		ReleaseScriptCaches (0ms)
		RebuildScriptCaches (0ms)
		SetupLoadedEditorAssemblies (268ms)
			LogAssemblyErrors (0ms)
			InitializePlatformSupportModulesInManaged (53ms)
			SetLoadedEditorAssemblies (3ms)
			BeforeProcessingInitializeOnLoad (57ms)
			ProcessInitializeOnLoadAttributes (94ms)
			ProcessInitializeOnLoadMethodAttributes (61ms)
			AfterProcessingInitializeOnLoad (0ms)
			EditorAssembliesLoaded (0ms)
		ExecutionOrderSort2 (0ms)
		AwakeInstancesAfterBackupRestoration (0ms)
[Licensing::Client] Successfully resolved entitlement details
Application.AssetDatabase Initial Refresh Start
[Package Manager] Restoring resolved packages state from cache
[Licensing::Client] Successfully resolved entitlement details
[Package Manager] Registered 47 packages:
  Packages from [https://packages.unity.com]:
    com.unity.collab-proxy@2.12.4 (location: C:\Users\chenerxiao\Desktop\新文化大赛\JiangnanProject\Library\PackageCache\com.unity.collab-proxy@0b1559bcd34e)
    com.unity.timeline@1.7.7 (location: C:\Users\chenerxiao\Desktop\新文化大赛\JiangnanProject\Library\PackageCache\com.unity.timeline@5dd5778a3906)
    com.unity.visualscripting@1.9.4 (location: C:\Users\chenerxiao\Desktop\新文化大赛\JiangnanProject\Library\PackageCache\com.unity.visualscripting@0920df93f957)
    com.unity.ide.visualstudio@2.0.26 (location: C:\Users\chenerxiao\Desktop\新文化大赛\JiangnanProject\Library\PackageCache\com.unity.ide.visualstudio@a99d56dec63f)
    com.unity.ide.rider@3.0.40 (location: C:\Users\chenerxiao\Desktop\新文化大赛\JiangnanProject\Library\PackageCache\com.unity.ide.rider@e4950c6d131b)
    com.unity.editorcoroutines@1.1.0 (location: C:\Users\chenerxiao\Desktop\新文化大赛\JiangnanProject\Library\PackageCache\com.unity.editorcoroutines@87a15ed012c2)
    com.unity.performance.profile-analyzer@1.4.0 (location: C:\Users\chenerxiao\Desktop\新文化大赛\JiangnanProject\Library\PackageCache\com.unity.performance.profile-analyzer@2bb26871883c)
    com.unity.testtools.codecoverage@1.3.0 (location: C:\Users\chenerxiao\Desktop\新文化大赛\JiangnanProject\Library\PackageCache\com.unity.testtools.codecoverage@19a841221620)
    com.unity.settings-manager@2.1.1 (location: C:\Users\chenerxiao\Desktop\新文化大赛\JiangnanProject\Library\PackageCache\com.unity.settings-manager@0b8638c5ce86)
  Built-in packages:
    com.unity.feature.development@1.0.2 (location: C:\Users\chenerxiao\Desktop\新文化大赛\JiangnanProject\Library\PackageCache\com.unity.feature.development@767aadbc6eb7)
    com.unity.textmeshpro@5.0.0 (location: C:\Users\chenerxiao\Desktop\新文化大赛\JiangnanProject\Library\PackageCache\com.unity.textmeshpro@53f43edfd2e0)
    com.unity.ugui@2.0.0 (location: C:\Users\chenerxiao\Desktop\新文化大赛\JiangnanProject\Library\PackageCache\com.unity.ugui@20629863fcab)
    com.unity.modules.ai@1.0.0 (location: C:\Users\chenerxiao\Desktop\新文化大赛\JiangnanProject\Library\PackageCache\com.unity.modules.ai)
    com.unity.modules.androidjni@1.0.0 (location: C:\Users\chenerxiao\Desktop\新文化大赛\JiangnanProject\Library\PackageCache\com.unity.modules.androidjni)
    com.unity.modules.animation@1.0.0 (location: C:\Users\chenerxiao\Desktop\新文化大赛\JiangnanProject\Library\PackageCache\com.unity.modules.animation)
    com.unity.modules.assetbundle@1.0.0 (location: C:\Users\chenerxiao\Desktop\新文化大赛\JiangnanProject\Library\PackageCache\com.unity.modules.assetbundle)
    com.unity.modules.audio@1.0.0 (location: C:\Users\chenerxiao\Desktop\新文化大赛\JiangnanProject\Library\PackageCache\com.unity.modules.audio)
    com.unity.modules.cloth@1.0.0 (location: C:\Users\chenerxiao\Desktop\新文化大赛\JiangnanProject\Library\PackageCache\com.unity.modules.cloth)
    com.unity.modules.director@1.0.0 (location: C:\Users\chenerxiao\Desktop\新文化大赛\JiangnanProject\Library\PackageCache\com.unity.modules.director)
    com.unity.modules.imageconversion@1.0.0 (location: C:\Users\chenerxiao\Desktop\新文化大赛\JiangnanProject\Library\PackageCache\com.unity.modules.imageconversion)
    com.unity.modules.imgui@1.0.0 (location: C:\Users\chenerxiao\Desktop\新文化大赛\JiangnanProject\Library\PackageCache\com.unity.modules.imgui)
    com.unity.modules.jsonserialize@1.0.0 (location: C:\Users\chenerxiao\Desktop\新文化大赛\JiangnanProject\Library\PackageCache\com.unity.modules.jsonserialize)
    com.unity.modules.particlesystem@1.0.0 (location: C:\Users\chenerxiao\Desktop\新文化大赛\JiangnanProject\Library\PackageCache\com.unity.modules.particlesystem)
    com.unity.modules.physics@1.0.0 (location: C:\Users\chenerxiao\Desktop\新文化大赛\JiangnanProject\Library\PackageCache\com.unity.modules.physics)
    com.unity.modules.physics2d@1.0.0 (location: C:\Users\chenerxiao\Desktop\新文化大赛\JiangnanProject\Library\PackageCache\com.unity.modules.physics2d)
    com.unity.modules.screencapture@1.0.0 (location: C:\Users\chenerxiao\Desktop\新文化大赛\JiangnanProject\Library\PackageCache\com.unity.modules.screencapture)
    com.unity.modules.terrain@1.0.0 (location: C:\Users\chenerxiao\Desktop\新文化大赛\JiangnanProject\Library\PackageCache\com.unity.modules.terrain)
    com.unity.modules.terrainphysics@1.0.0 (location: C:\Users\chenerxiao\Desktop\新文化大赛\JiangnanProject\Library\PackageCache\com.unity.modules.terrainphysics)
    com.unity.modules.tilemap@1.0.0 (location: C:\Users\chenerxiao\Desktop\新文化大赛\JiangnanProject\Library\PackageCache\com.unity.modules.tilemap)
    com.unity.modules.ui@1.0.0 (location: C:\Users\chenerxiao\Desktop\新文化大赛\JiangnanProject\Library\PackageCache\com.unity.modules.ui)
    com.unity.modules.uielements@1.0.0 (location: C:\Users\chenerxiao\Desktop\新文化大赛\JiangnanProject\Library\PackageCache\com.unity.modules.uielements)
    com.unity.modules.umbra@1.0.0 (location: C:\Users\chenerxiao\Desktop\新文化大赛\JiangnanProject\Library\PackageCache\com.unity.modules.umbra)
    com.unity.modules.unityanalytics@1.0.0 (location: C:\Users\chenerxiao\Desktop\新文化大赛\JiangnanProject\Library\PackageCache\com.unity.modules.unityanalytics)
    com.unity.modules.unitywebrequest@1.0.0 (location: C:\Users\chenerxiao\Desktop\新文化大赛\JiangnanProject\Library\PackageCache\com.unity.modules.unitywebrequest)
    com.unity.modules.unitywebrequestassetbundle@1.0.0 (location: C:\Users\chenerxiao\Desktop\新文化大赛\JiangnanProject\Library\PackageCache\com.unity.modules.unitywebrequestassetbundle)
    com.unity.modules.unitywebrequestaudio@1.0.0 (location: C:\Users\chenerxiao\Desktop\新文化大赛\JiangnanProject\Library\PackageCache\com.unity.modules.unitywebrequestaudio)
    com.unity.modules.unitywebrequesttexture@1.0.0 (location: C:\Users\chenerxiao\Desktop\新文化大赛\JiangnanProject\Library\PackageCache\com.unity.modules.unitywebrequesttexture)
    com.unity.modules.unitywebrequestwww@1.0.0 (location: C:\Users\chenerxiao\Desktop\新文化大赛\JiangnanProject\Library\PackageCache\com.unity.modules.unitywebrequestwww)
    com.unity.modules.vehicles@1.0.0 (location: C:\Users\chenerxiao\Desktop\新文化大赛\JiangnanProject\Library\PackageCache\com.unity.modules.vehicles)
    com.unity.modules.video@1.0.0 (location: C:\Users\chenerxiao\Desktop\新文化大赛\JiangnanProject\Library\PackageCache\com.unity.modules.video)
    com.unity.modules.vr@1.0.0 (location: C:\Users\chenerxiao\Desktop\新文化大赛\JiangnanProject\Library\PackageCache\com.unity.modules.vr)
    com.unity.modules.wind@1.0.0 (location: C:\Users\chenerxiao\Desktop\新文化大赛\JiangnanProject\Library\PackageCache\com.unity.modules.wind)
    com.unity.modules.xr@1.0.0 (location: C:\Users\chenerxiao\Desktop\新文化大赛\JiangnanProject\Library\PackageCache\com.unity.modules.xr)
    com.unity.modules.subsystems@1.0.0 (location: C:\Users\chenerxiao\Desktop\新文化大赛\JiangnanProject\Library\PackageCache\com.unity.modules.subsystems)
    com.unity.modules.hierarchycore@1.0.0 (location: C:\Users\chenerxiao\Desktop\新文化大赛\JiangnanProject\Library\PackageCache\com.unity.modules.hierarchycore)
    com.unity.test-framework@1.6.0 (location: C:\Users\chenerxiao\Desktop\新文化大赛\JiangnanProject\Library\PackageCache\com.unity.test-framework@bd7f943e9647)
    com.unity.ext.nunit@2.0.5 (location: C:\Users\chenerxiao\Desktop\新文化大赛\JiangnanProject\Library\PackageCache\com.unity.ext.nunit@d8c07649098d)
[Package Manager] com.unity.textmeshpro is deprecated: This package is no longer supported. TextMeshPro functionalities are now included in the com.unity.ugui package. To continue using them, consider adding it to your project dependencies.
[Subsystems] No new subsystems found in resolved package list.
[Package Manager] Done registering packages in 0.16 seconds
[ScriptCompilation] Requested script compilation because: Assetdatabase observed changes in script compilation related files
Starting: F:\Unity\Editors\6000.3.22f1\Editor\Data\Tools\BuildPipeline\bee_backend.exe --ipc --defer-dag-verification --dagfile="Library/Bee/1900b0aE.dag" --continue-on-failure --profile="Library/Bee/backend1.traceevents" ScriptAssemblies
WorkingDir: C:/Users/chenerxiao/Desktop/新文化大赛/JiangnanProject
DisplayProgressbar: Compiling Scripts
Starting: F:\Unity\Editors\6000.3.22f1\Editor\Data\netcorerun\netcorerun.exe "F:\Unity\Editors\6000.3.22f1\Editor\Data\Tools\BuildPipeline\ScriptCompilationBuildProgram.exe" "Library/Bee/1900b0aE.dag.json" "Library/Bee/1900b0aE-inputdata.json" "Library\Bee\buildprogram0.traceevents"
WorkingDir: C:/Users/chenerxiao/Desktop/新文化大赛/JiangnanProject
ExitCode: 4 Duration: 0s252ms
Rebuilding DAG because FileSignature timestamp changed: Library/Bee/1900b0aE-inputdata.json
*** Tundra requires additional run (0.19 seconds), 0 items updated, 204 evaluated
ExitCode: 0 Duration: 0s429ms
Starting: F:\Unity\Editors\6000.3.22f1\Editor\Data\Tools\BuildPipeline\bee_backend.exe --ipc --defer-dag-verification --dagfile="Library/Bee/1900b0aE.dag" --continue-on-failure --dagfilejson="Library\Bee\1900b0aE.dag.json" --profile="Library/Bee/backend2.traceevents" ScriptAssemblies
WorkingDir: C:/Users/chenerxiao/Desktop/新文化大赛/JiangnanProject
ExitCode: 0 Duration: 1s442ms
Finished compiling graph: 427 nodes, 6289 flattened edges (5757 ToBuild, 62 ToUse), maximum node priority 303
[274/424    0s] WriteText Library/Bee/artifacts/1900b0aE.dag/Assembly-CSharp.rsp
[280/424    0s] CopyFiles Library/ScriptAssemblies/UnityEngine.UI.pdb
[281/424    0s] CopyFiles Library/ScriptAssemblies/UnityEngine.UI.dll
[282/424    0s] CopyFiles Library/ScriptAssemblies/UnityEngine.TestRunner.pdb
[283/424    0s] CopyFiles Library/ScriptAssemblies/UnityEngine.TestRunner.dll
[304/424    0s] CopyFiles Library/ScriptAssemblies/UnityEditor.TestRunner.pdb
[305/424    0s] CopyFiles Library/ScriptAssemblies/UnityEditor.TestRunner.dll
[354/424    0s] CopyFiles Library/ScriptAssemblies/UnityEditor.UI.dll
[362/424    0s] CopyFiles Library/ScriptAssemblies/UnityEditor.UI.pdb
[367/424    0s] CopyFiles Library/ScriptAssemblies/Unity.TestTools.CodeCoverage.Editor.OpenCover.Model.pdb
[368/424    0s] CopyFiles Library/ScriptAssemblies/Unity.TestTools.CodeCoverage.Editor.OpenCover.Model.dll
[369/424    0s] CopyFiles Library/ScriptAssemblies/Unity.InternalAPIEngineBridge.004.dll
[370/424    0s] CopyFiles Library/ScriptAssemblies/Unity.InternalAPIEngineBridge.004.pdb
[372/424    0s] CopyFiles Library/ScriptAssemblies/Unity.TestTools.CodeCoverage.Editor.OpenCover.Mono.Reflection.dll
[373/424    0s] CopyFiles Library/ScriptAssemblies/Unity.TestTools.CodeCoverage.Editor.OpenCover.Mono.Reflection.pdb
[374/424    0s] CopyFiles Library/ScriptAssemblies/Unity.Settings.Editor.pdb
[375/424    0s] CopyFiles Library/ScriptAssemblies/Unity.Settings.Editor.dll
[376/424    0s] CopyFiles Library/ScriptAssemblies/Unity.EditorCoroutines.Editor.pdb
[377/424    0s] CopyFiles Library/ScriptAssemblies/Unity.EditorCoroutines.Editor.dll
[378/424    0s] CopyFiles Library/ScriptAssemblies/Unity.Performance.Profile-Analyzer.Editor.dll
[379/424    0s] CopyFiles Library/ScriptAssemblies/Unity.VisualScripting.Core.pdb
[380/424    0s] CopyFiles Library/ScriptAssemblies/Unity.Performance.Profile-Analyzer.Editor.pdb
[381/424    0s] CopyFiles Library/ScriptAssemblies/Unity.Timeline.dll
[382/424    0s] CopyFiles Library/ScriptAssemblies/Unity.VisualScripting.Core.dll
[383/424    0s] CopyFiles Library/ScriptAssemblies/Unity.PlasticSCM.Editor.dll
[384/424    0s] CopyFiles Library/ScriptAssemblies/Unity.VisualScripting.Flow.dll
[385/424    0s] CopyFiles Library/ScriptAssemblies/Unity.PlasticSCM.Editor.Entities.pdb
[386/424    0s] CopyFiles Library/ScriptAssemblies/Unity.TextMeshPro.dll
[387/424    0s] CopyFiles Library/ScriptAssemblies/Unity.CollabProxy.Editor.pdb
[388/424    0s] CopyFiles Library/ScriptAssemblies/Unity.VisualScripting.State.dll
[389/424    0s] CopyFiles Library/ScriptAssemblies/Unity.VisualScripting.Flow.Editor.dll
[390/424    0s] CopyFiles Library/ScriptAssemblies/Unity.VisualScripting.SettingsProvider.Editor.pdb
[391/424    0s] CopyFiles Library/ScriptAssemblies/Unity.VisualScripting.Shared.Editor.dll
[392/424    0s] CopyFiles Library/ScriptAssemblies/Unity.VisualScripting.State.Editor.pdb
[393/424    0s] CopyFiles Library/ScriptAssemblies/Unity.VisualScripting.SettingsProvider.Editor.dll
[394/424    0s] CopyFiles Library/ScriptAssemblies/Unity.VisualScripting.Shared.Editor.pdb
[395/424    0s] CopyFiles Library/ScriptAssemblies/Unity.VisualScripting.State.Editor.dll
[396/424    0s] CopyFiles Library/ScriptAssemblies/Unity.VisualScripting.Flow.Editor.pdb
[397/424    0s] CopyFiles Library/ScriptAssemblies/Unity.VisualScripting.State.pdb
[398/424    0s] CopyFiles Library/ScriptAssemblies/Unity.CollabProxy.Editor.dll
[399/424    0s] CopyFiles Library/ScriptAssemblies/UnityEditor.UI.Analytics.pdb
[400/424    0s] CopyFiles Library/ScriptAssemblies/Unity.PlasticSCM.Editor.Entities.dll
[401/424    0s] CopyFiles Library/ScriptAssemblies/UnityEditor.UI.Analytics.dll
[402/424    0s] CopyFiles Library/ScriptAssemblies/Unity.TextMeshPro.Editor.dll
[403/424    0s] CopyFiles Library/ScriptAssemblies/Unity.TextMeshPro.Editor.pdb
[404/424    0s] CopyFiles Library/ScriptAssemblies/Unity.Timeline.Editor.dll
[405/424    0s] CopyFiles Library/ScriptAssemblies/Unity.VisualScripting.Flow.pdb
[406/424    0s] CopyFiles Library/ScriptAssemblies/Unity.Timeline.Editor.pdb
[407/424    0s] CopyFiles Library/ScriptAssemblies/Unity.VisualScripting.Core.Editor.dll
[408/424    0s] CopyFiles Library/ScriptAssemblies/Unity.TestTools.CodeCoverage.Editor.pdb
[409/424    0s] CopyFiles Library/ScriptAssemblies/Unity.VisualScripting.Core.Editor.pdb
[410/424    0s] CopyFiles Library/ScriptAssemblies/Unity.TestTools.CodeCoverage.Editor.dll
[411/424    0s] CopyFiles Library/ScriptAssemblies/Unity.TextMeshPro.pdb
[412/424    0s] CopyFiles Library/ScriptAssemblies/Unity.PlasticSCM.Editor.pdb
[413/424    0s] CopyFiles Library/ScriptAssemblies/Unity.VisualStudio.Editor.pdb
[414/424    0s] CopyFiles Library/ScriptAssemblies/Unity.Rider.Editor.pdb
[415/424    0s] CopyFiles Library/ScriptAssemblies/Unity.VisualStudio.Editor.dll
[416/424    0s] CopyFiles Library/ScriptAssemblies/Unity.Rider.Editor.dll
[417/424    0s] CopyFiles Library/ScriptAssemblies/Unity.Timeline.pdb
[418/424    0s] Csc Library/Bee/artifacts/1900b0aE.dag/Assembly-CSharp.dll (+2 others)
[419/424    0s] CopyFiles Library/ScriptAssemblies/Assembly-CSharp.pdb
[420/424    0s] CopyFiles Library/ScriptAssemblies/Assembly-CSharp.dll
[421/424    0s] Csc Library/Bee/artifacts/1900b0aE.dag/Assembly-CSharp-Editor.dll (+2 others)
[422/424    0s] CopyFiles Library/ScriptAssemblies/Assembly-CSharp-Editor.pdb
[423/424    0s] CopyFiles Library/ScriptAssemblies/Assembly-CSharp-Editor.dll
*** Tundra build success (1.39 seconds), 65 items updated, 424 evaluated
AssetDatabase: script compilation time: 2.768387s
Begin MonoManager ReloadAssembly
- Loaded All Assemblies, in  1.025 seconds
Refreshing native plugins compatible for Editor in 6.54 ms, found 4 plugins.
Native extension for Android target not found
Native extension for WindowsStandalone target not found
Native extension for WebGL target not found
ScheduleIndexationOnStartup MainProcess:True IndexOnStartup:True
Mono: successfully reloaded assembly
- Finished resetting the current domain, in  0.714 seconds
Domain Reload Profiling: 1718ms
	BeginReloadAssembly (402ms)
		ExecutionOrderSort (0ms)
		DisableScriptedObjects (39ms)
		BackupInstance (0ms)
		ReleaseScriptingObjects (0ms)
		CreateAndSetChildDomain (150ms)
	RebuildCommonClasses (40ms)
	RebuildNativeTypeToScriptingClass (12ms)
	initialDomainReloadingComplete (58ms)
	LoadAllAssembliesAndSetupDomain (492ms)
		LoadAssemblies (505ms)
		RebuildTransferFunctionScriptingTraits (0ms)
		AnalyzeDomain (156ms)
			TypeCache.Refresh (123ms)
				TypeCache.ScanAssembly (112ms)
			BuildScriptInfoCaches (25ms)
			ResolveRequiredComponents (4ms)
	FinalizeReload (715ms)
		ReleaseScriptCaches (0ms)
		RebuildScriptCaches (0ms)
		SetupLoadedEditorAssemblies (583ms)
			LogAssemblyErrors (0ms)
			InitializePlatformSupportModulesInManaged (37ms)
			SetLoadedEditorAssemblies (4ms)
			BeforeProcessingInitializeOnLoad (126ms)
			ProcessInitializeOnLoadAttributes (345ms)
			ProcessInitializeOnLoadMethodAttributes (36ms)
			AfterProcessingInitializeOnLoad (34ms)
			EditorAssembliesLoaded (0ms)
		ExecutionOrderSort2 (0ms)
		AwakeInstancesAfterBackupRestoration (38ms)
Refreshing native plugins compatible for Editor in 5.14 ms, found 4 plugins.
Preloading 0 native plugins for Editor in 0.00 ms.
Asset Pipeline Refresh (id=279dfb861dc606a49b44dd889a6ed6e5): Total: 5.306 seconds - Initiated by InitialRefreshV2(ForceSynchronousImport)
	Summary:
		Imports: total=0 (actual=0, local cache=0, cache server=0)
		Asset DB Process Time: managed=0 ms, native=1206 ms
		Asset DB Callback time: managed=77 ms, native=172 ms
		Scripting: domain reloads=1, domain reload time=1026 ms, compile time=2770 ms, other=52 ms
		Project Asset Count: scripts=712, non-scripts=773
		Asset File Changes: new=0, changed=2, moved=0, deleted=0
		Scan Filter Count: 0
	InvokeCustomDependenciesCallbacks: 0.001ms
	InvokePackagesCallback: 169.888ms
	ApplyChangesToAssetFolders: 1.024ms
	Scan: 219.116ms
	OnSourceAssetsModified: 0.831ms
	CategorizeAssetsWithTransientArtifact: 39.994ms
	ProcessAssetsWithTransientArtifactChanges: 46.377ms
	CategorizeAssets: 8.591ms
	ImportOutOfDateAssets: 732.206ms (-2038.530ms without children)
		CompileScripts: 2770.166ms
		ReloadNativeAssets: 0.001ms
		UnloadImportedAssets: 0.096ms
		EnsureUptoDateAssetsAreRegisteredWithGuidPM: 0.186ms
		InitializingProgressBar: 0.000ms
		PostProcessAllAssetNotificationsAddChangedAssets: 0.001ms
		OnDemandSchedulerStart: 0.287ms
	PostProcessAllAssets: 80.316ms
	Hotreload: 6.012ms
	GatherAllCurrentPrimaryArtifactRevisions: 0.003ms
	UnloadStreamsBegin: 1.275ms
	PersistCurrentRevisions: 0.044ms
	UnloadStreamsEnd: 0.002ms
	GenerateScriptTypeHashes: 1.000ms
	Untracked: 3999.839ms

Application.AssetDatabase Initial Refresh End
Scanning for USB devices : 2.370ms
Initializing Unity extensions:
[MODES] ModeService[none].Initialize
[MODES] ModeService[none].LoadModes
[MODES] Loading mode Default (0) for mode-current-id-JiangnanProject
Unloading 3 Unused Serialized files (Serialized files now loaded: 0)
Unloading 3682 unused Assets / (1.6 MB). Loaded Objects now: 4298.
Memory consumption went from 128.1 MB to 126.5 MB.
Total: 5.900700 ms (FindLiveObjects: 0.376600 ms CreateObjectMapping: 0.245700 ms MarkObjects: 4.281600 ms  DeleteObjects: 0.995500 ms)

Launched and connected shader compiler UnityShaderCompiler.exe after 0.02 seconds
Starting: F:\Unity\Editors\6000.3.22f1\Editor\Data\Tools\BuildPipeline\bee_backend.exe --ipc --defer-dag-verification --dagfile="Library/Bee/1900b0aESkipCompile.dag" --continue-on-failure --profile="Library/Bee/backend1.traceevents" ScriptAssembliesAndTypeDB
WorkingDir: C:/Users/chenerxiao/Desktop/新文化大赛/JiangnanProject
ExitCode: 0 Duration: 0s600ms
[2/3        0s] BuildPlayerDataGenerator Library/BuildPlayerData/Editor/TypeDb-All.json
Field 'System.Numerics.Vector2 SixLabors.Fonts.GlyphInstance/ControlPointCollection::SecondControlPoint' from 'C:\Users\chenerxiao\Desktop\鏂版枃鍖栧ぇ璧沑JiangnanProject\Library\PackageCache\com.unity.testtools.codecoverage@19a841221620\lib\ReportGenerator\ReportGeneratorMerged.dll', exception Failed to resolve System.Numerics.Vector2

Field 'System.Numerics.Vector2 SixLabors.Fonts.GlyphInstance/ControlPointCollection::ThirdControlPoint' from 'C:\Users\chenerxiao\Desktop\鏂版枃鍖栧ぇ璧沑JiangnanProject\Library\PackageCache\com.unity.testtools.codecoverage@19a841221620\lib\ReportGenerator\ReportGeneratorMerged.dll', exception Failed to resolve System.Numerics.Vector2

Field 'System.Numerics.Vector4 SixLabors.ImageSharp.ComplexVector4::Real' from 'C:\Users\chenerxiao\Desktop\鏂版枃鍖栧ぇ璧沑JiangnanProject\Library\PackageCache\com.unity.testtools.codecoverage@19a841221620\lib\ReportGenerator\ReportGeneratorMerged.dll', exception Failed to resolve System.Numerics.Vector4

Field 'System.Numerics.Vector4 SixLabors.ImageSharp.ComplexVector4::Imaginary' from 'C:\Users\chenerxiao\Desktop\鏂版枃鍖栧ぇ璧沑JiangnanProject\Library\PackageCache\com.unity.testtools.codecoverage@19a841221620\lib\ReportGenerator\ReportGeneratorMerged.dll', exception Failed to resolve System.Numerics.Vector4

Field 'System.Numerics.Vector4 SixLabors.ImageSharp.Formats.Jpeg.Components.Block8x8F::V0L' from 'C:\Users\chenerxiao\Desktop\鏂版枃鍖栧ぇ璧沑JiangnanProject\Library\PackageCache\com.unity.testtools.codecoverage@19a841221620\lib\ReportGenerator\ReportGeneratorMerged.dll', exception Failed to resolve System.Numerics.Vector4

Field 'System.Numerics.Vector4 SixLabors.ImageSharp.Formats.Jpeg.Components.Block8x8F::V0R' from 'C:\Users\chenerxiao\Desktop\鏂版枃鍖栧ぇ璧沑JiangnanProject\Library\PackageCache\com.unity.testtools.codecoverage@19a841221620\lib\ReportGenerator\ReportGeneratorMerged.dll', exception Failed to resolve System.Numerics.Vector4

Field 'System.Numerics.Vector4 SixLabors.ImageSharp.Formats.Jpeg.Components.Block8x8F::V1L' from 'C:\Users\chenerxiao\Desktop\鏂版枃鍖栧ぇ璧沑JiangnanProject\Library\PackageCache\com.unity.testtools.codecoverage@19a841221620\lib\ReportGenerator\ReportGeneratorMerged.dll', exception Failed to resolve System.Numerics.Vector4

Field 'System.Numerics.Vector4 SixLabors.ImageSharp.Formats.Jpeg.Components.Block8x8F::V1R' from 'C:\Users\chenerxiao\Desktop\鏂版枃鍖栧ぇ璧沑JiangnanProject\Library\PackageCache\com.unity.testtools.codecoverage@19a841221620\lib\ReportGenerator\ReportGeneratorMerged.dll', exception Failed to resolve System.Numerics.Vector4

Field 'System.Numerics.Vector4 SixLabors.ImageSharp.Formats.Jpeg.Components.Block8x8F::V2L' from 'C:\Users\chenerxiao\Desktop\鏂版枃鍖栧ぇ璧沑JiangnanProject\Library\PackageCache\com.unity.testtools.codecoverage@19a841221620\lib\ReportGenerator\ReportGeneratorMerged.dll', exception Failed to resolve System.Numerics.Vector4

Field 'System.Numerics.Vector4 SixLabors.ImageSharp.Formats.Jpeg.Components.Block8x8F::V2R' from 'C:\Users\chenerxiao\Desktop\鏂版枃鍖栧ぇ璧沑JiangnanProject\Library\PackageCache\com.unity.testtools.codecoverage@19a841221620\lib\ReportGenerator\ReportGeneratorMerged.dll', exception Failed to resolve System.Numerics.Vector4

Field 'System.Numerics.Vector4 SixLabors.ImageSharp.Formats.Jpeg.Components.Block8x8F::V3L' from 'C:\Users\chenerxiao\Desktop\鏂版枃鍖栧ぇ璧沑JiangnanProject\Library\PackageCache\com.unity.testtools.codecoverage@19a841221620\lib\ReportGenerator\ReportGeneratorMerged.dll', exception Failed to resolve System.Numerics.Vector4

Field 'System.Numerics.Vector4 SixLabors.ImageSharp.Formats.Jpeg.Components.Block8x8F::V3R' from 'C:\Users\chenerxiao\Desktop\鏂版枃鍖栧ぇ璧沑JiangnanProject\Library\PackageCache\com.unity.testtools.codecoverage@19a841221620\lib\ReportGenerator\ReportGeneratorMerged.dll', exception Failed to resolve System.Numerics.Vector4

Field 'System.Numerics.Vector4 SixLabors.ImageSharp.Formats.Jpeg.Components.Block8x8F::V4L' from 'C:\Users\chenerxiao\Desktop\鏂版枃鍖栧ぇ璧沑JiangnanProject\Library\PackageCache\com.unity.testtools.codecoverage@19a841221620\lib\ReportGenerator\ReportGeneratorMerged.dll', exception Failed to resolve System.Numerics.Vector4

Field 'System.Numerics.Vector4 SixLabors.ImageSharp.Formats.Jpeg.Components.Block8x8F::V4R' from 'C:\Users\chenerxiao\Desktop\鏂版枃鍖栧ぇ璧沑JiangnanProject\Library\PackageCache\com.unity.testtools.codecoverage@19a841221620\lib\ReportGenerator\ReportGeneratorMerged.dll', exception Failed to resolve System.Numerics.Vector4

Field 'System.Numerics.Vector4 SixLabors.ImageSharp.Formats.Jpeg.Components.Block8x8F::V5L' from 'C:\Users\chenerxiao\Desktop\鏂版枃鍖栧ぇ璧沑JiangnanProject\Library\PackageCache\com.unity.testtools.codecoverage@19a841221620\lib\ReportGenerator\ReportGeneratorMerged.dll', exception Failed to resolve System.Numerics.Vector4

Field 'System.Numerics.Vector4 SixLabors.ImageSharp.Formats.Jpeg.Components.Block8x8F::V5R' from 'C:\Users\chenerxiao\Desktop\鏂版枃鍖栧ぇ璧沑JiangnanProject\Library\PackageCache\com.unity.testtools.codecoverage@19a841221620\lib\ReportGenerator\ReportGeneratorMerged.dll', exception Failed to resolve System.Numerics.Vector4

Field 'System.Numerics.Vector4 SixLabors.ImageSharp.Formats.Jpeg.Components.Block8x8F::V6L' from 'C:\Users\chenerxiao\Desktop\鏂版枃鍖栧ぇ璧沑JiangnanProject\Library\PackageCache\com.unity.testtools.codecoverage@19a841221620\lib\ReportGenerator\ReportGeneratorMerged.dll', exception Failed to resolve System.Numerics.Vector4

Field 'System.Numerics.Vector4 SixLabors.ImageSharp.Formats.Jpeg.Components.Block8x8F::V6R' from 'C:\Users\chenerxiao\Desktop\鏂版枃鍖栧ぇ璧沑JiangnanProject\Library\PackageCache\com.unity.testtools.codecoverage@19a841221620\lib\ReportGenerator\ReportGeneratorMerged.dll', exception Failed to resolve System.Numerics.Vector4

Field 'System.Numerics.Vector4 SixLabors.ImageSharp.Formats.Jpeg.Components.Block8x8F::V7L' from 'C:\Users\chenerxiao\Desktop\鏂版枃鍖栧ぇ璧沑JiangnanProject\Library\PackageCache\com.unity.testtools.codecoverage@19a841221620\lib\ReportGenerator\ReportGeneratorMerged.dll', exception Failed to resolve System.Numerics.Vector4

Field 'System.Numerics.Vector4 SixLabors.ImageSharp.Formats.Jpeg.Components.Block8x8F::V7R' from 'C:\Users\chenerxiao\Desktop\鏂版枃鍖栧ぇ璧沑JiangnanProject\Library\PackageCache\com.unity.testtools.codecoverage@19a841221620\lib\ReportGenerator\ReportGeneratorMerged.dll', exception Failed to resolve System.Numerics.Vector4

Field 'System.Numerics.Vector4 SixLabors.ImageSharp.Formats.Jpeg.Components.Decoder.ColorConverters.JpegColorConverter/Vector4Octet::V0' from 'C:\Users\chenerxiao\Desktop\鏂版枃鍖栧ぇ璧沑JiangnanProject\Library\PackageCache\com.unity.testtools.codecoverage@19a841221620\lib\ReportGenerator\ReportGeneratorMerged.dll', exception Failed to resolve System.Numerics.Vector4

Field 'System.Numerics.Vector4 SixLabors.ImageSharp.Formats.Jpeg.Components.Decoder.ColorConverters.JpegColorConverter/Vector4Octet::V1' from 'C:\Users\chenerxiao\Desktop\鏂版枃鍖栧ぇ璧沑JiangnanProject\Library\PackageCache\com.unity.testtools.codecoverage@19a841221620\lib\ReportGenerator\ReportGeneratorMerged.dll', exception Failed to resolve System.Numerics.Vector4

Field 'System.Numerics.Vector4 SixLabors.ImageSharp.Formats.Jpeg.Components.Decoder.ColorConverters.JpegColorConverter/Vector4Octet::V2' from 'C:\Users\chenerxiao\Desktop\鏂版枃鍖栧ぇ璧沑JiangnanProject\Library\PackageCache\com.unity.testtools.codecoverage@19a841221620\lib\ReportGenerator\ReportGeneratorMerged.dll', exception Failed to resolve System.Numerics.Vector4

Field 'System.Numerics.Vector4 SixLabors.ImageSharp.Formats.Jpeg.Components.Decoder.ColorConverters.JpegColorConverter/Vector4Octet::V3' from 'C:\Users\chenerxiao\Desktop\鏂版枃鍖栧ぇ璧沑JiangnanProject\Library\PackageCache\com.unity.testtools.codecoverage@19a841221620\lib\ReportGenerator\ReportGeneratorMerged.dll', exception Failed to resolve System.Numerics.Vector4

Field 'System.Numerics.Vector4 SixLabors.ImageSharp.Formats.Jpeg.Components.Decoder.ColorConverters.JpegColorConverter/Vector4Octet::V4' from 'C:\Users\chenerxiao\Desktop\鏂版枃鍖栧ぇ璧沑JiangnanProject\Library\PackageCache\com.unity.testtools.codecoverage@19a841221620\lib\ReportGenerator\ReportGeneratorMerged.dll', exception Failed to resolve System.Numerics.Vector4

Field 'System.Numerics.Vector4 SixLabors.ImageSharp.Formats.Jpeg.Components.Decoder.ColorConverters.JpegColorConverter/Vector4Octet::V5' from 'C:\Users\chenerxiao\Desktop\鏂版枃鍖栧ぇ璧沑JiangnanProject\Library\PackageCache\com.unity.testtools.codecoverage@19a841221620\lib\ReportGenerator\ReportGeneratorMerged.dll', exception Failed to resolve System.Numerics.Vector4

Field 'System.Numerics.Vector4 SixLabors.ImageSharp.Formats.Jpeg.Components.Decoder.ColorConverters.JpegColorConverter/Vector4Octet::V6' from 'C:\Users\chenerxiao\Desktop\鏂版枃鍖栧ぇ璧沑JiangnanProject\Library\PackageCache\com.unity.testtools.codecoverage@19a841221620\lib\ReportGenerator\ReportGeneratorMerged.dll', exception Failed to resolve System.Numerics.Vector4

Field 'System.Numerics.Vector4 SixLabors.ImageSharp.Formats.Jpeg.Components.Decoder.ColorConverters.JpegColorConverter/Vector4Octet::V7' from 'C:\Users\chenerxiao\Desktop\鏂版枃鍖栧ぇ璧沑JiangnanProject\Library\PackageCache\com.unity.testtools.codecoverage@19a841221620\lib\ReportGenerator\ReportGeneratorMerged.dll', exception Failed to resolve System.Numerics.Vector4

Field 'System.Numerics.Vector4 SixLabors.ImageSharp.Tuples.Vector4Pair::A' from 'C:\Users\chenerxiao\Desktop\鏂版枃鍖栧ぇ璧沑JiangnanProject\Library\PackageCache\com.unity.testtools.codecoverage@19a841221620\lib\ReportGenerator\ReportGeneratorMerged.dll', exception Failed to resolve System.Numerics.Vector4

Field 'System.Numerics.Vector4 SixLabors.ImageSharp.Tuples.Vector4Pair::B' from 'C:\Users\chenerxiao\Desktop\鏂版枃鍖栧ぇ璧沑JiangnanProject\Library\PackageCache\com.unity.testtools.codecoverage@19a841221620\lib\ReportGenerator\ReportGeneratorMerged.dll', exception Failed to resolve System.Numerics.Vector4
*** Tundra build success (0.56 seconds), 1 items updated, 3 evaluated
Asset Pipeline Refresh (id=1a70df520cf5e794db42050430ba1029): Total: 0.009 seconds - Initiated by RefreshV2(NoUpdateAssetOptions)
[ScriptCompilation] Requested script compilation because: Recompiling scripts for player build.
BuildPlayer: start building target 19
Total cache size 95334205
Total cache size after purge 95334205, took 00:00:00.2693775
Starting: F:\Unity\Editors\6000.3.22f1\Editor\Data\Tools\BuildPipeline\bee_backend.exe --ipc --defer-dag-verification --dagfile="Library/Bee/1900b0aP.dag" --continue-on-failure --profile="Library/Bee/backend1.traceevents" ScriptAssembliesAndTypeDB
WorkingDir: C:/Users/chenerxiao/Desktop/新文化大赛/JiangnanProject
Starting: F:\Unity\Editors\6000.3.22f1\Editor\Data\netcorerun\netcorerun.exe "F:\Unity\Editors\6000.3.22f1\Editor\Data\Tools\BuildPipeline\ScriptCompilationBuildProgram.exe" "Library/Bee/1900b0aP.dag.json" "Library/Bee/1900b0aP-inputdata.json" "Library\Bee\buildprogram0.traceevents"
WorkingDir: C:/Users/chenerxiao/Desktop/新文化大赛/JiangnanProject
ExitCode: 4 Duration: 0s681ms
Rebuilding DAG because FileSignature timestamp changed: Library/Bee/1900b0aP-inputdata.json
[127/146    0s] CopyFiles Library/Bee/PlayerScriptAssemblies/Unity.InternalAPIEngineBridge.004.dll
[128/146    0s] CopyFiles Library/Bee/PlayerScriptAssemblies/UnityEngine.UI.pdb
[129/146    0s] CopyFiles Library/Bee/PlayerScriptAssemblies/Unity.Timeline.pdb
[130/146    0s] CopyFiles Library/Bee/PlayerScriptAssemblies/Unity.TextMeshPro.pdb
[131/146    0s] CopyFiles Library/Bee/PlayerScriptAssemblies/UnityEngine.UI.dll
[132/146    0s] CopyFiles Library/Bee/PlayerScriptAssemblies/Unity.InternalAPIEngineBridge.004.pdb
[133/146    0s] CopyFiles Library/Bee/PlayerScriptAssemblies/Unity.TextMeshPro.dll
[134/146    0s] CopyFiles Library/Bee/PlayerScriptAssemblies/Unity.Timeline.dll
[135/146    0s] CopyFiles Library/Bee/PlayerScriptAssemblies/Unity.VisualScripting.Core.dll
[136/146    0s] CopyFiles Library/Bee/PlayerScriptAssemblies/Unity.VisualScripting.Flow.dll
[137/146    0s] CopyFiles Library/Bee/PlayerScriptAssemblies/Unity.VisualScripting.Core.pdb
[138/146    0s] CopyFiles Library/Bee/PlayerScriptAssemblies/Unity.VisualScripting.Flow.pdb
[139/146    0s] CopyFiles Library/Bee/PlayerScriptAssemblies/Unity.VisualScripting.State.pdb
[140/146    0s] CopyFiles Library/Bee/PlayerScriptAssemblies/Unity.VisualScripting.State.dll
[141/146    0s] Csc Library/Bee/artifacts/1900b0aP.dag/Assembly-CSharp.dll (+2 others)
*** Tundra requires additional run (0.60 seconds), 15 items updated, 126 evaluated
ExitCode: 0 Duration: 0s417ms
Starting: F:\Unity\Editors\6000.3.22f1\Editor\Data\Tools\BuildPipeline\bee_backend.exe --ipc --defer-dag-verification --dagfile="Library/Bee/1900b0aP.dag" --continue-on-failure --dagfilejson="Library\Bee\1900b0aP.dag.json" --profile="Library/Bee/backend2.traceevents" ScriptAssembliesAndTypeDB
WorkingDir: C:/Users/chenerxiao/Desktop/新文化大赛/JiangnanProject
ExitCode: 0 Duration: 2s962ms
Finished compiling graph: 152 nodes, 1054 flattened edges (974 ToBuild, 16 ToUse), maximum node priority 79
[ 89/151    0s] WriteText Library/Bee/artifacts/1900b0aP.dag/Unity.VisualScripting.Core.dll.mvfrm.rsp
[ 90/151    0s] WriteText Library/Bee/artifacts/1900b0aP.dag/UnityEngine.UI.dll.mvfrm.rsp
[ 91/151    0s] WriteText Library/Bee/artifacts/1900b0aP.dag/UnityEngine.UI.rsp
[ 92/151    0s] WriteText Library/Bee/artifacts/1900b0aP.dag/Unity.VisualScripting.Core.rsp
[ 93/151    0s] WriteText Library/Bee/artifacts/1900b0aP.dag/Unity.VisualScripting.Flow.dll.mvfrm.rsp
[ 94/151    0s] WriteText Library/Bee/artifacts/1900b0aP.dag/Unity.InternalAPIEngineBridge.004.rsp
[ 95/151    0s] WriteText Library/Bee/artifacts/1900b0aP.dag/Unity.InternalAPIEngineBridge.004.dll.mvfrm.rsp
[ 96/151    0s] WriteText Library/Bee/artifacts/1900b0aP.dag/Unity.VisualScripting.Flow.rsp
[ 97/151    0s] WriteText Library/Bee/artifacts/1900b0aP.dag/Unity.Timeline.dll.mvfrm.rsp
[ 98/151    0s] WriteText Library/Bee/artifacts/1900b0aP.dag/Unity.VisualScripting.State.dll.mvfrm.rsp
[ 99/151    0s] WriteText Library/Bee/artifacts/1900b0aP.dag/Unity.TextMeshPro.rsp
[100/151    0s] WriteText Library/Bee/artifacts/1900b0aP.dag/Assembly-CSharp.dll.mvfrm.rsp
[101/151    0s] WriteText Library/Bee/artifacts/1900b0aP.dag/Unity.VisualScripting.State.rsp
[102/151    0s] WriteText Library/Bee/artifacts/1900b0aP.dag/Unity.Timeline.rsp
[103/151    0s] WriteText Library/Bee/artifacts/1900b0aP.dag/Unity.TextMeshPro.dll.mvfrm.rsp
[104/151    0s] WriteText Library/Bee/artifacts/1900b0aP.dag/Assembly-CSharp.rsp
[105/151    0s] MovedFromExtractor Library/Bee/artifacts/mvdfrm/UnityEngine.ClusterInputModule.dll_E3E6AD05B0C7844F.mvfrm
[106/151    0s] MovedFromExtractor Library/Bee/artifacts/mvdfrm/UnityEngine.InsightsModule.dll_2899942813C0919A.mvfrm
[107/151    0s] MovedFromExtractor Library/Bee/artifacts/mvdfrm/UnityEngine.ClusterRendererModule.dll_D764B7333B756762.mvfrm
[108/151    0s] MovedFromExtractor Library/Bee/artifacts/mvdfrm/UnityEngine.ARModule.dll_0693063477B41A10.mvfrm
[109/151    0s] MovedFromExtractor Library/Bee/artifacts/mvdfrm/UnityEngine.VirtualTexturingModule.dll_4AED826FA289BD9C.mvfrm
[110/151    0s] MovedFromExtractor-Combine Library/Bee/artifacts/1900b0aP.dag/UnityEngine.UI.dll.mvfrm
[110/151    0s] Csc Library/Bee/artifacts/1900b0aP.dag/UnityEngine.UI.dll (+2 others) [CacheHit fd87f0046873801b6f5d87953a1d376000000000000000000000000000000005]
[111/151   1788230816s] Csc Library/Bee/artifacts/1900b0aP.dag/UnityEngine.UI.dll (+2 others)
[114/151    0s] CopyFiles Library/Bee/PlayerScriptAssemblies/UnityEngine.UI.dll
[115/151    0s] CopyFiles Library/Bee/PlayerScriptAssemblies/UnityEngine.UI.pdb
[116/151    0s] MovedFromExtractor-Combine Library/Bee/artifacts/1900b0aP.dag/Unity.Timeline.dll.mvfrm
[117/151    0s] MovedFromExtractor-Combine Library/Bee/artifacts/1900b0aP.dag/Unity.VisualScripting.Core.dll.mvfrm
[118/151    0s] MovedFromExtractor-Combine Library/Bee/artifacts/1900b0aP.dag/Unity.InternalAPIEngineBridge.004.dll.mvfrm
[117/151    0s] Csc Library/Bee/artifacts/1900b0aP.dag/Unity.Timeline.dll (+2 others) [CacheHit 4587ac966e4d4936249f1ecf9d61b8dc00000000000000000000000000000005]
[119/151   1788230817s] Csc Library/Bee/artifacts/1900b0aP.dag/Unity.Timeline.dll (+2 others)
[119/151    0s] Csc Library/Bee/artifacts/1900b0aP.dag/Unity.InternalAPIEngineBridge.004.dll (+2 others) [CacheHit 1c076e2aead6fb60718c08173f7d7c1c00000000000000000000000000000005]
[122/151   1788230817s] Csc Library/Bee/artifacts/1900b0aP.dag/Unity.InternalAPIEngineBridge.004.dll (+2 others)
[121/151    0s] Csc Library/Bee/artifacts/1900b0aP.dag/Unity.VisualScripting.Core.dll (+2 others) [CacheHit b6545ac6e872365b53f57bb28cce894500000000000000000000000000000005]
[125/151   1788230817s] Csc Library/Bee/artifacts/1900b0aP.dag/Unity.VisualScripting.Core.dll (+2 others)
[127/151    0s] CopyFiles Library/Bee/PlayerScriptAssemblies/Unity.Timeline.dll
[129/151    0s] CopyFiles Library/Bee/PlayerScriptAssemblies/Unity.Timeline.pdb
[130/151    0s] CopyFiles Library/Bee/PlayerScriptAssemblies/Unity.InternalAPIEngineBridge.004.pdb
[131/151    0s] CopyFiles Library/Bee/PlayerScriptAssemblies/Unity.InternalAPIEngineBridge.004.dll
[132/151    0s] CopyFiles Library/Bee/PlayerScriptAssemblies/Unity.VisualScripting.Core.pdb
[133/151    0s] CopyFiles Library/Bee/PlayerScriptAssemblies/Unity.VisualScripting.Core.dll
[134/151    0s] MovedFromExtractor-Combine Library/Bee/artifacts/1900b0aP.dag/Unity.TextMeshPro.dll.mvfrm
[135/151    0s] MovedFromExtractor-Combine Library/Bee/artifacts/1900b0aP.dag/Unity.VisualScripting.Flow.dll.mvfrm
[131/151    0s] Csc Library/Bee/artifacts/1900b0aP.dag/Unity.TextMeshPro.dll (+2 others) [CacheHit fa11d45776a5de6b2dcf3b88fe392df600000000000000000000000000000005]
[136/151   1788230817s] Csc Library/Bee/artifacts/1900b0aP.dag/Unity.TextMeshPro.dll (+2 others)
[132/151    0s] Csc Library/Bee/artifacts/1900b0aP.dag/Unity.VisualScripting.Flow.dll (+2 others) [CacheHit bceb6dc0e2d948d1a1ea5e083fc42ea600000000000000000000000000000005]
[138/151   1788230817s] Csc Library/Bee/artifacts/1900b0aP.dag/Unity.VisualScripting.Flow.dll (+2 others)
[142/151    0s] CopyFiles Library/Bee/PlayerScriptAssemblies/Unity.TextMeshPro.dll
[143/151    0s] CopyFiles Library/Bee/PlayerScriptAssemblies/Unity.VisualScripting.Flow.dll
[144/151    0s] CopyFiles Library/Bee/PlayerScriptAssemblies/Unity.VisualScripting.Flow.pdb
[145/151    0s] CopyFiles Library/Bee/PlayerScriptAssemblies/Unity.TextMeshPro.pdb
[146/151    0s] MovedFromExtractor-Combine Library/Bee/artifacts/1900b0aP.dag/Unity.VisualScripting.State.dll.mvfrm
[140/151    0s] Csc Library/Bee/artifacts/1900b0aP.dag/Unity.VisualScripting.State.dll (+2 others) [CacheHit ee8d7d0c22455b6aaf0769d646042dd400000000000000000000000000000005]
[147/151   1788230817s] Csc Library/Bee/artifacts/1900b0aP.dag/Unity.VisualScripting.State.dll (+2 others)
[150/151    0s] CopyFiles Library/Bee/PlayerScriptAssemblies/Unity.VisualScripting.State.pdb
[151/151    0s] CopyFiles Library/Bee/PlayerScriptAssemblies/Unity.VisualScripting.State.dll
[152/151    0s] MovedFromExtractor-Combine Library/Bee/artifacts/1900b0aP.dag/Assembly-CSharp.dll.mvfrm
[153/151    0s] Csc Library/Bee/artifacts/1900b0aP.dag/Assembly-CSharp.dll (+2 others)
[154/151    0s] CopyFiles Library/Bee/PlayerScriptAssemblies/Assembly-CSharp.pdb
[155/151    0s] CopyFiles Library/Bee/PlayerScriptAssemblies/Assembly-CSharp.dll
[157/151    0s] BuildPlayerDataGenerator Library/BuildPlayerData/Player/RuntimeInitializeOnLoads.json (+1 other)
*** Tundra build success (2.91 seconds), 47 items updated, 151 evaluated
Total cache size 95334205
Total cache size after purge 95334205, took 00:00:00.2941826
Not rebuilding Data files -- no changes


Mono dependencies included in the build
Dependency assembly - System.Json.dll
Dependency assembly - System.Security.Cryptography.Hashing.dll
Dependency assembly - System.Reflection.Extensions.dll
Dependency assembly - System.ServiceModel.Activation.dll
Dependency assembly - System.Globalization.dll
Dependency assembly - System.Linq.Parallel.dll
Dependency assembly - System.Runtime.Serialization.Formatters.dll
Dependency assembly - I18N.Other.dll
Dependency assembly - Unity.InternalAPIEngineBridge.004.dll
Dependency assembly - System.Net.AuthenticationManager.dll
Dependency assembly - System.Security.Principal.dll
Dependency assembly - System.Data.Entity.dll
Dependency assembly - System.Xml.ReaderWriter.dll
Dependency assembly - System.Diagnostics.Debug.dll
Dependency assembly - Unity.Timeline.dll
Dependency assembly - System.Text.Encoding.CodePages.dll
Dependency assembly - System.IO.FileSystem.DriveInfo.dll
Dependency assembly - System.Security.Cryptography.RandomNumberGenerator.dll
Dependency assembly - System.Resources.Writer.dll
Dependency assembly - System.Data.Linq.dll
Dependency assembly - System.Net.WebSockets.dll
Dependency assembly - System.Windows.Forms.DataVisualization.dll
Dependency assembly - System.Net.Sockets.dll
Dependency assembly - System.Net.NetworkInformation.dll
Dependency assembly - System.Web.Mobile.dll
Dependency assembly - System.Security.Cryptography.Primitives.dll
Dependency assembly - System.Data.Services.Client.dll
Dependency assembly - System.IdentityModel.Selectors.dll
Dependency assembly - System.Xml.XPath.dll
Dependency assembly - System.ServiceModel.Primitives.dll
Dependency assembly - System.Security.Cryptography.DeriveBytes.dll
Dependency assembly - System.ServiceModel.Discovery.dll
Dependency assembly - System.Data.Common.dll
Dependency assembly - System.Threading.AccessControl.dll
Dependency assembly - System.ComponentModel.Annotations.dll
Dependency assembly - Mono.Data.Tds.dll
Dependency assembly - Assembly-CSharp.dll
Dependency assembly - System.Security.Cryptography.OpenSsl.dll
Dependency assembly - System.Reflection.Emit.ILGeneration.dll
Dependency assembly - System.Memory.dll
Dependency assembly - System.ComponentModel.DataAnnotations.dll
Dependency assembly - System.Security.Cryptography.X509Certificates.dll
Dependency assembly - System.IO.Compression.dll
Dependency assembly - System.Data.Services.dll
Dependency assembly - System.Web.Http.WebHost.dll
Dependency assembly - System.Transactions.dll
Dependency assembly - I18N.dll
Dependency assembly - System.Security.dll
Dependency assembly - System.Collections.NonGeneric.dll
Dependency assembly - System.Reflection.Emit.Lightweight.dll
Dependency assembly - System.Configuration.dll
Dependency assembly - Mono.WebBrowser.dll
Dependency assembly - System.Diagnostics.TraceSource.dll
Dependency assembly - System.Web.WebPages.Deployment.dll
Dependency assembly - System.Security.AccessControl.dll
Dependency assembly - System.Security.Cryptography.ProtectedData.dll
Dependency assembly - Microsoft.Win32.Registry.dll
Dependency assembly - Microsoft.Build.Utilities.v4.0.dll
Dependency assembly - System.ServiceModel.NetTcp.dll
Dependency assembly - SMDiagnostics.dll
Dependency assembly - System.Runtime.Serialization.dll
Dependency assembly - System.Xml.Linq.dll
Dependency assembly - System.Configuration.Install.dll
Dependency assembly - System.Data.SqlClient.dll
Dependency assembly - System.Diagnostics.TextWriterTraceListener.dll
Dependency assembly - System.Xml.XmlSerializer.dll
Dependency assembly - System.Diagnostics.Tracing.dll
Dependency assembly - System.Threading.dll
Dependency assembly - System.ServiceModel.dll
Dependency assembly - System.Security.Cryptography.Pkcs.dll
Dependency assembly - System.Web.Services.dll
Dependency assembly - System.Web.WebPages.Razor.dll
Dependency assembly - System.Collections.Concurrent.dll
Dependency assembly - System.Diagnostics.StackTrace.dll
Dependency assembly - System.Reactive.Runtime.Remoting.dll
Dependency assembly - System.Data.dll
Dependency assembly - I18N.CJK.dll
Dependency assembly - System.ServiceModel.Duplex.dll
Dependency assembly - System.Reflection.TypeExtensions.dll
Dependency assembly - System.Linq.Expressions.dll
Dependency assembly - System.Runtime.CompilerServices.VisualC.dll
Dependency assembly - System.Reflection.dll
Dependency assembly - System.Reactive.Core.dll
Dependency assembly - System.ComponentModel.Primitives.dll
Dependency assembly - Mono.Simd.dll
Dependency assembly - Accessibility.dll
Dependency assembly - System.Reflection.DispatchProxy.dll
Dependency assembly - System.Net.WebSockets.Client.dll
Dependency assembly - System.Security.Principal.Windows.dll
Dependency assembly - cscompmgd.dll
Dependency assembly - System.Reactive.Linq.dll
Dependency assembly - System.Runtime.Handles.dll
Dependency assembly - Mono.Security.dll
Dependency assembly - System.ValueTuple.dll
Dependency assembly - System.ServiceProcess.dll
Dependency assembly - System.EnterpriseServices.dll
Dependency assembly - WebMatrix.Data.dll
Dependency assembly - System.IO.Pipes.dll
Dependency assembly - System.Text.Encoding.Extensions.dll
Dependency assembly - System.Resources.ReaderWriter.dll
Dependency assembly - Mono.Messaging.RabbitMQ.dll
Dependency assembly - WindowsBase.dll
Dependency assembly - System.ServiceModel.Web.dll
Dependency assembly - System.Collections.Specialized.dll
Dependency assembly - System.Runtime.Extensions.dll
Dependency assembly - System.Threading.Tasks.dll
Dependency assembly - Mono.CompilerServices.SymbolWriter.dll
Dependency assembly - System.Net.Primitives.dll
Dependency assembly - System.Web.Razor.dll
Dependency assembly - I18N.Rare.dll
Dependency assembly - Microsoft.Build.Framework.dll
Dependency assembly - Mono.Parallel.dll
Dependency assembly - PEAPI.dll
Dependency assembly - System.Security.Cryptography.Encryption.ECDsa.dll
Dependency assembly - Microsoft.Win32.Primitives.dll
Dependency assembly - System.ObjectModel.dll
Dependency assembly - System.Web.Mvc.dll
Dependency assembly - System.IO.UnmanagedMemoryStream.dll
Dependency assembly - System.Security.Cryptography.Encoding.dll
Dependency assembly - System.Xml.Xsl.Primitives.dll
Dependency assembly - System.AppContext.dll
Dependency assembly - System.Reactive.Debugger.dll
Dependency assembly - System.Net.Cache.dll
Dependency assembly - System.Deployment.dll
Dependency assembly - System.IO.dll
Dependency assembly - System.Runtime.InteropServices.dll
Dependency assembly - System.Workflow.Activities.dll
Dependency assembly - System.IO.FileSystem.AccessControl.dll
Dependency assembly - System.Buffers.dll
Dependency assembly - System.Web.WebPages.dll
Dependency assembly - Mono.Options.dll
Dependency assembly - System.Linq.Queryable.dll
Dependency assembly - System.Dynamic.dll
Dependency assembly - Microsoft.Web.Infrastructure.dll
Dependency assembly - System.IO.IsolatedStorage.dll
Dependency assembly - CustomMarshalers.dll
Dependency assembly - System.Web.Abstractions.dll
Dependency assembly - System.Text.Encoding.dll
Dependency assembly - System.Net.Http.Formatting.dll
Dependency assembly - System.Reflection.Context.dll
Dependency assembly - System.Web.Http.dll
Dependency assembly - System.Reactive.Windows.Threading.dll
Dependency assembly - System.Runtime.Caching.dll
Dependency assembly - System.IO.FileSystem.dll
Dependency assembly - System.IO.FileSystem.Primitives.dll
Dependency assembly - System.IO.Compression.FileSystem.dll
Dependency assembly - monodoc.dll
Dependency assembly - Mono.Posix.dll
Dependency assembly - System.Globalization.Extensions.dll
Dependency assembly - System.Diagnostics.Process.dll
Dependency assembly - Mono.CSharp.dll
Dependency assembly - System.Net.Mail.dll
Dependency assembly - System.Net.HttpListener.dll
Dependency assembly - System.Security.Cryptography.Algorithms.dll
Dependency assembly - System.Reactive.Providers.dll
Dependency assembly - System.Threading.Tasks.Parallel.dll
Dependency assembly - System.Xml.XDocument.dll
Dependency assembly - System.Globalization.Calendars.dll
Dependency assembly - System.Net.WebHeaderCollection.dll
Dependency assembly - System.ComponentModel.dll
Dependency assembly - System.Web.Extensions.Design.dll
Dependency assembly - Mono.Management.dll
Dependency assembly - System.IO.FileSystem.Watcher.dll
Dependency assembly - System.Data.OracleClient.dll
Dependency assembly - System.Workflow.Runtime.dll
Dependency assembly - netstandard.dll
Dependency assembly - Mono.Cairo.dll
Dependency assembly - System.Runtime.InteropServices.RuntimeInformation.dll
Dependency assembly - System.DirectoryServices.Protocols.dll
Dependency assembly - Microsoft.Build.Engine.dll
Dependency assembly - System.Net.Http.dll
Dependency assembly - System.Runtime.DurableInstancing.dll
Dependency assembly - ICSharpCode.SharpZipLib.dll
Dependency assembly - Mono.Tasklets.dll
Dependency assembly - System.Xml.XPath.XmlDocument.dll
Dependency assembly - System.Reactive.Experimental.dll
Dependency assembly - System.Security.Cryptography.Encryption.Aes.dll
Dependency assembly - System.Web.ApplicationServices.dll
Dependency assembly - Mono.Http.dll
Dependency assembly - System.Resources.Reader.dll
Dependency assembly - UnityEngine.UI.dll
Dependency assembly - Commons.Xml.Relaxng.dll
Dependency assembly - System.Security.Cryptography.Hashing.Algorithms.dll
Dependency assembly - System.Web.Routing.dll
Dependency assembly - Novell.Directory.Ldap.dll
Dependency assembly - System.Runtime.Serialization.Json.dll
Dependency assembly - System.Threading.Tasks.Extensions.dll
Dependency assembly - System.Security.SecureString.dll
Dependency assembly - System.Net.Ping.dll
Dependency assembly - System.ServiceProcess.ServiceController.dll
Dependency assembly - System.Security.Cryptography.Encryption.ECDiffieHellman.dll
Dependency assembly - System.IO.Compression.ZipFile.dll
Dependency assembly - System.Workflow.ComponentModel.dll
Dependency assembly - System.Threading.Timer.dll
Dependency assembly - System.Xml.dll
Dependency assembly - System.Collections.dll
Dependency assembly - System.Net.Utilities.dll
Dependency assembly - System.Dynamic.Runtime.dll
Dependency assembly - System.Net.Requests.dll
Dependency assembly - Unity.VisualScripting.State.dll
Dependency assembly - I18N.West.dll
Dependency assembly - IBM.Data.DB2.dll
Dependency assembly - System.Web.Extensions.dll
Dependency assembly - System.Net.Http.Rtc.dll
Dependency assembly - Mono.Profiler.Log.dll
Dependency assembly - System.Windows.dll
Dependency assembly - Mono.XBuild.Tasks.dll
Dependency assembly - System.Security.Cryptography.RSA.dll
Dependency assembly - Unity.TextMeshPro.dll
Dependency assembly - System.Xaml.dll
Dependency assembly - System.Runtime.Loader.dll
Dependency assembly - Microsoft.Win32.Registry.AccessControl.dll
Dependency assembly - System.Runtime.InteropServices.WindowsRuntime.dll
Dependency assembly - RabbitMQ.Client.dll
Dependency assembly - System.Drawing.dll
Dependency assembly - Mono.Security.Win32.dll
Dependency assembly - System.Threading.ThreadPool.dll
Dependency assembly - System.Security.Cryptography.Encryption.dll
Dependency assembly - System.Reactive.Windows.Forms.dll
Dependency assembly - System.Core.dll
Dependency assembly - System.Windows.Forms.dll
Dependency assembly - Unity.VisualScripting.Flow.dll
Dependency assembly - System.Reflection.Emit.dll
Dependency assembly - System.ComponentModel.Composition.dll
Dependency assembly - System.Web.RegularExpressions.dll
Dependency assembly - System.Runtime.dll
Dependency assembly - Microsoft.CSharp.dll
Dependency assembly - System.Diagnostics.Tools.dll
Dependency assembly - System.Security.Cryptography.Csp.dll
Dependency assembly - System.ServiceModel.Security.dll
Dependency assembly - System.Text.RegularExpressions.dll
Dependency assembly - Microsoft.VisualC.dll
Dependency assembly - System.Threading.Overlapped.dll
Dependency assembly - System.Threading.Tasks.Dataflow.dll
Dependency assembly - mscorlib.dll
Dependency assembly - Mono.C5.dll
Dependency assembly - System.Console.dll
Dependency assembly - Microsoft.Build.dll
Dependency assembly - System.Management.dll
Dependency assembly - System.Runtime.Remoting.dll
Dependency assembly - SystemWebTestShim.dll
Dependency assembly - Unity.VisualScripting.Core.dll
Dependency assembly - Mono.Btls.Interface.dll
Dependency assembly - System.Xml.XPath.XDocument.dll
Dependency assembly - System.Drawing.Primitives.dll
Dependency assembly - System.Xml.XmlDocument.dll
Dependency assembly - System.IdentityModel.dll
Dependency assembly - System.dll
Dependency assembly - System.Reflection.Primitives.dll
Dependency assembly - System.Drawing.Design.dll
Dependency assembly - System.Reactive.Observable.Aliases.dll
Dependency assembly - System.Xml.Serialization.dll
Dependency assembly - System.ComponentModel.TypeConverter.dll
Dependency assembly - System.Numerics.dll
Dependency assembly - System.Web.DynamicData.dll
Dependency assembly - System.Runtime.Serialization.Xml.dll
Dependency assembly - System.ComponentModel.EventBasedAsync.dll
Dependency assembly - System.Threading.Thread.dll
Dependency assembly - System.IO.MemoryMappedFiles.dll
Dependency assembly - System.Diagnostics.TraceEvent.dll
Dependency assembly - Mono.Messaging.dll
Dependency assembly - System.ServiceModel.Http.dll
Dependency assembly - System.Runtime.Serialization.Formatters.Soap.dll
Dependency assembly - System.Numerics.Vectors.dll
Dependency assembly - System.Security.Cryptography.Cng.dll
Dependency assembly - System.Net.ServicePoint.dll
Dependency assembly - I18N.MidEast.dll
Dependency assembly - System.Data.DataSetExtensions.dll
Dependency assembly - System.Net.Http.WebRequest.dll
Dependency assembly - Mono.Data.Sqlite.dll
Dependency assembly - System.Design.dll
Dependency assembly - System.Reactive.PlatformServices.dll
Dependency assembly - Microsoft.Build.Tasks.v4.0.dll
Dependency assembly - System.ServiceModel.Internals.dll
Dependency assembly - System.Json.Microsoft.dll
Dependency assembly - System.Runtime.Numerics.dll
Dependency assembly - System.Linq.dll
Dependency assembly - System.Resources.ResourceManager.dll
Dependency assembly - System.ServiceModel.Routing.dll
Dependency assembly - System.Web.dll
Dependency assembly - System.Diagnostics.FileVersionInfo.dll
Dependency assembly - System.Net.Security.dll
Dependency assembly - System.Reactive.Interfaces.dll
Dependency assembly - System.Diagnostics.Contracts.dll
Dependency assembly - System.Runtime.Serialization.Primitives.dll
Dependency assembly - System.Net.NameResolution.dll
Dependency assembly - System.Net.dll
Dependency assembly - Unity.VisualScripting.Antlr3.Runtime.dll
Dependency assembly - System.DirectoryServices.dll
Dependency assembly - System.Security.Claims.dll
Dependency assembly - System.Messaging.dll
Dependency assembly - System.Web.Http.SelfHost.dll

Starting: F:\Unity\Editors\6000.3.22f1\Editor\Data\Tools\BuildPipeline\bee_backend.exe --ipc --dagfile="Library/Bee/Player0b34e6a7.dag" --profile="Library/Bee/backend1.traceevents" Player
WorkingDir: C:/Users/chenerxiao/Desktop/新文化大赛/JiangnanProject
DisplayProgressbar: Incremental Player Build
Starting: F:\Unity\Editors\6000.3.22f1\Editor\Data\netcorerun\netcorerun.exe "F:\Unity\Editors\6000.3.22f1\Editor\Data\PlaybackEngines\WindowsStandaloneSupport\WinPlayerBuildProgram.exe" "F:/Unity/Editors/6000.3.22f1/Editor/Data/PlaybackEngines/WindowsStandaloneSupport/Bee;F:/Unity/Editors/6000.3.22f1/Editor/Data/Tools/BuildPipeline" "Library/Bee/Player0b34e6a7.dag.json" "Library/Bee/Player0b34e6a7-inputdata.json" "Library\Bee\buildprogram0.traceevents"
WorkingDir: C:/Users/chenerxiao/Desktop/新文化大赛/JiangnanProject
ExitCode: 4 Duration: 1s956ms
ExitCode: 0 Duration: 0s735ms
Starting: F:\Unity\Editors\6000.3.22f1\Editor\Data\Tools\BuildPipeline\bee_backend.exe --ipc --dagfile="Library/Bee/Player0b34e6a7.dag" --dagfilejson="Library\Bee\Player0b34e6a7.dag.json" --profile="Library/Bee/backend2.traceevents" Player
WorkingDir: C:/Users/chenerxiao/Desktop/新文化大赛/JiangnanProject
Refreshing native plugins compatible for Editor in 9.99 ms, found 4 plugins.
ExitCode: 0 Duration: 0s408ms
Refreshing native plugins compatible for Editor in 6.02 ms, found 4 plugins.
Preloading 0 native plugins for Editor in 0.00 ms.

-------------------------------------------------------------------------------
Build Report
Information on used Assets is not available, since player data was not rebuilt.
Do a clean build to view the Asset build report information.
-------------------------------------------------------------------------------
Unloading 4 Unused Serialized files (Serialized files now loaded: 0)
Unloading 50 unused Assets / (0.8 MB). Loaded Objects now: 4312.
Memory consumption went from 128.4 MB to 127.6 MB.
Total: 4.495200 ms (FindLiveObjects: 0.195400 ms CreateObjectMapping: 0.092600 ms MarkObjects: 3.879000 ms  DeleteObjects: 0.327300 ms)

DisplayProgressNotification: Build Successful
Build Finished, Result: Success.
##utp:{"type":"PlayerBuildInfo","version":2,"phase":"Immediate","time":1788230823178,"processId":34344,"steps":[{"description":"Preprocess Player","duration":13},{"description":"Prepare For Build","duration":9},{"description":"ProducePlayerScriptAssemblies","duration":5246},{"description":"Verify Build setup","duration":262},{"description":"Prepare assets for target platform","duration":267},{"description":"Prepare splash screen","duration":2},{"description":"Run script only build","duration":132},{"description":"Postprocess built player","duration":3480}],"duration":9411}
Unloading 0 Unused Serialized files (Serialized files now loaded: 0)
Loaded scene 'Temp/__Backupscenes/0.backup'
	Deserialize:            1.120 ms
	Integration:            4.592 ms
	Integration of assets:  0.002 ms
	Thread Wait Time:       0.013 ms
	Total Operation Time:   5.726 ms
Unloading 0 unused Assets / (0 B). Loaded Objects now: 4312.
Memory consumption went from 127.1 MB to 127.1 MB.
Total: 4.726500 ms (FindLiveObjects: 0.198800 ms CreateObjectMapping: 0.101700 ms MarkObjects: 4.415800 ms  DeleteObjects: 0.009400 ms)

Total cache size 95334205
Total cache size after purge 95334205, took 00:00:00.2854939
JIANGNAN_BUILD_RESULT Windows build: Succeeded, errors=0, warnings=0, bytes=467683379
UnityEngine.Debug:ExtractStackTraceNoAlloc (byte*,int,string)
UnityEngine.StackTraceUtility:ExtractStackTrace ()
UnityEngine.DebugLogHandler:Internal_Log (UnityEngine.LogType,UnityEngine.LogOption,string,UnityEngine.Object)
UnityEngine.DebugLogHandler:LogFormat (UnityEngine.LogType,UnityEngine.Object,string,object[])
UnityEngine.Logger:Log (UnityEngine.LogType,object)
UnityEngine.Debug:Log (object)
JiangnanBuild:Build (UnityEditor.BuildTarget,string,string) (at Assets/Editor/JiangnanBuild.cs:41)
JiangnanBuild:BuildWindows () (at Assets/Editor/JiangnanBuild.cs:15)

(Filename: Assets/Editor/JiangnanBuild.cs Line: 41)

Batchmode quit successfully invoked - shutting down!
Killing ADB server in 2.1271541 seconds.
[Physics::Module] Cleanup current backend.
[Physics::Module] Id: 0xf2b8ea05
Input System module state changed to: ShutdownInProgress.
Input System polling thread exited.
Input System module state changed to: Shutdown.
[Licensing::IpcConnector] LicenseClient-chenerxiao-notifications channel disconnected successfully.
[Licensing::IpcConnector] LicenseClient-chenerxiao channel disconnected successfully.
AcceleratorClientConnectionCallback - disconnected - :0
Cleanup mono
Exiting batchmode successfully now!
Exiting without the bug reporter. Application will terminate with return code 0