Mono path[0] = 'C:/Users/chenerxiao/Desktop/新文化大赛/JiangnanProject/Builds/Windows/JiangnanProject_Data/Managed'
Mono config path = 'C:/Users/chenerxiao/Desktop/新文化大赛/JiangnanProject/Builds/Windows/MonoBleedingEdge/etc'
Input System module state changed to: Initialized.
[Physics::Module] Initialized fallback backend.
[Physics::Module] Id: 0xdecafbad
Initialize engine version: 6000.3.22f1 (1c726e1fb402)
[Subsystems] Discovering subsystems at path C:/Users/chenerxiao/Desktop/新文化大赛/JiangnanProject/Builds/Windows/JiangnanProject_Data/UnitySubsystems
Forcing GfxDevice: Null
GfxDevice: creating device client; kGfxThreadingModeNonThreaded
NullGfxDevice:
    Version:  NULL 1.0 [1.0]
    Renderer: Null Device
    Vendor:   Unity Technologies
Begin MonoManager ReloadAssembly
- Loaded All Assemblies, in  0.145 seconds
- Finished resetting the current domain, in  0.002 seconds
[Physics::Module] Selected backend.
[Physics::Module] Name: PhysX
[Physics::Module] Id: 0xf2b8ea05
[Physics::Module] SDK Version: 4.1.2
[Physics::Module] Integration Version: 1.0.0
[Physics::Module] Threading Mode: Multi-Threaded
Microsoft Media Foundation video decoding to texture disabled: graphics device is Null, only Direct3D 11 and Direct3D 12 (only on desktop) are supported for hardware-accelerated video decoding.
UnloadTime: 0.396800 ms
This custom render path shader needs to have at least 1 passes.
Could not find material Hidden/VideoDecode. Make sure the Video shaders are included in your build, in the Built-in Shader Settings section of the Graphics Settings.
Could not find video decode shader pass YCbCr_To_RGB1 in shader <not found>
Could not find video decode shader pass YCbCrA_To_RGBAFull in shader <not found>
Could not find video decode shader pass YCbCrA_To_RGBA in shader <not found>
Could not find video decode shader pass Flip_RGBA_To_RGBA in shader <not found>
Could not find video decode shader pass Flip_RGBASplit_To_RGBA in shader <not found>
Could not find video decode shader pass Flip_NV12_To_RGB1 in shader <not found>
Could not find video decode shader pass Flip_NV12_To_RGBA in shader <not found>
This custom render path shader needs to have at least 1 passes.
Could not find material Hidden/VideoComposite. Make sure the Video shaders are included in your build, in the Built-in Shader Settings section of the Graphics Settings.
Could not find video decode shader pass Default in shader <not found>
Unloading 5 Unused Serialized files (Serialized files now loaded: 0)
UnloadTime: 3.520100 ms
Unloading 9 unused Assets to reduce memory usage. Loaded Objects now: 1489.
Total: 1.206200 ms (FindLiveObjects: 0.051500 ms CreateObjectMapping: 0.016400 ms MarkObjects: 1.112000 ms  DeleteObjects: 0.026100 ms)

Color primaries 0 is unknown or unsupported by WindowsMediaFoundation. Falling back to default may result in color shift. C:\Users\CHENER~1\AppData\Local\Temp\JiangnanProjectMedia\intro.mp4
Video shaders not found. Make sure the Video shaders are enabled in the Built-in Shader Settings section of the Graphics Settings.
VideoPlayer error in yangzhou: VideoPlayer cannot play url : C:/Users/CHENER~1/AppData/Local/Temp/JiangnanProjectMedia/yangzhou_01.mp4

Resource not available.
VideoPlayer error in yangzhou: VideoPlayer cannot play url : C:/Users/CHENER~1/AppData/Local/Temp/JiangnanProjectMedia/yangzhou_01.mp4

Resource not available.
Video preparation timed out: yangzhou_01.mp4
VideoPlayer error in yangzhou: VideoPlayer cannot play url : C:/Users/CHENER~1/AppData/Local/Temp/JiangnanProjectMedia/yangzhou_01.mp4

Resource not available.
Unloading 6 Unused Serialized files (Serialized files now loaded: 0)
UnloadTime: 1.353200 ms
Unloading 3 unused Assets to reduce memory usage. Loaded Objects now: 1489.
Total: 0.765300 ms (FindLiveObjects: 0.054100 ms CreateObjectMapping: 0.013800 ms MarkObjects: 0.688800 ms  DeleteObjects: 0.008400 ms)

Unloading 5 Unused Serialized files (Serialized files now loaded: 0)
UnloadTime: 0.289500 ms
Unloading 3 unused Assets to reduce memory usage. Loaded Objects now: 1489.
Total: 1.130600 ms (FindLiveObjects: 0.050500 ms CreateObjectMapping: 0.015500 ms MarkObjects: 1.055800 ms  DeleteObjects: 0.008600 ms)

Unloading 5 Unused Serialized files (Serialized files now loaded: 0)
UnloadTime: 0.649400 ms
Unexpected timestamp values detected. This can occur in H.264 videos not encoded with the baseline profile. Timestamps will be skewed to correct the playback for C:\Users\CHENER~1\AppData\Local\Temp\JiangnanProjectMedia\huaian_01.mp4
Unloading 3 unused Assets to reduce memory usage. Loaded Objects now: 1489.
Total: 0.818700 ms (FindLiveObjects: 0.050600 ms CreateObjectMapping: 0.015900 ms MarkObjects: 0.743600 ms  DeleteObjects: 0.008300 ms)

Unloading 5 Unused Serialized files (Serialized files now loaded: 0)
UnloadTime: 1.821200 ms
Unloading 3 unused Assets to reduce memory usage. Loaded Objects now: 1490.
Total: 1.134900 ms (FindLiveObjects: 0.068100 ms CreateObjectMapping: 0.017500 ms MarkObjects: 1.040000 ms  DeleteObjects: 0.009100 ms)

JIANGNAN_RUNTIME_SMOKE_FAIL
[Physics::Module] Cleanup current backend.
[Physics::Module] Id: 0xf2b8ea05
Input System module state changed to: ShutdownInProgress.
Input System polling thread exited.
Input System module state changed to: Shutdown.
