Mono path[0] = 'C:/Users/chenerxiao/Desktop/新文化大赛/JiangnanProject/Builds/Windows/JiangnanProject_Data/Managed'
Mono config path = 'C:/Users/chenerxiao/Desktop/新文化大赛/JiangnanProject/Builds/Windows/MonoBleedingEdge/etc'
Input System module state changed to: Initialized.
[Physics::Module] Initialized fallback backend.
[Physics::Module] Id: 0xdecafbad
Initialize engine version: 6000.3.22f1 (1c726e1fb402)
[Subsystems] Discovering subsystems at path C:/Users/chenerxiao/Desktop/新文化大赛/JiangnanProject/Builds/Windows/JiangnanProject_Data/UnitySubsystems
Forcing GfxDevice: Null
GfxDevice: creating device client; kGfxThreadingModeNonThreaded
NullGfxDevice:
    Version:  NULL 1.0 [1.0]
    Renderer: Null Device
    Vendor:   Unity Technologies
Begin MonoManager ReloadAssembly
- Loaded All Assemblies, in  0.150 seconds
- Finished resetting the current domain, in  0.002 seconds
[Physics::Module] Selected backend.
[Physics::Module] Name: PhysX
[Physics::Module] Id: 0xf2b8ea05
[Physics::Module] SDK Version: 4.1.2
[Physics::Module] Integration Version: 1.0.0
[Physics::Module] Threading Mode: Multi-Threaded
Microsoft Media Foundation video decoding to texture disabled: graphics device is Null, only Direct3D 11 and Direct3D 12 (only on desktop) are supported for hardware-accelerated video decoding.
UnloadTime: 0.448500 ms
This custom render path shader needs to have at least 1 passes.
Could not find material Hidden/VideoDecode. Make sure the Video shaders are included in your build, in the Built-in Shader Settings section of the Graphics Settings.
Could not find video decode shader pass YCbCr_To_RGB1 in shader <not found>
Could not find video decode shader pass YCbCrA_To_RGBAFull in shader <not found>
Could not find video decode shader pass YCbCrA_To_RGBA in shader <not found>
Could not find video decode shader pass Flip_RGBA_To_RGBA in shader <not found>
Could not find video decode shader pass Flip_RGBASplit_To_RGBA in shader <not found>
Could not find video decode shader pass Flip_NV12_To_RGB1 in shader <not found>
Could not find video decode shader pass Flip_NV12_To_RGBA in shader <not found>
This custom render path shader needs to have at least 1 passes.
Could not find material Hidden/VideoComposite. Make sure the Video shaders are included in your build, in the Built-in Shader Settings section of the Graphics Settings.
Could not find video decode shader pass Default in shader <not found>
Unloading 5 Unused Serialized files (Serialized files now loaded: 0)
UnloadTime: 3.480000 ms
Unloading 9 unused Assets to reduce memory usage. Loaded Objects now: 1488.
Total: 0.965500 ms (FindLiveObjects: 0.047300 ms CreateObjectMapping: 0.015900 ms MarkObjects: 0.879000 ms  DeleteObjects: 0.023100 ms)

Color primaries 0 is unknown or unsupported by WindowsMediaFoundation. Falling back to default may result in color shift. C:\Users\chenerxiao\Desktop\新文化大赛\JiangnanProject\Builds\Windows\JiangnanProject_Data\StreamingAssets\Media\intro.mp4
Video shaders not found. Make sure the Video shaders are enabled in the Built-in Shader Settings section of the Graphics Settings.
VideoPlayer error in yangzhou: VideoPlayer cannot play url : file:///C:/Users/chenerxiao/Desktop/%E6%96%B0%E6%96%87%E5%8C%96%E5%A4%A7%E8%B5%9B/JiangnanProject/Builds/Windows/JiangnanProject_Data/StreamingAssets/Media/yangzhou_01.mp4

Resource not available.
VideoPlayer error in yangzhou: VideoPlayer cannot play url : file:///C:/Users/chenerxiao/Desktop/%E6%96%B0%E6%96%87%E5%8C%96%E5%A4%A7%E8%B5%9B/JiangnanProject/Builds/Windows/JiangnanProject_Data/StreamingAssets/Media/yangzhou_01.mp4

Resource not available.
Video preparation timed out: yangzhou_01.mp4
VideoPlayer error in yangzhou: VideoPlayer cannot play url : file:///C:/Users/chenerxiao/Desktop/%E6%96%B0%E6%96%87%E5%8C%96%E5%A4%A7%E8%B5%9B/JiangnanProject/Builds/Windows/JiangnanProject_Data/StreamingAssets/Media/yangzhou_01.mp4

Resource not available.
Unloading 6 Unused Serialized files (Serialized files now loaded: 0)
UnloadTime: 1.366000 ms
Unloading 3 unused Assets to reduce memory usage. Loaded Objects now: 1488.
Total: 0.528000 ms (FindLiveObjects: 0.039000 ms CreateObjectMapping: 0.012500 ms MarkObjects: 0.469900 ms  DeleteObjects: 0.006200 ms)

Unloading 5 Unused Serialized files (Serialized files now loaded: 0)
UnloadTime: 0.451400 ms
Unloading 3 unused Assets to reduce memory usage. Loaded Objects now: 1488.
Total: 1.071300 ms (FindLiveObjects: 0.044900 ms CreateObjectMapping: 0.015000 ms MarkObjects: 0.996000 ms  DeleteObjects: 0.015200 ms)

Unloading 5 Unused Serialized files (Serialized files now loaded: 0)
UnloadTime: 0.376900 ms
Unloading 3 unused Assets to reduce memory usage. Loaded Objects now: 1488.
Total: 0.896900 ms (FindLiveObjects: 0.045800 ms CreateObjectMapping: 0.015400 ms MarkObjects: 0.821000 ms  DeleteObjects: 0.014200 ms)

Unloading 5 Unused Serialized files (Serialized files now loaded: 0)
Unexpected timestamp values detected. This can occur in H.264 videos not encoded with the baseline profile. Timestamps will be skewed to correct the playback for C:\Users\chenerxiao\Desktop\新文化大赛\JiangnanProject\Builds\Windows\JiangnanProject_Data\StreamingAssets\Media\huaian_01.mp4
UnloadTime: 0.503200 ms
Unloading 3 unused Assets to reduce memory usage. Loaded Objects now: 1489.
Total: 0.745900 ms (FindLiveObjects: 0.056700 ms CreateObjectMapping: 0.025200 ms MarkObjects: 0.655200 ms  DeleteObjects: 0.008600 ms)

JIANGNAN_RUNTIME_SMOKE_FAIL
[Physics::Module] Cleanup current backend.
[Physics::Module] Id: 0xf2b8ea05
Input System module state changed to: ShutdownInProgress.
Input System polling thread exited.
Input System module state changed to: Shutdown.
