Mono path[0] = 'C:/Users/chenerxiao/Desktop/新文化大赛/JiangnanProject/Builds/Windows/JiangnanProject_Data/Managed'
Mono config path = 'C:/Users/chenerxiao/Desktop/新文化大赛/JiangnanProject/Builds/Windows/MonoBleedingEdge/etc'
Input System module state changed to: Initialized.
[Physics::Module] Initialized fallback backend.
[Physics::Module] Id: 0xdecafbad
Initialize engine version: 6000.3.22f1 (1c726e1fb402)
[Subsystems] Discovering subsystems at path C:/Users/chenerxiao/Desktop/新文化大赛/JiangnanProject/Builds/Windows/JiangnanProject_Data/UnitySubsystems
Forcing GfxDevice: Null
GfxDevice: creating device client; kGfxThreadingModeNonThreaded
NullGfxDevice:
    Version:  NULL 1.0 [1.0]
    Renderer: Null Device
    Vendor:   Unity Technologies
Begin MonoManager ReloadAssembly
- Loaded All Assemblies, in  0.149 seconds
- Finished resetting the current domain, in  0.002 seconds
[Physics::Module] Selected backend.
[Physics::Module] Name: PhysX
[Physics::Module] Id: 0xf2b8ea05
[Physics::Module] SDK Version: 4.1.2
[Physics::Module] Integration Version: 1.0.0
[Physics::Module] Threading Mode: Multi-Threaded
Microsoft Media Foundation video decoding to texture disabled: graphics device is Null, only Direct3D 11 and Direct3D 12 (only on desktop) are supported for hardware-accelerated video decoding.
UnloadTime: 0.410000 ms
This custom render path shader needs to have at least 1 passes.
Could not find material Hidden/VideoDecode. Make sure the Video shaders are included in your build, in the Built-in Shader Settings section of the Graphics Settings.
Could not find video decode shader pass YCbCr_To_RGB1 in shader <not found>
Could not find video decode shader pass YCbCrA_To_RGBAFull in shader <not found>
Could not find video decode shader pass YCbCrA_To_RGBA in shader <not found>
Could not find video decode shader pass Flip_RGBA_To_RGBA in shader <not found>
Could not find video decode shader pass Flip_RGBASplit_To_RGBA in shader <not found>
Could not find video decode shader pass Flip_NV12_To_RGB1 in shader <not found>
Could not find video decode shader pass Flip_NV12_To_RGBA in shader <not found>
This custom render path shader needs to have at least 1 passes.
Could not find material Hidden/VideoComposite. Make sure the Video shaders are included in your build, in the Built-in Shader Settings section of the Graphics Settings.
Could not find video decode shader pass Default in shader <not found>
UnauthorizedAccessException: Access to the path 'C:\Users\chenerxiao\AppData\LocalLow\DefaultCompany\JiangnanProject\JiangnanMedia' is denied.
  at System.IO.FileSystem.CreateDirectory (System.String fullPath) [0x00145] in <41d29b352f6a475ab1bf7c6628b82790>:0 
  at System.IO.Directory.CreateDirectory (System.String path) [0x0002c] in <41d29b352f6a475ab1bf7c6628b82790>:0 
  at MediaPathResolver.GetUrl (System.String mediaFile) [0x00037] in <db7fbb09264642db84c5d05fd0d75033>:0 
  at GlobalSceneBootstrap.OnSceneLoaded (UnityEngine.SceneManagement.Scene scene, UnityEngine.SceneManagement.LoadSceneMode mode) [0x000b4] in <db7fbb09264642db84c5d05fd0d75033>:0 
  at (wrapper delegate-invoke) UnityEngine.Events.UnityAction`2[UnityEngine.SceneManagement.Scene,UnityEngine.SceneManagement.LoadSceneMode].invoke_void_T0_T1(UnityEngine.SceneManagement.Scene,UnityEngine.SceneManagement.LoadSceneMode)
  at UnityEngine.SceneManagement.SceneManager.Internal_SceneLoaded (UnityEngine.SceneManagement.Scene scene, UnityEngine.SceneManagement.LoadSceneMode mode) [0x0000e] in <9f832746291544caad05ac0bf88db8ec>:0 

Unloading 5 Unused Serialized files (Serialized files now loaded: 0)
UnloadTime: 3.946300 ms
UnauthorizedAccessException: Access to the path 'C:\Users\chenerxiao\AppData\LocalLow\DefaultCompany\JiangnanProject\JiangnanMedia' is denied.
  at System.IO.FileSystem.CreateDirectory (System.String fullPath) [0x00145] in <41d29b352f6a475ab1bf7c6628b82790>:0 
  at System.IO.Directory.CreateDirectory (System.String path) [0x0002c] in <41d29b352f6a475ab1bf7c6628b82790>:0 
  at MediaPathResolver.GetUrl (System.String mediaFile) [0x00037] in <db7fbb09264642db84c5d05fd0d75033>:0 
  at VideoQuizManager.ConfigureMedia (VideoSegmentData segment) [0x00012] in <db7fbb09264642db84c5d05fd0d75033>:0 
  at VideoQuizManager.PrepareInitialFrame () [0x0001b] in <db7fbb09264642db84c5d05fd0d75033>:0 
  at VideoQuizManager.Awake () [0x0026b] in <db7fbb09264642db84c5d05fd0d75033>:0 

Unloading 9 unused Assets to reduce memory usage. Loaded Objects now: 1488.
Total: 1.179900 ms (FindLiveObjects: 0.050600 ms CreateObjectMapping: 0.015900 ms MarkObjects: 1.088600 ms  DeleteObjects: 0.024500 ms)

UnauthorizedAccessException: Access to the path 'C:\Users\chenerxiao\AppData\LocalLow\DefaultCompany\JiangnanProject\JiangnanMedia' is denied.
  at System.IO.FileSystem.CreateDirectory (System.String fullPath) [0x00145] in <41d29b352f6a475ab1bf7c6628b82790>:0 
  at System.IO.Directory.CreateDirectory (System.String path) [0x0002c] in <41d29b352f6a475ab1bf7c6628b82790>:0 
  at MediaPathResolver.GetUrl (System.String mediaFile) [0x00037] in <db7fbb09264642db84c5d05fd0d75033>:0 
  at VideoQuizManager.ConfigureMedia (VideoSegmentData segment) [0x00012] in <db7fbb09264642db84c5d05fd0d75033>:0 
  at VideoQuizManager+<BeginSegment>d__32.MoveNext () [0x000e7] in <db7fbb09264642db84c5d05fd0d75033>:0 
  at UnityEngine.SetupCoroutine.InvokeMoveNext (System.Collections.IEnumerator enumerator, System.IntPtr returnValueAddress) [0x00026] in <9f832746291544caad05ac0bf88db8ec>:0 

Unloading 6 Unused Serialized files (Serialized files now loaded: 0)
UnloadTime: 1.405100 ms
UnauthorizedAccessException: Access to the path 'C:\Users\chenerxiao\AppData\LocalLow\DefaultCompany\JiangnanProject\JiangnanMedia' is denied.
  at System.IO.FileSystem.CreateDirectory (System.String fullPath) [0x00145] in <41d29b352f6a475ab1bf7c6628b82790>:0 
  at System.IO.Directory.CreateDirectory (System.String path) [0x0002c] in <41d29b352f6a475ab1bf7c6628b82790>:0 
  at MediaPathResolver.GetUrl (System.String mediaFile) [0x00037] in <db7fbb09264642db84c5d05fd0d75033>:0 
  at VideoQuizManager.ConfigureMedia (VideoSegmentData segment) [0x00012] in <db7fbb09264642db84c5d05fd0d75033>:0 
  at VideoQuizManager.PrepareInitialFrame () [0x0001b] in <db7fbb09264642db84c5d05fd0d75033>:0 
  at VideoQuizManager.Awake () [0x0026b] in <db7fbb09264642db84c5d05fd0d75033>:0 

Unloading 3 unused Assets to reduce memory usage. Loaded Objects now: 1488.
Total: 0.692200 ms (FindLiveObjects: 0.043500 ms CreateObjectMapping: 0.014300 ms MarkObjects: 0.627200 ms  DeleteObjects: 0.006900 ms)

Unloading 5 Unused Serialized files (Serialized files now loaded: 0)
UnloadTime: 0.360300 ms
UnauthorizedAccessException: Access to the path 'C:\Users\chenerxiao\AppData\LocalLow\DefaultCompany\JiangnanProject\JiangnanMedia' is denied.
  at System.IO.FileSystem.CreateDirectory (System.String fullPath) [0x00145] in <41d29b352f6a475ab1bf7c6628b82790>:0 
  at System.IO.Directory.CreateDirectory (System.String path) [0x0002c] in <41d29b352f6a475ab1bf7c6628b82790>:0 
  at MediaPathResolver.GetUrl (System.String mediaFile) [0x00037] in <db7fbb09264642db84c5d05fd0d75033>:0 
  at VideoQuizManager.ConfigureMedia (VideoSegmentData segment) [0x00012] in <db7fbb09264642db84c5d05fd0d75033>:0 
  at VideoQuizManager.PrepareInitialFrame () [0x0001b] in <db7fbb09264642db84c5d05fd0d75033>:0 
  at VideoQuizManager.Awake () [0x0026b] in <db7fbb09264642db84c5d05fd0d75033>:0 

Unloading 3 unused Assets to reduce memory usage. Loaded Objects now: 1488.
Total: 0.486300 ms (FindLiveObjects: 0.039100 ms CreateObjectMapping: 0.012300 ms MarkObjects: 0.428600 ms  DeleteObjects: 0.006100 ms)

Unloading 5 Unused Serialized files (Serialized files now loaded: 0)
UnloadTime: 0.301700 ms
UnauthorizedAccessException: Access to the path 'C:\Users\chenerxiao\AppData\LocalLow\DefaultCompany\JiangnanProject\JiangnanMedia' is denied.
  at System.IO.FileSystem.CreateDirectory (System.String fullPath) [0x00145] in <41d29b352f6a475ab1bf7c6628b82790>:0 
  at System.IO.Directory.CreateDirectory (System.String path) [0x0002c] in <41d29b352f6a475ab1bf7c6628b82790>:0 
  at MediaPathResolver.GetUrl (System.String mediaFile) [0x00037] in <db7fbb09264642db84c5d05fd0d75033>:0 
  at VideoQuizManager.ConfigureMedia (VideoSegmentData segment) [0x00012] in <db7fbb09264642db84c5d05fd0d75033>:0 
  at VideoQuizManager.PrepareInitialFrame () [0x0001b] in <db7fbb09264642db84c5d05fd0d75033>:0 
  at VideoQuizManager.Awake () [0x0026b] in <db7fbb09264642db84c5d05fd0d75033>:0 

Unloading 3 unused Assets to reduce memory usage. Loaded Objects now: 1488.
Total: 0.754300 ms (FindLiveObjects: 0.041200 ms CreateObjectMapping: 0.013500 ms MarkObjects: 0.693300 ms  DeleteObjects: 0.006100 ms)

Unloading 5 Unused Serialized files (Serialized files now loaded: 0)
UnloadTime: 0.263800 ms
UnauthorizedAccessException: Access to the path 'C:\Users\chenerxiao\AppData\LocalLow\DefaultCompany\JiangnanProject\JiangnanMedia' is denied.
  at System.IO.FileSystem.CreateDirectory (System.String fullPath) [0x00145] in <41d29b352f6a475ab1bf7c6628b82790>:0 
  at System.IO.Directory.CreateDirectory (System.String path) [0x0002c] in <41d29b352f6a475ab1bf7c6628b82790>:0 
  at MediaPathResolver.GetUrl (System.String mediaFile) [0x00037] in <db7fbb09264642db84c5d05fd0d75033>:0 
  at VideoQuizManager.ConfigureMedia (VideoSegmentData segment) [0x00012] in <db7fbb09264642db84c5d05fd0d75033>:0 
  at VideoQuizManager.PrepareInitialFrame () [0x0001b] in <db7fbb09264642db84c5d05fd0d75033>:0 
  at VideoQuizManager.Awake () [0x0026b] in <db7fbb09264642db84c5d05fd0d75033>:0 

Unloading 3 unused Assets to reduce memory usage. Loaded Objects now: 1489.
Total: 0.808800 ms (FindLiveObjects: 0.042600 ms CreateObjectMapping: 0.012100 ms MarkObjects: 0.748200 ms  DeleteObjects: 0.005500 ms)

JIANGNAN_RUNTIME_SMOKE_FAIL
[Physics::Module] Cleanup current backend.
[Physics::Module] Id: 0xf2b8ea05
Input System module state changed to: ShutdownInProgress.
Input System polling thread exited.
Input System module state changed to: Shutdown.
