Mono path[0] = 'C:/Users/chenerxiao/Desktop/新文化大赛/JiangnanProject/Builds/Windows/JiangnanProject_Data/Managed'
Mono config path = 'C:/Users/chenerxiao/Desktop/新文化大赛/JiangnanProject/Builds/Windows/MonoBleedingEdge/etc'
Input System module state changed to: Initialized.
[Physics::Module] Initialized fallback backend.
[Physics::Module] Id: 0xdecafbad
Initialize engine version: 6000.3.22f1 (1c726e1fb402)
[Subsystems] Discovering subsystems at path C:/Users/chenerxiao/Desktop/新文化大赛/JiangnanProject/Builds/Windows/JiangnanProject_Data/UnitySubsystems
GfxDevice: creating device client; kGfxThreadingModeNonThreaded
Direct3D:
    Version:  Direct3D 11.0 [level 11.1]
    Renderer: NVIDIA GeForce RTX 5060 Laptop GPU (ID=0x2d59)
    Vendor:   NVIDIA
    VRAM:     7810 MB
    Driver:   32.0.15.7324
Begin MonoManager ReloadAssembly
- Loaded All Assemblies, in  0.168 seconds
- Finished resetting the current domain, in  0.001 seconds
[Physics::Module] Selected backend.
[Physics::Module] Name: PhysX
[Physics::Module] Id: 0xf2b8ea05
[Physics::Module] SDK Version: 4.1.2
[Physics::Module] Integration Version: 1.0.0
[Physics::Module] Threading Mode: Multi-Threaded
UnloadTime: 0.479600 ms
Unloading 5 Unused Serialized files (Serialized files now loaded: 0)
UnloadTime: 3.646300 ms
Unloading 9 unused Assets to reduce memory usage. Loaded Objects now: 1493.
Total: 1.186400 ms (FindLiveObjects: 0.052400 ms CreateObjectMapping: 0.017600 ms MarkObjects: 1.052900 ms  DeleteObjects: 0.062900 ms)

Color primaries 0 is unknown or unsupported by WindowsMediaFoundation. Falling back to default may result in color shift. C:\Users\CHENER~1\AppData\Local\Temp\JiangnanProjectMedia\intro.mp4
Playing city segment: yangzhou_01.mp4
Unloading 6 Unused Serialized files (Serialized files now loaded: 0)
UnloadTime: 1.428700 ms
Unloading 3 unused Assets to reduce memory usage. Loaded Objects now: 1494.
Total: 1.153100 ms (FindLiveObjects: 0.052100 ms CreateObjectMapping: 0.068700 ms MarkObjects: 1.010300 ms  DeleteObjects: 0.021500 ms)

Unloading 5 Unused Serialized files (Serialized files now loaded: 0)
UnloadTime: 0.697200 ms
Unexpected timestamp values detected. This can occur in H.264 videos not encoded with the baseline profile. Timestamps will be skewed to correct the playback for C:\Users\CHENER~1\AppData\Local\Temp\JiangnanProjectMedia\huaian_01.mp4
Unloading 3 unused Assets to reduce memory usage. Loaded Objects now: 1493.
Total: 1.364200 ms (FindLiveObjects: 0.074100 ms CreateObjectMapping: 0.036300 ms MarkObjects: 1.243200 ms  DeleteObjects: 0.010300 ms)

Unloading 5 Unused Serialized files (Serialized files now loaded: 0)
UnloadTime: 0.698000 ms
Unloading 3 unused Assets to reduce memory usage. Loaded Objects now: 1493.
Total: 0.872300 ms (FindLiveObjects: 0.061900 ms CreateObjectMapping: 0.018400 ms MarkObjects: 0.783400 ms  DeleteObjects: 0.008400 ms)

Unloading 5 Unused Serialized files (Serialized files now loaded: 0)
UnloadTime: 0.676500 ms
Unloading 3 unused Assets to reduce memory usage. Loaded Objects now: 1494.
Total: 0.772500 ms (FindLiveObjects: 0.075600 ms CreateObjectMapping: 0.022800 ms MarkObjects: 0.667400 ms  DeleteObjects: 0.006500 ms)

JIANGNAN_RUNTIME_SMOKE_PASS
[Physics::Module] Cleanup current backend.
[Physics::Module] Id: 0xf2b8ea05
Input System module state changed to: ShutdownInProgress.
Input System polling thread exited.
Input System module state changed to: Shutdown.
