[Licensing::Module] Trying to connect to existing licensing client channel...
Built from '6000.3/staging' branch; Version is '6000.3.22f1 (1c726e1fb402) revision 1864302'; Using compiler version '194234433'; Build Type 'Release'
[Licensing::IpcConnector] Channel LicenseClient-chenerxiao doesn't exist
OS: 'Windows 11  (10.0.26100) CoreCountrySpecific' Language: 'zh' Physical Memory: 32189 MB
BatchMode: 1, IsHumanControllingUs: 0, StartBugReporterOnCrash: 0, Is64bit: 1
System  architecture: x64
Process architecture: x64
Date: 2026-09-01T02:14:08Z
[Licensing::Module] Successfully launched the LicensingClient (PId: 28020)
[Licensing::IpcConnector] Successfully connected to: "LicenseClient-chenerxiao" at "2026-09-01T02:14:08.8969959Z"

COMMAND LINE ARGUMENTS:
F:\Unity\Editors\6000.3.22f1\Editor\Unity.exe
-batchmode
-nographics
-quit
-projectPath
C:\Users\chenerxiao\Desktop\新文化大赛\JiangnanProject
-logFile
C:\Users\chenerxiao\Desktop\新文化大赛\JiangnanProject\QA\unity-compile-smoke.log
Successfully changed project path to: C:\Users\chenerxiao\Desktop\新文化大赛\JiangnanProject
C:/Users/chenerxiao/Desktop/新文化大赛/JiangnanProject
[UnityMemory] Configuration Parameters - Can be set up in boot.config
    "memorysetup-temp-allocator-size-nav-mesh-worker=65536"
    "memorysetup-temp-allocator-size-audio-worker=65536"
    "memorysetup-temp-allocator-size-gfx=262144"
    "memorysetup-allocator-temp-initial-block-size-main=262144"
    "memorysetup-allocator-temp-initial-block-size-worker=262144"
    "memorysetup-temp-allocator-size-background-worker=32768"
    "memorysetup-temp-allocator-size-job-worker=262144"
    "memorysetup-temp-allocator-size-preload-manager=33554432"
    "memorysetup-temp-allocator-size-gi-baking-worker=262144"
    "memorysetup-temp-allocator-size-gi-baking-worker=262144"
    "memorysetup-temp-allocator-size-gi-baking-worker=262144"
    "memorysetup-temp-allocator-size-gi-baking-worker=262144"
    "memorysetup-temp-allocator-size-gi-baking-worker=262144"
    "memorysetup-bucket-allocator-granularity=16"
    "memorysetup-bucket-allocator-bucket-count=8"
    "memorysetup-bucket-allocator-block-size=33554432"
    "memorysetup-bucket-allocator-block-count=8"
    "memorysetup-main-allocator-block-size=16777216"
    "memorysetup-thread-allocator-block-size=16777216"
    "memorysetup-gfx-main-allocator-block-size=16777216"
    "memorysetup-gfx-thread-allocator-block-size=16777216"
    "memorysetup-cache-allocator-block-size=4194304"
    "memorysetup-typetree-allocator-block-size=2097152"
    "memorysetup-profiler-bucket-allocator-granularity=16"
    "memorysetup-profiler-bucket-allocator-bucket-count=8"
    "memorysetup-profiler-bucket-allocator-block-size=33554432"
    "memorysetup-profiler-bucket-allocator-block-count=8"
    "memorysetup-profiler-allocator-block-size=16777216"
    "memorysetup-profiler-editor-allocator-block-size=1048576"
    "memorysetup-temp-allocator-size-main=16777216"
    "memorysetup-job-temp-allocator-block-size=2097152"
    "memorysetup-job-temp-allocator-block-size-background=1048576"
    "memorysetup-job-temp-allocator-reduction-small-platforms=262144"
    "memorysetup-temp-allocator-size-cloud-worker=32768"
Player connection [22256]  Target information:

Player connection [22256]  * "[IP] 26.6.80.240 [Port] 55504 [Flags] 2 [Guid] 3248469376 [EditorId] 3248469376 [Version] 1048832 [Id] WindowsEditor(7,LAPTOP-0KNAHACI) [Debug] 1 [PackageName] WindowsEditor [ProjectName] Editor" 

Player connection [22256]  * "[IP] 192.168.59.1 [Port] 55504 [Flags] 2 [Guid] 3248469376 [EditorId] 3248469376 [Version] 1048832 [Id] WindowsEditor(7,LAPTOP-0KNAHACI) [Debug] 1 [PackageName] WindowsEditor [ProjectName] Editor" 

Player connection [22256]  * "[IP] 192.168.133.1 [Port] 55504 [Flags] 2 [Guid] 3248469376 [EditorId] 3248469376 [Version] 1048832 [Id] WindowsEditor(7,LAPTOP-0KNAHACI) [Debug] 1 [PackageName] WindowsEditor [ProjectName] Editor" 

Player connection [22256]  * "[IP] 10.0.192.223 [Port] 55504 [Flags] 2 [Guid] 3248469376 [EditorId] 3248469376 [Version] 1048832 [Id] WindowsEditor(7,LAPTOP-0KNAHACI) [Debug] 1 [PackageName] WindowsEditor [ProjectName] Editor" 

Player connection [22256] Host joined multi-casting on [225.0.0.222:54997]...
Player connection [22256] Host joined alternative multi-casting on [225.0.0.222:34997]...
Input System module state changed to: Initialized.
[Physics::Module] Initialized fallback backend.
[Physics::Module] Id: 0xdecafbad
[Licensing::Client] Code 10 while verifying Licensing Client signature (process Id: 28020, path: "F:/Unity/Editors/6000.3.22f1/Editor/Data/Resources/Licensing/Client/Unity.Licensing.Client.exe")
[Licensing::Module] LicensingClient has failed validation; ignoring
[Package Manager] Connected to IPC stream "Upm-7244" after 0.5 seconds.
[Licensing::Module] Licensing is not yet initialized.
[Licensing::Client] Handshaking with LicensingClient:
  Version:                 1.18.1+9fbee8e
  Session Id:              9eeee093b33b42dcbf078ea13a00c465
  Correlation Id:          4bb4d389c0f3e5b95199d521badd08f3
  External correlation Id: 8873935081285948574
  Machine Id:              sc7fAOkRYI8rgsseMU1LTXiJNeg=
[Licensing::Module] Successfully connected to LicensingClient on channel: "LicenseClient-chenerxiao" (connect: 0.57s, validation: 0.84s, handshake: 0.16s)
[Licensing::IpcConnector] Successfully connected to: "LicenseClient-chenerxiao-notifications" at "2026-09-01T02:14:09.9044595Z"
[Licensing::Module] Connected to LicensingClient (PId: 28020, launch time: 0.02, total connection time: 1.57s)
[Licensing::Module] Error: Access token is unavailable; failed to update
[Licensing::Client] Successfully resolved entitlement details
[Licensing::Module] License group:
  Id: 2476034751777-UnityPersXXXX
  Product: Unity Personal
  Type: Assigned
  Expiration: Unlimited
[Licensing::Client] Successfully updated license, isAsync: True, time: 0.01
[Licensing::Client] Successfully resolved entitlement details
[Licensing::Module] Licensing Background thread has ended after 1.66s
[Licensing::Module] Licensing is initialized (took 0.37s).
[Licensing::Client] Successfully resolved entitlement details
Library Redirect Path: Library/
[Physics::Module] Selected backend.
[Physics::Module] Name: PhysX
[Physics::Module] Id: 0xf2b8ea05
[Physics::Module] SDK Version: 4.1.2
[Physics::Module] Integration Version: 1.0.0
[Physics::Module] Threading Mode: Multi-Threaded
Refreshing native plugins compatible for Editor in 0.85 ms, found 0 plugins.
Preloading 0 native plugins for Editor in 0.00 ms.
Initialize engine version: 6000.3.22f1 (1c726e1fb402)
[Subsystems] Discovering subsystems at path F:/Unity/Editors/6000.3.22f1/Editor/Data/Resources/UnitySubsystems
[Subsystems] Discovering subsystems at path C:/Users/chenerxiao/Desktop/新文化大赛/JiangnanProject/Assets
Forcing GfxDevice: Null
GfxDevice: creating device client; kGfxThreadingModeNonThreaded
NullGfxDevice:
    Version:  NULL 1.0 [1.0]
    Renderer: Null Device
    Vendor:   Unity Technologies
Initialize mono
Mono path[0] = 'F:/Unity/Editors/6000.3.22f1/Editor/Data/Managed'
Mono path[1] = 'F:/Unity/Editors/6000.3.22f1/Editor/Data/MonoBleedingEdge/lib/mono/unityjit-win32'
Mono config path = 'F:/Unity/Editors/6000.3.22f1/Editor/Data/MonoBleedingEdge/etc'
Using monoOptions --debugger-agent=transport=dt_socket,embedding=1,server=y,suspend=n,address=127.0.0.1:56244
Using cacheserver namespaces - metadata:defaultmetadata, artifacts:defaultartifacts
Using cacheserver namespaces - metadata:defaultmetadata, artifacts:defaultartifacts
ImportWorker Server TCP listen port: 0
AcceleratorClientConnectionCallback - disconnected - :0
Begin MonoManager ReloadAssembly
Registering precompiled unity dll's ...
Register platform support module: F:/Unity/Editors/6000.3.22f1/Editor/Data/PlaybackEngines/WebGLSupport/UnityEditor.WebGL.Extensions.dll
Register platform support module: F:/Unity/Editors/6000.3.22f1/Editor/Data/PlaybackEngines/WindowsStandaloneSupport/UnityEditor.WindowsStandalone.Extensions.dll
[Licensing::Client] Successfully resolved entitlement details
Register platform support module: F:/Unity/Editors/6000.3.22f1/Editor/Data/PlaybackEngines/AndroidPlayer/UnityEditor.Android.Extensions.dll
Registered in 0.017662 seconds.
- Loaded All Assemblies, in  0.484 seconds
Native extension for Android target not found
Native extension for WindowsStandalone target not found
Native extension for WebGL target not found
Package Manager log level set to [2]
ScheduleIndexationOnStartup MainProcess:False IndexOnStartup:False
Mono: successfully reloaded assembly
- Finished resetting the current domain, in  0.318 seconds
Domain Reload Profiling: 792ms
	BeginReloadAssembly (195ms)
		ExecutionOrderSort (0ms)
		DisableScriptedObjects (0ms)
		BackupInstance (0ms)
		ReleaseScriptingObjects (0ms)
		CreateAndSetChildDomain (4ms)
	RebuildCommonClasses (33ms)
	RebuildNativeTypeToScriptingClass (9ms)
	initialDomainReloadingComplete (75ms)
	LoadAllAssembliesAndSetupDomain (162ms)
		LoadAssemblies (182ms)
		RebuildTransferFunctionScriptingTraits (0ms)
		AnalyzeDomain (157ms)
			TypeCache.Refresh (155ms)
				TypeCache.ScanAssembly (141ms)
			BuildScriptInfoCaches (0ms)
			ResolveRequiredComponents (0ms)
	FinalizeReload (318ms)
		ReleaseScriptCaches (0ms)
		RebuildScriptCaches (0ms)
		SetupLoadedEditorAssemblies (292ms)
			LogAssemblyErrors (0ms)
			InitializePlatformSupportModulesInManaged (55ms)
			SetLoadedEditorAssemblies (3ms)
			BeforeProcessingInitializeOnLoad (61ms)
			ProcessInitializeOnLoadAttributes (105ms)
			ProcessInitializeOnLoadMethodAttributes (68ms)
			AfterProcessingInitializeOnLoad (0ms)
			EditorAssembliesLoaded (0ms)
		ExecutionOrderSort2 (0ms)
		AwakeInstancesAfterBackupRestoration (0ms)
[Licensing::Client] Successfully resolved entitlement details
Application.AssetDatabase Initial Refresh Start
[Package Manager] Restoring resolved packages state from cache
[Licensing::Client] Successfully resolved entitlement details
[Package Manager] Registered 47 packages:
  Packages from [https://packages.unity.com]:
    com.unity.collab-proxy@2.12.4 (location: C:\Users\chenerxiao\Desktop\新文化大赛\JiangnanProject\Library\PackageCache\com.unity.collab-proxy@0b1559bcd34e)
    com.unity.timeline@1.7.7 (location: C:\Users\chenerxiao\Desktop\新文化大赛\JiangnanProject\Library\PackageCache\com.unity.timeline@5dd5778a3906)
    com.unity.visualscripting@1.9.4 (location: C:\Users\chenerxiao\Desktop\新文化大赛\JiangnanProject\Library\PackageCache\com.unity.visualscripting@0920df93f957)
    com.unity.ide.visualstudio@2.0.26 (location: C:\Users\chenerxiao\Desktop\新文化大赛\JiangnanProject\Library\PackageCache\com.unity.ide.visualstudio@a99d56dec63f)
    com.unity.ide.rider@3.0.40 (location: C:\Users\chenerxiao\Desktop\新文化大赛\JiangnanProject\Library\PackageCache\com.unity.ide.rider@e4950c6d131b)
    com.unity.editorcoroutines@1.1.0 (location: C:\Users\chenerxiao\Desktop\新文化大赛\JiangnanProject\Library\PackageCache\com.unity.editorcoroutines@87a15ed012c2)
    com.unity.performance.profile-analyzer@1.4.0 (location: C:\Users\chenerxiao\Desktop\新文化大赛\JiangnanProject\Library\PackageCache\com.unity.performance.profile-analyzer@2bb26871883c)
    com.unity.testtools.codecoverage@1.3.0 (location: C:\Users\chenerxiao\Desktop\新文化大赛\JiangnanProject\Library\PackageCache\com.unity.testtools.codecoverage@19a841221620)
    com.unity.settings-manager@2.1.1 (location: C:\Users\chenerxiao\Desktop\新文化大赛\JiangnanProject\Library\PackageCache\com.unity.settings-manager@0b8638c5ce86)
  Built-in packages:
    com.unity.feature.development@1.0.2 (location: C:\Users\chenerxiao\Desktop\新文化大赛\JiangnanProject\Library\PackageCache\com.unity.feature.development@767aadbc6eb7)
    com.unity.textmeshpro@5.0.0 (location: C:\Users\chenerxiao\Desktop\新文化大赛\JiangnanProject\Library\PackageCache\com.unity.textmeshpro@53f43edfd2e0)
    com.unity.ugui@2.0.0 (location: C:\Users\chenerxiao\Desktop\新文化大赛\JiangnanProject\Library\PackageCache\com.unity.ugui@20629863fcab)
    com.unity.modules.ai@1.0.0 (location: C:\Users\chenerxiao\Desktop\新文化大赛\JiangnanProject\Library\PackageCache\com.unity.modules.ai)
    com.unity.modules.androidjni@1.0.0 (location: C:\Users\chenerxiao\Desktop\新文化大赛\JiangnanProject\Library\PackageCache\com.unity.modules.androidjni)
    com.unity.modules.animation@1.0.0 (location: C:\Users\chenerxiao\Desktop\新文化大赛\JiangnanProject\Library\PackageCache\com.unity.modules.animation)
    com.unity.modules.assetbundle@1.0.0 (location: C:\Users\chenerxiao\Desktop\新文化大赛\JiangnanProject\Library\PackageCache\com.unity.modules.assetbundle)
    com.unity.modules.audio@1.0.0 (location: C:\Users\chenerxiao\Desktop\新文化大赛\JiangnanProject\Library\PackageCache\com.unity.modules.audio)
    com.unity.modules.cloth@1.0.0 (location: C:\Users\chenerxiao\Desktop\新文化大赛\JiangnanProject\Library\PackageCache\com.unity.modules.cloth)
    com.unity.modules.director@1.0.0 (location: C:\Users\chenerxiao\Desktop\新文化大赛\JiangnanProject\Library\PackageCache\com.unity.modules.director)
    com.unity.modules.imageconversion@1.0.0 (location: C:\Users\chenerxiao\Desktop\新文化大赛\JiangnanProject\Library\PackageCache\com.unity.modules.imageconversion)
    com.unity.modules.imgui@1.0.0 (location: C:\Users\chenerxiao\Desktop\新文化大赛\JiangnanProject\Library\PackageCache\com.unity.modules.imgui)
    com.unity.modules.jsonserialize@1.0.0 (location: C:\Users\chenerxiao\Desktop\新文化大赛\JiangnanProject\Library\PackageCache\com.unity.modules.jsonserialize)
    com.unity.modules.particlesystem@1.0.0 (location: C:\Users\chenerxiao\Desktop\新文化大赛\JiangnanProject\Library\PackageCache\com.unity.modules.particlesystem)
    com.unity.modules.physics@1.0.0 (location: C:\Users\chenerxiao\Desktop\新文化大赛\JiangnanProject\Library\PackageCache\com.unity.modules.physics)
    com.unity.modules.physics2d@1.0.0 (location: C:\Users\chenerxiao\Desktop\新文化大赛\JiangnanProject\Library\PackageCache\com.unity.modules.physics2d)
    com.unity.modules.screencapture@1.0.0 (location: C:\Users\chenerxiao\Desktop\新文化大赛\JiangnanProject\Library\PackageCache\com.unity.modules.screencapture)
    com.unity.modules.terrain@1.0.0 (location: C:\Users\chenerxiao\Desktop\新文化大赛\JiangnanProject\Library\PackageCache\com.unity.modules.terrain)
    com.unity.modules.terrainphysics@1.0.0 (location: C:\Users\chenerxiao\Desktop\新文化大赛\JiangnanProject\Library\PackageCache\com.unity.modules.terrainphysics)
    com.unity.modules.tilemap@1.0.0 (location: C:\Users\chenerxiao\Desktop\新文化大赛\JiangnanProject\Library\PackageCache\com.unity.modules.tilemap)
    com.unity.modules.ui@1.0.0 (location: C:\Users\chenerxiao\Desktop\新文化大赛\JiangnanProject\Library\PackageCache\com.unity.modules.ui)
    com.unity.modules.uielements@1.0.0 (location: C:\Users\chenerxiao\Desktop\新文化大赛\JiangnanProject\Library\PackageCache\com.unity.modules.uielements)
    com.unity.modules.umbra@1.0.0 (location: C:\Users\chenerxiao\Desktop\新文化大赛\JiangnanProject\Library\PackageCache\com.unity.modules.umbra)
    com.unity.modules.unityanalytics@1.0.0 (location: C:\Users\chenerxiao\Desktop\新文化大赛\JiangnanProject\Library\PackageCache\com.unity.modules.unityanalytics)
    com.unity.modules.unitywebrequest@1.0.0 (location: C:\Users\chenerxiao\Desktop\新文化大赛\JiangnanProject\Library\PackageCache\com.unity.modules.unitywebrequest)
    com.unity.modules.unitywebrequestassetbundle@1.0.0 (location: C:\Users\chenerxiao\Desktop\新文化大赛\JiangnanProject\Library\PackageCache\com.unity.modules.unitywebrequestassetbundle)
    com.unity.modules.unitywebrequestaudio@1.0.0 (location: C:\Users\chenerxiao\Desktop\新文化大赛\JiangnanProject\Library\PackageCache\com.unity.modules.unitywebrequestaudio)
    com.unity.modules.unitywebrequesttexture@1.0.0 (location: C:\Users\chenerxiao\Desktop\新文化大赛\JiangnanProject\Library\PackageCache\com.unity.modules.unitywebrequesttexture)
    com.unity.modules.unitywebrequestwww@1.0.0 (location: C:\Users\chenerxiao\Desktop\新文化大赛\JiangnanProject\Library\PackageCache\com.unity.modules.unitywebrequestwww)
    com.unity.modules.vehicles@1.0.0 (location: C:\Users\chenerxiao\Desktop\新文化大赛\JiangnanProject\Library\PackageCache\com.unity.modules.vehicles)
    com.unity.modules.video@1.0.0 (location: C:\Users\chenerxiao\Desktop\新文化大赛\JiangnanProject\Library\PackageCache\com.unity.modules.video)
    com.unity.modules.vr@1.0.0 (location: C:\Users\chenerxiao\Desktop\新文化大赛\JiangnanProject\Library\PackageCache\com.unity.modules.vr)
    com.unity.modules.wind@1.0.0 (location: C:\Users\chenerxiao\Desktop\新文化大赛\JiangnanProject\Library\PackageCache\com.unity.modules.wind)
    com.unity.modules.xr@1.0.0 (location: C:\Users\chenerxiao\Desktop\新文化大赛\JiangnanProject\Library\PackageCache\com.unity.modules.xr)
    com.unity.modules.subsystems@1.0.0 (location: C:\Users\chenerxiao\Desktop\新文化大赛\JiangnanProject\Library\PackageCache\com.unity.modules.subsystems)
    com.unity.modules.hierarchycore@1.0.0 (location: C:\Users\chenerxiao\Desktop\新文化大赛\JiangnanProject\Library\PackageCache\com.unity.modules.hierarchycore)
    com.unity.test-framework@1.6.0 (location: C:\Users\chenerxiao\Desktop\新文化大赛\JiangnanProject\Library\PackageCache\com.unity.test-framework@bd7f943e9647)
    com.unity.ext.nunit@2.0.5 (location: C:\Users\chenerxiao\Desktop\新文化大赛\JiangnanProject\Library\PackageCache\com.unity.ext.nunit@d8c07649098d)
[Package Manager] com.unity.textmeshpro is deprecated: This package is no longer supported. TextMeshPro functionalities are now included in the com.unity.ugui package. To continue using them, consider adding it to your project dependencies.
[Subsystems] No new subsystems found in resolved package list.
[Package Manager] Done registering packages in 0.18 seconds
[ScriptCompilation] Requested script compilation because: Assetdatabase observed changes in script compilation related files
Starting: F:\Unity\Editors\6000.3.22f1\Editor\Data\Tools\BuildPipeline\bee_backend.exe --ipc --defer-dag-verification --dagfile="Library/Bee/1900b0aE.dag" --continue-on-failure --profile="Library/Bee/backend1.traceevents" ScriptAssemblies
WorkingDir: C:/Users/chenerxiao/Desktop/新文化大赛/JiangnanProject
DisplayProgressbar: Compiling Scripts
Starting: F:\Unity\Editors\6000.3.22f1\Editor\Data\netcorerun\netcorerun.exe "F:\Unity\Editors\6000.3.22f1\Editor\Data\Tools\BuildPipeline\ScriptCompilationBuildProgram.exe" "Library/Bee/1900b0aE.dag.json" "Library/Bee/1900b0aE-inputdata.json" "Library\Bee\buildprogram0.traceevents"
WorkingDir: C:/Users/chenerxiao/Desktop/新文化大赛/JiangnanProject
ExitCode: 4 Duration: 0s137ms
Rebuilding DAG because FileSignature timestamp changed: Library/Bee/1900b0aE-inputdata.json
*** Tundra requires additional run (0.08 seconds), 0 items updated, 156 evaluated
ExitCode: 0 Duration: 0s511ms
Starting: F:\Unity\Editors\6000.3.22f1\Editor\Data\Tools\BuildPipeline\bee_backend.exe --ipc --defer-dag-verification --dagfile="Library/Bee/1900b0aE.dag" --continue-on-failure --dagfilejson="Library\Bee\1900b0aE.dag.json" --profile="Library/Bee/backend2.traceevents" ScriptAssemblies
WorkingDir: C:/Users/chenerxiao/Desktop/新文化大赛/JiangnanProject
ExitCode: 0 Duration: 31s
Finished compiling graph: 427 nodes, 6289 flattened edges (5757 ToBuild, 62 ToUse), maximum node priority 303
[273/424    0s] WriteText Library/Bee/artifacts/1900b0aE.dag/Assembly-CSharp.rsp
[274/424    0s] WriteText Library/Bee/artifacts/1900b0aE.dag/Assembly-CSharp-Editor.rsp
[418/424    0s] Csc Library/Bee/artifacts/1900b0aE.dag/Assembly-CSharp.dll (+2 others)
[419/424    0s] CopyFiles Library/ScriptAssemblies/Assembly-CSharp.pdb
[420/424    0s] CopyFiles Library/ScriptAssemblies/Assembly-CSharp.dll
[421/424    0s] Csc Library/Bee/artifacts/1900b0aE.dag/Assembly-CSharp-Editor.dll (+2 others)
[422/424    0s] CopyFiles Library/ScriptAssemblies/Assembly-CSharp-Editor.pdb
[423/424   30s] CopyFiles Library/ScriptAssemblies/Assembly-CSharp-Editor.dll
*** Tundra build success (31.03 seconds), 8 items updated, 424 evaluated
AssetDatabase: script compilation time: 32.356238s
Begin MonoManager ReloadAssembly
- Loaded All Assemblies, in  1.014 seconds
Refreshing native plugins compatible for Editor in 7.29 ms, found 4 plugins.
Native extension for Android target not found
Native extension for WindowsStandalone target not found
Native extension for WebGL target not found
ScheduleIndexationOnStartup MainProcess:True IndexOnStartup:True
Mono: successfully reloaded assembly
- Finished resetting the current domain, in  0.681 seconds
Domain Reload Profiling: 1674ms
	BeginReloadAssembly (403ms)
		ExecutionOrderSort (0ms)
		DisableScriptedObjects (43ms)
		BackupInstance (0ms)
		ReleaseScriptingObjects (0ms)
		CreateAndSetChildDomain (154ms)
	RebuildCommonClasses (34ms)
	RebuildNativeTypeToScriptingClass (9ms)
	initialDomainReloadingComplete (43ms)
	LoadAllAssembliesAndSetupDomain (504ms)
		LoadAssemblies (515ms)
		RebuildTransferFunctionScriptingTraits (0ms)
		AnalyzeDomain (155ms)
			TypeCache.Refresh (122ms)
				TypeCache.ScanAssembly (111ms)
			BuildScriptInfoCaches (27ms)
			ResolveRequiredComponents (3ms)
	FinalizeReload (681ms)
		ReleaseScriptCaches (0ms)
		RebuildScriptCaches (0ms)
		SetupLoadedEditorAssemblies (576ms)
			LogAssemblyErrors (0ms)
			InitializePlatformSupportModulesInManaged (37ms)
			SetLoadedEditorAssemblies (3ms)
			BeforeProcessingInitializeOnLoad (119ms)
			ProcessInitializeOnLoadAttributes (355ms)
			ProcessInitializeOnLoadMethodAttributes (35ms)
			AfterProcessingInitializeOnLoad (25ms)
			EditorAssembliesLoaded (0ms)
		ExecutionOrderSort2 (0ms)
		AwakeInstancesAfterBackupRestoration (19ms)
Refreshing native plugins compatible for Editor in 5.35 ms, found 4 plugins.
Preloading 0 native plugins for Editor in 0.00 ms.
Asset Pipeline Refresh (id=2dc3ac9fd5467d94dbdd23f63d2c7403): Total: 34.838 seconds - Initiated by InitialRefreshV2(ForceSynchronousImport)
	Summary:
		Imports: total=0 (actual=0, local cache=0, cache server=0)
		Asset DB Process Time: managed=0 ms, native=1135 ms
		Asset DB Callback time: managed=83 ms, native=194 ms
		Scripting: domain reloads=1, domain reload time=1014 ms, compile time=32358 ms, other=51 ms
		Project Asset Count: scripts=710, non-scripts=743
		Asset File Changes: new=2, changed=2, moved=0, deleted=0
		Scan Filter Count: 0
	InvokeCustomDependenciesCallbacks: 0.001ms
	InvokePackagesCallback: 191.550ms
	ApplyChangesToAssetFolders: 0.964ms
	Scan: 203.765ms
	OnSourceAssetsModified: 0.607ms
	CategorizeAssetsWithTransientArtifact: 30.446ms
	ProcessAssetsWithTransientArtifactChanges: 39.033ms
	CategorizeAssets: 8.844ms
	ImportOutOfDateAssets: 699.790ms (-31658.747ms without children)
		CompileScripts: 32357.900ms
		ReloadNativeAssets: 0.000ms
		UnloadImportedAssets: 0.105ms
		EnsureUptoDateAssetsAreRegisteredWithGuidPM: 0.263ms
		InitializingProgressBar: 0.001ms
		PostProcessAllAssetNotificationsAddChangedAssets: 0.001ms
		OnDemandSchedulerStart: 0.268ms
	PostProcessAllAssets: 86.156ms
	Hotreload: 6.888ms
	GatherAllCurrentPrimaryArtifactRevisions: 0.002ms
	UnloadStreamsBegin: 1.272ms
	PersistCurrentRevisions: 0.044ms
	UnloadStreamsEnd: 0.002ms
	GenerateScriptTypeHashes: 0.966ms
	Untracked: 33568.245ms

Application.AssetDatabase Initial Refresh End
Scanning for USB devices : 2.031ms
Initializing Unity extensions:
[MODES] ModeService[none].Initialize
[MODES] ModeService[none].LoadModes
[MODES] Loading mode Default (0) for mode-current-id-JiangnanProject
Unloading 3 Unused Serialized files (Serialized files now loaded: 0)
Unloading 3681 unused Assets / (1.8 MB). Loaded Objects now: 4297.
Memory consumption went from 128.0 MB to 126.2 MB.
Total: 5.295400 ms (FindLiveObjects: 0.307500 ms CreateObjectMapping: 0.232900 ms MarkObjects: 3.664800 ms  DeleteObjects: 1.089200 ms)

Batchmode quit successfully invoked - shutting down!
Curl error 42: Callback aborted
Killing ADB server in 2.1336721 seconds.
[Physics::Module] Cleanup current backend.
[Physics::Module] Id: 0xf2b8ea05
Input System module state changed to: ShutdownInProgress.
Input System polling thread exited.
Input System module state changed to: Shutdown.
[Licensing::IpcConnector] LicenseClient-chenerxiao-notifications channel disconnected successfully.
[Licensing::IpcConnector] LicenseClient-chenerxiao channel disconnected successfully.
AcceleratorClientConnectionCallback - disconnected - :0
Cleanup mono
Exiting batchmode successfully now!
Exiting without the bug reporter. Application will terminate with return code 0